Archive member included to satisfy reference by file (symbol)

d:/at32ide/platform/tools/gcc-arm-none-eabi-10.3-2021.10/bin/../lib/gcc/arm-none-eabi/10.3.1/thumb/v7e-m/nofp\libgcc.a(_arm_mulsf3.o)
                              ./code/APP/protect.o (__aeabi_fmul)
d:/at32ide/platform/tools/gcc-arm-none-eabi-10.3-2021.10/bin/../lib/gcc/arm-none-eabi/10.3.1/thumb/v7e-m/nofp\libgcc.a(_arm_addsubdf3.o)
                              ./code/communication/DebugData.o (__aeabi_f2d)
d:/at32ide/platform/tools/gcc-arm-none-eabi-10.3-2021.10/bin/../lib/gcc/arm-none-eabi/10.3.1/thumb/v7e-m/nofp\libgcc.a(_arm_cmpdf2.o)
                              ./code/APP/protect.o (__aeabi_dcmplt)
d:/at32ide/platform/tools/gcc-arm-none-eabi-10.3-2021.10/bin/../lib/gcc/arm-none-eabi/10.3.1/thumb/v7e-m/nofp\libgcc.a(_arm_addsubsf3.o)
                              ./code/APP/protect.o (__aeabi_fsub)
d:/at32ide/platform/tools/gcc-arm-none-eabi-10.3-2021.10/bin/../lib/gcc/arm-none-eabi/10.3.1/thumb/v7e-m/nofp\libgcc.a(_arm_muldivsf3.o)
                              ./code/APP/protect.o (__aeabi_fdiv)
d:/at32ide/platform/tools/gcc-arm-none-eabi-10.3-2021.10/bin/../lib/gcc/arm-none-eabi/10.3.1/thumb/v7e-m/nofp\libgcc.a(_arm_cmpsf2.o)
                              ./code/APP/protect.o (__aeabi_fcmpge)
d:/at32ide/platform/tools/gcc-arm-none-eabi-10.3-2021.10/bin/../lib/gcc/arm-none-eabi/10.3.1/thumb/v7e-m/nofp\libgcc.a(_aeabi_uldivmod.o)
                              ./firmware/at32f423_crm.o (__aeabi_uldivmod)
d:/at32ide/platform/tools/gcc-arm-none-eabi-10.3-2021.10/bin/../lib/gcc/arm-none-eabi/10.3.1/thumb/v7e-m/nofp\libgcc.a(_udivmoddi4.o)
                              d:/at32ide/platform/tools/gcc-arm-none-eabi-10.3-2021.10/bin/../lib/gcc/arm-none-eabi/10.3.1/thumb/v7e-m/nofp\libgcc.a(_aeabi_uldivmod.o) (__udivmoddi4)
d:/at32ide/platform/tools/gcc-arm-none-eabi-10.3-2021.10/bin/../lib/gcc/arm-none-eabi/10.3.1/thumb/v7e-m/nofp\libgcc.a(_dvmd_tls.o)
                              d:/at32ide/platform/tools/gcc-arm-none-eabi-10.3-2021.10/bin/../lib/gcc/arm-none-eabi/10.3.1/thumb/v7e-m/nofp\libgcc.a(_aeabi_uldivmod.o) (__aeabi_ldiv0)
d:/at32ide/platform/tools/gcc-arm-none-eabi-10.3-2021.10/bin/../lib/gcc/arm-none-eabi/10.3.1/../../../../arm-none-eabi/lib/thumb/v7e-m/nofp\libg_nano.a(lib_a-exit.o)
                              d:/at32ide/platform/tools/gcc-arm-none-eabi-10.3-2021.10/bin/../lib/gcc/arm-none-eabi/10.3.1/../../../../arm-none-eabi/lib/thumb/v7e-m/nofp/crt0.o (exit)
d:/at32ide/platform/tools/gcc-arm-none-eabi-10.3-2021.10/bin/../lib/gcc/arm-none-eabi/10.3.1/../../../../arm-none-eabi/lib/thumb/v7e-m/nofp\libg_nano.a(lib_a-impure.o)
                              d:/at32ide/platform/tools/gcc-arm-none-eabi-10.3-2021.10/bin/../lib/gcc/arm-none-eabi/10.3.1/../../../../arm-none-eabi/lib/thumb/v7e-m/nofp\libg_nano.a(lib_a-exit.o) (_global_impure_ptr)
d:/at32ide/platform/tools/gcc-arm-none-eabi-10.3-2021.10/bin/../lib/gcc/arm-none-eabi/10.3.1/../../../../arm-none-eabi/lib/thumb/v7e-m/nofp\libg_nano.a(lib_a-init.o)
                              d:/at32ide/platform/tools/gcc-arm-none-eabi-10.3-2021.10/bin/../lib/gcc/arm-none-eabi/10.3.1/../../../../arm-none-eabi/lib/thumb/v7e-m/nofp/crt0.o (__libc_init_array)
d:/at32ide/platform/tools/gcc-arm-none-eabi-10.3-2021.10/bin/../lib/gcc/arm-none-eabi/10.3.1/../../../../arm-none-eabi/lib/thumb/v7e-m/nofp\libg_nano.a(lib_a-memcpy-stub.o)
                              ./code/communication/DebugData.o (memcpy)
d:/at32ide/platform/tools/gcc-arm-none-eabi-10.3-2021.10/bin/../lib/gcc/arm-none-eabi/10.3.1/../../../../arm-none-eabi/lib/thumb/v7e-m/nofp\libg_nano.a(lib_a-memset.o)
                              d:/at32ide/platform/tools/gcc-arm-none-eabi-10.3-2021.10/bin/../lib/gcc/arm-none-eabi/10.3.1/../../../../arm-none-eabi/lib/thumb/v7e-m/nofp/crt0.o (memset)
d:/at32ide/platform/tools/gcc-arm-none-eabi-10.3-2021.10/bin/../lib/gcc/arm-none-eabi/10.3.1/../../../../arm-none-eabi/lib/thumb/v7e-m/nofp\libg_nano.a(lib_a-sprintf.o)
                              ./code/communication/DebugData.o (sprintf)
d:/at32ide/platform/tools/gcc-arm-none-eabi-10.3-2021.10/bin/../lib/gcc/arm-none-eabi/10.3.1/../../../../arm-none-eabi/lib/thumb/v7e-m/nofp\libg_nano.a(lib_a-strlen.o)
                              ./code/communication/DebugData.o (strlen)
d:/at32ide/platform/tools/gcc-arm-none-eabi-10.3-2021.10/bin/../lib/gcc/arm-none-eabi/10.3.1/../../../../arm-none-eabi/lib/thumb/v7e-m/nofp\libg_nano.a(lib_a-strtok.o)
                              ./code/APP/version.o (strtok)
d:/at32ide/platform/tools/gcc-arm-none-eabi-10.3-2021.10/bin/../lib/gcc/arm-none-eabi/10.3.1/../../../../arm-none-eabi/lib/thumb/v7e-m/nofp\libg_nano.a(lib_a-strtok_r.o)
                              d:/at32ide/platform/tools/gcc-arm-none-eabi-10.3-2021.10/bin/../lib/gcc/arm-none-eabi/10.3.1/../../../../arm-none-eabi/lib/thumb/v7e-m/nofp\libg_nano.a(lib_a-strtok.o) (__strtok_r)
[...]
Memory Configuration

Name             Origin             Length             Attributes
FLASH            0x08000000         0x00040000         xr
RAM              0x20000000         0x0000c000         xrw
*default*        0x00000000         0xffffffff

Linker script and memory map

LOAD d:/at32ide/platform/tools/gcc-arm-none-eabi-10.3-2021.10/bin/../lib/gcc/arm-none-eabi/10.3.1/thumb/v7e-m/nofp/crti.o
LOAD d:/at32ide/platform/tools/gcc-arm-none-eabi-10.3-2021.10/bin/../lib/gcc/arm-none-eabi/10.3.1/thumb/v7e-m/nofp/crtbegin.o
LOAD d:/at32ide/platform/tools/gcc-arm-none-eabi-10.3-2021.10/bin/../lib/gcc/arm-none-eabi/10.3.1/../../../../arm-none-eabi/lib/thumb/v7e-m/nofp/crt0.o
LOAD ./firmware/at32f423_acc.o
LOAD ./firmware/at32f423_adc.o
LOAD ./firmware/at32f423_can.o
LOAD ./firmware/at32f423_crc.o
LOAD ./firmware/at32f423_crm.o
LOAD ./firmware/at32f423_dac.o
LOAD ./firmware/at32f423_debug.o
LOAD ./firmware/at32f423_dma.o
LOAD ./firmware/at32f423_ertc.o
LOAD ./firmware/at32f423_exint.o
LOAD ./firmware/at32f423_flash.o
LOAD ./firmware/at32f423_gpio.o
LOAD ./firmware/at32f423_i2c.o
LOAD ./firmware/at32f423_misc.o
LOAD ./firmware/at32f423_pwc.o
LOAD ./firmware/at32f423_scfg.o
LOAD ./firmware/at32f423_spi.o
LOAD ./firmware/at32f423_tmr.o
LOAD ./firmware/at32f423_usart.o
LOAD ./firmware/at32f423_usb.o
LOAD ./firmware/at32f423_wdt.o
LOAD ./firmware/at32f423_wwdt.o
LOAD ./firmware/at32f423_xmc.o
LOAD ./code/mcu_drive/adc.o
LOAD ./code/mcu_drive/at32f423_clock.o
LOAD ./code/mcu_drive/at32f423_int.o
LOAD ./code/mcu_drive/dac.o
LOAD ./code/mcu_drive/delay.o
LOAD ./code/mcu_drive/flash.o
LOAD ./code/mcu_drive/gpio.o
LOAD ./code/mcu_drive/tim.o
LOAD ./code/mcu_drive/usart.o
LOAD ./code/mcu_drive/wdt.o
LOAD ./code/communication/CircleBuffer.o
LOAD ./code/communication/ComPort.o
LOAD ./code/communication/ComTask.o
LOAD ./code/communication/Communication.o
LOAD ./code/communication/DebugData.o
LOAD ./code/APP/ConctrolLed.o
LOAD ./code/APP/Loop.o
LOAD ./code/APP/McuDriveInit.o
LOAD ./code/APP/Tasksch.o
LOAD ./code/APP/UserIdentifier.o
LOAD ./code/APP/main.o
LOAD ./code/APP/protect.o
LOAD ./code/APP/version.o
LOAD ./cmsis/startup_at32f423.o
LOAD ./cmsis/system_at32f423.o
LOAD d:/at32ide/platform/tools/gcc-arm-none-eabi-10.3-2021.10/bin/../lib/gcc/arm-none-eabi/10.3.1/../../../../arm-none-eabi/lib/thumb/v7e-m/nofp\libm.a
START GROUP
LOAD d:/at32ide/platform/tools/gcc-arm-none-eabi-10.3-2021.10/bin/../lib/gcc/arm-none-eabi/10.3.1/thumb/v7e-m/nofp\libgcc.a
LOAD d:/at32ide/platform/tools/gcc-arm-none-eabi-10.3-2021.10/bin/../lib/gcc/arm-none-eabi/10.3.1/../../../../arm-none-eabi/lib/thumb/v7e-m/nofp\libg_nano.a
LOAD d:/at32ide/platform/tools/gcc-arm-none-eabi-10.3-2021.10/bin/../lib/gcc/arm-none-eabi/10.3.1/../../../../arm-none-eabi/lib/thumb/v7e-m/nofp\libc_nano.a
END GROUP
START GROUP
LOAD d:/at32ide/platform/tools/gcc-arm-none-eabi-10.3-2021.10/bin/../lib/gcc/arm-none-eabi/10.3.1/thumb/v7e-m/nofp\libgcc.a
LOAD d:/at32ide/platform/tools/gcc-arm-none-eabi-10.3-2021.10/bin/../lib/gcc/arm-none-eabi/10.3.1/../../../../arm-none-eabi/lib/thumb/v7e-m/nofp\libc_nano.a
LOAD d:/at32ide/platform/tools/gcc-arm-none-eabi-10.3-2021.10/bin/../lib/gcc/arm-none-eabi/10.3.1/../../../../arm-none-eabi/lib/thumb/v7e-m/nofp\libnosys.a
END GROUP
START GROUP
LOAD d:/at32ide/platform/tools/gcc-arm-none-eabi-10.3-2021.10/bin/../lib/gcc/arm-none-eabi/10.3.1/thumb/v7e-m/nofp\libgcc.a
LOAD d:/at32ide/platform/tools/gcc-arm-none-eabi-10.3-2021.10/bin/../lib/gcc/arm-none-eabi/10.3.1/../../../../arm-none-eabi/lib/thumb/v7e-m/nofp\libc_nano.a
LOAD d:/at32ide/platform/tools/gcc-arm-none-eabi-10.3-2021.10/bin/../lib/gcc/arm-none-eabi/10.3.1/../../../../arm-none-eabi/lib/thumb/v7e-m/nofp\libnosys.a
END GROUP
LOAD d:/at32ide/platform/tools/gcc-arm-none-eabi-10.3-2021.10/bin/../lib/gcc/arm-none-eabi/10.3.1/thumb/v7e-m/nofp/crtend.o
LOAD d:/at32ide/platform/tools/gcc-arm-none-eabi-10.3-2021.10/bin/../lib/gcc/arm-none-eabi/10.3.1/thumb/v7e-m/nofp/crtn.o
                0x2000c000                _estack = 0x2000c000
                0x00000200                _Min_Heap_Size = 0x200
                0x00000400                _Min_Stack_Size = 0x400

.isr_vector     0x08000000      0x1e0
                0x08000000                . = ALIGN (0x4)
 *(.isr_vector)
 .isr_vector    0x08000000      0x1e0 ./cmsis/startup_at32f423.o
                0x08000000                g_pfnVectors
                0x080001e0                . = ALIGN (0x4)

.text           0x080001e0     0x571c
                0x080001e0                . = ALIGN (0x4)
 *(.text)
 .text          0x080001e0       0x40 d:/at32ide/platform/tools/gcc-arm-none-eabi-10.3-2021.10/bin/../lib/gcc/arm-none-eabi/10.3.1/thumb/v7e-m/nofp/crtbegin.o
 .text          0x08000220      0x378 d:/at32ide/platform/tools/gcc-arm-none-eabi-10.3-2021.10/bin/../lib/gcc/arm-none-eabi/10.3.1/thumb/v7e-m/nofp\libgcc.a(_arm_addsubdf3.o)
                0x08000220                __aeabi_drsub
                0x08000228                __aeabi_dsub
                0x08000228                __subdf3
                0x0800022c                __aeabi_dadd
                0x0800022c                __adddf3
                0x080004a4                __floatunsidf
                0x080004a4                __aeabi_ui2d
                0x080004c4                __floatsidf
                0x080004c4                __aeabi_i2d
                0x080004e8                __aeabi_f2d
                0x080004e8                __extendsfdf2
                0x0800052c                __floatundidf
                0x0800052c                __aeabi_ul2d
                0x0800053c                __floatdidf
                0x0800053c                __aeabi_l2d
 .text          0x08000598      0x110 d:/at32ide/platform/tools/gcc-arm-none-eabi-10.3-2021.10/bin/../lib/gcc/arm-none-eabi/10.3.1/thumb/v7e-m/nofp\libgcc.a(_arm_cmpdf2.o)
                0x08000598                __gtdf2
                0x08000598                __gedf2
                0x080005a0                __ltdf2
                0x080005a0                __ledf2
                0x080005a8                __nedf2
                0x080005a8                __eqdf2
                0x080005a8                __cmpdf2
                0x08000624                __aeabi_cdrcmple
                0x08000634                __aeabi_cdcmpeq
                0x08000634                __aeabi_cdcmple
                0x08000644                __aeabi_dcmpeq
                0x08000658                __aeabi_dcmplt
                0x0800066c                __aeabi_dcmple
                0x08000680                __aeabi_dcmpge
                0x08000694                __aeabi_dcmpgt
 .text          0x080006a8      0x21c d:/at32ide/platform/tools/gcc-arm-none-eabi-10.3-2021.10/bin/../lib/gcc/arm-none-eabi/10.3.1/thumb/v7e-m/nofp\libgcc.a(_arm_addsubsf3.o)
                0x080006a8                __aeabi_frsub
                0x080006b0                __subsf3
                0x080006b0                __aeabi_fsub
                0x080006b4                __aeabi_fadd
                0x080006b4                __addsf3
                0x08000814                __aeabi_ui2f
                0x08000814                __floatunsisf
                0x0800081c                __aeabi_i2f
                0x0800081c                __floatsisf
                0x08000838                __aeabi_ul2f
                0x08000838                __floatundisf
                0x08000848                __aeabi_l2f
                0x08000848                __floatdisf
 .text          0x080008c4      0x2a0 d:/at32ide/platform/tools/gcc-arm-none-eabi-10.3-2021.10/bin/../lib/gcc/arm-none-eabi/10.3.1/thumb/v7e-m/nofp\libgcc.a(_arm_muldivsf3.o)
                0x080008c4                __mulsf3
                0x080008c4                __aeabi_fmul
                0x08000a2c                __aeabi_fdiv
                0x08000a2c                __divsf3
 .text          0x08000b64       0xec d:/at32ide/platform/tools/gcc-arm-none-eabi-10.3-2021.10/bin/../lib/gcc/arm-none-eabi/10.3.1/thumb/v7e-m/nofp\libgcc.a(_arm_cmpsf2.o)
                0x08000b64                __gesf2
                0x08000b64                __gtsf2
                0x08000b6c                __lesf2
                0x08000b6c                __ltsf2
                0x08000b74                __nesf2
                0x08000b74                __eqsf2
                0x08000b74                __cmpsf2
                0x08000bd4                __aeabi_cfrcmple
                0x08000bdc                __aeabi_cfcmpeq
                0x08000bdc                __aeabi_cfcmple
                0x08000bec                __aeabi_fcmpeq
                0x08000c00                __aeabi_fcmplt
                0x08000c14                __aeabi_fcmple
                0x08000c28                __aeabi_fcmpge
                0x08000c3c                __aeabi_fcmpgt
 .text          0x08000c50       0x30 d:/at32ide/platform/tools/gcc-arm-none-eabi-10.3-2021.10/bin/../lib/gcc/arm-none-eabi/10.3.1/thumb/v7e-m/nofp\libgcc.a(_aeabi_uldivmod.o)
                0x08000c50                __aeabi_uldivmod
 .text          0x08000c80      0x2d0 d:/at32ide/platform/tools/gcc-arm-none-eabi-10.3-2021.10/bin/../lib/gcc/arm-none-eabi/10.3.1/thumb/v7e-m/nofp\libgcc.a(_udivmoddi4.o)
                0x08000c80                __udivmoddi4
 .text          0x08000f50        0x4 d:/at32ide/platform/tools/gcc-arm-none-eabi-10.3-2021.10/bin/../lib/gcc/arm-none-eabi/10.3.1/thumb/v7e-m/nofp\libgcc.a(_dvmd_tls.o)
                0x08000f50                __aeabi_idiv0
                0x08000f50                __aeabi_ldiv0
 .text          0x08000f54       0x10 d:/at32ide/platform/tools/gcc-arm-none-eabi-10.3-2021.10/bin/../lib/gcc/arm-none-eabi/10.3.1/../../../../arm-none-eabi/lib/thumb/v7e-m/nofp\libg_nano.a(lib_a-strlen.o)
                0x08000f54                strlen
 *fill*         0x08000f64        0xc 
 .text          0x08000f70       0xa0 d:/at32ide/platform/tools/gcc-arm-none-eabi-10.3-2021.10/bin/../lib/gcc/arm-none-eabi/10.3.1/../../../../arm-none-eabi/lib/thumb/v7e-m/nofp\libg_nano.a(lib_a-memchr.o)
                0x08000f70                memchr
 *(.text*)
 .text.adc_enable
                0x08001010       0x28 ./firmware/at32f423_adc.o
                0x08001010                adc_enable
 .text.adc_base_default_para_init
                0x08001038       0x2a ./firmware/at32f423_adc.o
                0x08001038                adc_base_default_para_init
 .text.adc_base_config
                0x08001062       0x70 ./firmware/at32f423_adc.o
                0x08001062                adc_base_config
 .text.adc_common_default_para_init
                0x080010d2       0x1e ./firmware/at32f423_adc.o
                0x080010d2                adc_common_default_para_init
 .text.adc_common_config
                0x080010f0       0x40 ./firmware/at32f423_adc.o
                0x080010f0                adc_common_config
 .text.adc_resolution_set
                0x08001130       0x28 ./firmware/at32f423_adc.o
                0x08001130                adc_resolution_set
 .text.adc_dma_mode_enable
                0x08001158       0x28 ./firmware/at32f423_adc.o
                0x08001158                adc_dma_mode_enable
 .text.adc_dma_request_repeat_enable
                0x08001180       0x28 ./firmware/at32f423_adc.o
                0x08001180                adc_dma_request_repeat_enable
 .text.adc_calibration_init
                0x080011a8       0x1c ./firmware/at32f423_adc.o
                0x080011a8                adc_calibration_init
 .text.adc_calibration_init_status_get
                0x080011c4       0x26 ./firmware/at32f423_adc.o
                0x080011c4                adc_calibration_init_status_get
 .text.adc_calibration_start
                0x080011ea       0x1c ./firmware/at32f423_adc.o
                0x080011ea                adc_calibration_start
 .text.adc_calibration_status_get
                0x08001206       0x26 ./firmware/at32f423_adc.o
                0x08001206                adc_calibration_status_get
 .text.adc_ordinary_channel_set
                0x0800122c      0x29e ./firmware/at32f423_adc.o
                0x0800122c                adc_ordinary_channel_set
 .text.adc_ordinary_conversion_trigger_set
                0x080014ca       0x3e ./firmware/at32f423_adc.o
                0x080014ca                adc_ordinary_conversion_trigger_set
 .text.adc_ordinary_software_trigger_enable
                0x08001508       0x28 ./firmware/at32f423_adc.o
                0x08001508                adc_ordinary_software_trigger_enable
 .text.adc_flag_get
                0x08001530       0x32 ./firmware/at32f423_adc.o
                0x08001530                adc_flag_get
 *fill*         0x08001562        0x2 
 .text.crm_reset
                0x08001564       0x98 ./firmware/at32f423_crm.o
                0x08001564                crm_reset
 .text.crm_flag_get
                0x080015fc       0x4e ./firmware/at32f423_crm.o
                0x080015fc                crm_flag_get
 .text.crm_periph_clock_enable
                0x0800164a       0x7a ./firmware/at32f423_crm.o
                0x0800164a                crm_periph_clock_enable
 .text.crm_clock_source_enable
                0x080016c4       0xa4 ./firmware/at32f423_crm.o
                0x080016c4                crm_clock_source_enable
 .text.crm_ahb_div_set
                0x08001768       0x34 ./firmware/at32f423_crm.o
                0x08001768                crm_ahb_div_set
 .text.crm_apb1_div_set
                0x0800179c       0x2c ./firmware/at32f423_crm.o
                0x0800179c                crm_apb1_div_set
 .text.crm_apb2_div_set
                0x080017c8       0x2c ./firmware/at32f423_crm.o
                0x080017c8                crm_apb2_div_set
 .text.crm_auto_step_mode_enable
                0x080017f4       0x3c ./firmware/at32f423_crm.o
                0x080017f4                crm_auto_step_mode_enable
 .text.crm_usart_clock_get
                0x08001830       0x5c ./firmware/at32f423_crm.o
                0x08001830                crm_usart_clock_get
 .text.crm_adc_clock_select
                0x0800188c       0x30 ./firmware/at32f423_crm.o
                0x0800188c                crm_adc_clock_select
 .text.crm_pll_config
                0x080018bc       0x88 ./firmware/at32f423_crm.o
                0x080018bc                crm_pll_config
 .text.crm_sysclk_switch
                0x08001944       0x34 ./firmware/at32f423_crm.o
                0x08001944                crm_sysclk_switch
 .text.crm_sysclk_switch_status_get
                0x08001978       0x1c ./firmware/at32f423_crm.o
                0x08001978                crm_sysclk_switch_status_get
 .text.crm_clocks_freq_get
                0x08001994      0x1e8 ./firmware/at32f423_crm.o
                0x08001994                crm_clocks_freq_get
 .text.dac_enable
                0x08001b7c       0x54 ./firmware/at32f423_dac.o
                0x08001b7c                dac_enable
 .text.dac_output_buffer_enable
                0x08001bd0       0x60 ./firmware/at32f423_dac.o
                0x08001bd0                dac_output_buffer_enable
 .text.dac_trigger_enable
                0x08001c30       0x54 ./firmware/at32f423_dac.o
                0x08001c30                dac_trigger_enable
 .text.dac_trigger_select
                0x08001c84       0x54 ./firmware/at32f423_dac.o
                0x08001c84                dac_trigger_select
 .text.dac_software_trigger_generate
                0x08001cd8       0x3c ./firmware/at32f423_dac.o
                0x08001cd8                dac_software_trigger_generate
 .text.dac_1_data_set
                0x08001d14       0x1c ./firmware/at32f423_dac.o
                0x08001d14                dac_1_data_set
 .text.dma_reset
                0x08001d30       0xac ./firmware/at32f423_dma.o
                0x08001d30                dma_reset
 .text.dma_data_number_set
                0x08001ddc       0x1c ./firmware/at32f423_dma.o
                0x08001ddc                dma_data_number_set
 .text.dma_interrupt_enable
                0x08001df8       0x3a ./firmware/at32f423_dma.o
                0x08001df8                dma_interrupt_enable
 .text.dma_channel_enable
                0x08001e32       0x28 ./firmware/at32f423_dma.o
                0x08001e32                dma_channel_enable
 *fill*         0x08001e5a        0x2 
 .text.dma_flag_get
                0x08001e5c       0x44 ./firmware/at32f423_dma.o
                0x08001e5c                dma_flag_get
 .text.dma_flag_clear
                0x08001ea0       0x34 ./firmware/at32f423_dma.o
                0x08001ea0                dma_flag_clear
 .text.dma_default_para_init
                0x08001ed4       0x4e ./firmware/at32f423_dma.o
                0x08001ed4                dma_default_para_init
 .text.dma_init
                0x08001f22       0xc6 ./firmware/at32f423_dma.o
                0x08001f22                dma_init
 .text.dmamux_enable
                0x08001fe8       0x2c ./firmware/at32f423_dma.o
                0x08001fe8                dmamux_enable
 .text.dmamux_init
                0x08002014       0x28 ./firmware/at32f423_dma.o
                0x08002014                dmamux_init
 .text.gpio_init
                0x0800203c       0xf2 ./firmware/at32f423_gpio.o
                0x0800203c                gpio_init
 .text.gpio_default_para_init
                0x0800212e       0x32 ./firmware/at32f423_gpio.o
                0x0800212e                gpio_default_para_init
 .text.gpio_bits_set
                0x08002160       0x1c ./firmware/at32f423_gpio.o
                0x08002160                gpio_bits_set
 .text.gpio_bits_reset
                0x0800217c       0x1c ./firmware/at32f423_gpio.o
                0x0800217c                gpio_bits_reset
 .text.gpio_pin_mux_config
                0x08002198       0x92 ./firmware/at32f423_gpio.o
                0x08002198                gpio_pin_mux_config
 *fill*         0x0800222a        0x2 
 .text.__NVIC_SetPriorityGrouping
                0x0800222c       0x48 ./firmware/at32f423_misc.o
 .text.__NVIC_GetPriorityGrouping
                0x08002274       0x1c ./firmware/at32f423_misc.o
 .text.__NVIC_EnableIRQ
                0x08002290       0x38 ./firmware/at32f423_misc.o
 .text.__NVIC_SetPriority
                0x080022c8       0x54 ./firmware/at32f423_misc.o
 .text.NVIC_EncodePriority
                0x0800231c       0x64 ./firmware/at32f423_misc.o
 .text.nvic_irq_enable
                0x08002380       0x42 ./firmware/at32f423_misc.o
                0x08002380                nvic_irq_enable
 .text.nvic_priority_group_config
                0x080023c2       0x1a ./firmware/at32f423_misc.o
                0x080023c2                nvic_priority_group_config
 .text.tmr_counter_enable
                0x080023dc       0x28 ./firmware/at32f423_tmr.o
                0x080023dc                tmr_counter_enable
 .text.tmr_base_init
                0x08002404       0x2c ./firmware/at32f423_tmr.o
                0x08002404                tmr_base_init
 .text.tmr_clock_source_div_set
                0x08002430       0x28 ./firmware/at32f423_tmr.o
                0x08002430                tmr_clock_source_div_set
 .text.tmr_cnt_dir_set
                0x08002458       0x28 ./firmware/at32f423_tmr.o
                0x08002458                tmr_cnt_dir_set
 .text.tmr_repetition_counter_set
                0x08002480       0x22 ./firmware/at32f423_tmr.o
                0x08002480                tmr_repetition_counter_set
 *fill*         0x080024a2        0x2 
 .text.tmr_output_channel_config
                0x080024a4      0x200 ./firmware/at32f423_tmr.o
                0x080024a4                tmr_output_channel_config
 .text.tmr_channel_value_set
                0x080026a4       0x68 ./firmware/at32f423_tmr.o
                0x080026a4                tmr_channel_value_set
 .text.tmr_period_buffer_enable
                0x0800270c       0x28 ./firmware/at32f423_tmr.o
                0x0800270c                tmr_period_buffer_enable
 .text.tmr_output_channel_buffer_enable
                0x08002734       0x98 ./firmware/at32f423_tmr.o
                0x08002734                tmr_output_channel_buffer_enable
 .text.tmr_output_channel_immediately_set
                0x080027cc       0x98 ./firmware/at32f423_tmr.o
                0x080027cc                tmr_output_channel_immediately_set
 .text.tmr_primary_mode_select
                0x08002864       0x28 ./firmware/at32f423_tmr.o
                0x08002864                tmr_primary_mode_select
 .text.tmr_interrupt_enable
                0x0800288c       0x40 ./firmware/at32f423_tmr.o
                0x0800288c                tmr_interrupt_enable
 .text.tmr_flag_get
                0x080028cc       0x30 ./firmware/at32f423_tmr.o
                0x080028cc                tmr_flag_get
 .text.tmr_flag_clear
                0x080028fc       0x1c ./firmware/at32f423_tmr.o
                0x080028fc                tmr_flag_clear
 .text.tmr_event_sw_trigger
                0x08002918       0x22 ./firmware/at32f423_tmr.o
                0x08002918                tmr_event_sw_trigger
 .text.tmr_output_enable
                0x0800293a       0x28 ./firmware/at32f423_tmr.o
                0x0800293a                tmr_output_enable
 .text.tmr_brkdt_config
                0x08002962       0x9a ./firmware/at32f423_tmr.o
                0x08002962                tmr_brkdt_config
 .text.usart_init
                0x080029fc      0x230 ./firmware/at32f423_usart.o
                0x080029fc                usart_init
 .text.usart_parity_selection_config
                0x08002c2c       0x68 ./firmware/at32f423_usart.o
                0x08002c2c                usart_parity_selection_config
 .text.usart_enable
                0x08002c94       0x28 ./firmware/at32f423_usart.o
                0x08002c94                usart_enable
 .text.usart_transmitter_enable
                0x08002cbc       0x28 ./firmware/at32f423_usart.o
                0x08002cbc                usart_transmitter_enable
 .text.usart_receiver_enable
                0x08002ce4       0x28 ./firmware/at32f423_usart.o
                0x08002ce4                usart_receiver_enable
 .text.usart_dma_transmitter_enable
                0x08002d0c       0x28 ./firmware/at32f423_usart.o
                0x08002d0c                usart_dma_transmitter_enable
 .text.usart_dma_receiver_enable
                0x08002d34       0x28 ./firmware/at32f423_usart.o
                0x08002d34                usart_dma_receiver_enable
 .text.usart_hardware_flow_control_set
                0x08002d5c       0x84 ./firmware/at32f423_usart.o
                0x08002d5c                usart_hardware_flow_control_set
 .text.wdt_counter_reload
                0x08002de0       0x18 ./firmware/at32f423_wdt.o
                0x08002de0                wdt_counter_reload
 .text.wdt_reload_value_set
                0x08002df8       0x20 ./firmware/at32f423_wdt.o
                0x08002df8                wdt_reload_value_set
 .text.wdt_divider_set
                0x08002e18       0x2c ./firmware/at32f423_wdt.o
                0x08002e18                wdt_divider_set
 .text.wdt_register_write_enable
                0x08002e44       0x30 ./firmware/at32f423_wdt.o
                0x08002e44                wdt_register_write_enable
 .text.ADC1_Init
                0x08002e74      0x1a4 ./code/mcu_drive/adc.o
                0x08002e74                ADC1_Init
 .text.system_clock_config
                0x08003018       0xb8 ./code/mcu_drive/at32f423_clock.o
                0x08003018                system_clock_config
 .text.NMI_Handler
                0x080030d0        0xc ./code/mcu_drive/at32f423_int.o
                0x080030d0                NMI_Handler
 .text.HardFault_Handler
                0x080030dc        0x6 ./code/mcu_drive/at32f423_int.o
                0x080030dc                HardFault_Handler
 .text.MemManage_Handler
                0x080030e2        0x6 ./code/mcu_drive/at32f423_int.o
                0x080030e2                MemManage_Handler
 .text.BusFault_Handler
                0x080030e8        0x6 ./code/mcu_drive/at32f423_int.o
                0x080030e8                BusFault_Handler
 .text.UsageFault_Handler
                0x080030ee        0x6 ./code/mcu_drive/at32f423_int.o
                0x080030ee                UsageFault_Handler
 .text.SVC_Handler
                0x080030f4        0xc ./code/mcu_drive/at32f423_int.o
                0x080030f4                SVC_Handler
 .text.SysTick_Handler
                0x08003100        0xc ./code/mcu_drive/at32f423_int.o
                0x08003100                SysTick_Handler
 .text.DebugMon_Handler
                0x0800310c        0xc ./code/mcu_drive/at32f423_int.o
                0x0800310c                DebugMon_Handler
 .text.PendSV_Handler
                0x08003118        0xc ./code/mcu_drive/at32f423_int.o
                0x08003118                PendSV_Handler
 .text.DMA1_Channel1_IRQHandler
                0x08003124       0x80 ./code/mcu_drive/at32f423_int.o
                0x08003124                DMA1_Channel1_IRQHandler
 .text.DMA1_Channel2_IRQHandler
                0x080031a4       0x30 ./code/mcu_drive/at32f423_int.o
                0x080031a4                DMA1_Channel2_IRQHandler
 .text.DMA1_Channel3_IRQHandler
                0x080031d4       0x1e ./code/mcu_drive/at32f423_int.o
                0x080031d4                DMA1_Channel3_IRQHandler
 *fill*         0x080031f2        0x2 
 .text.TMR14_GLOBAL_IRQHandler
                0x080031f4       0x4c ./code/mcu_drive/at32f423_int.o
                0x080031f4                TMR14_GLOBAL_IRQHandler
 .text.TMR6_DAC_GLOBAL_IRQHandler
                0x08003240       0x30 ./code/mcu_drive/at32f423_int.o
                0x08003240                TMR6_DAC_GLOBAL_IRQHandler
 .text.DAC_Init
                0x08003270       0x7c ./code/mcu_drive/dac.o
                0x08003270                DAC_Init
 .text.__delay_us
                0x080032ec       0x78 ./code/mcu_drive/delay.o
                0x080032ec                __delay_us
 .text.delay_s  0x08003364       0x32 ./code/mcu_drive/delay.o
                0x08003364                delay_s
 *fill*         0x08003396        0x2 
 .text.delay_ms
                0x08003398       0x58 ./code/mcu_drive/delay.o
                0x08003398                delay_ms
 .text.GPIO_Init
                0x080033f0       0xc8 ./code/mcu_drive/gpio.o
                0x080033f0                GPIO_Init
 .text.SystemTim_Configuration
                0x080034b8       0x58 ./code/mcu_drive/tim.o
                0x080034b8                SystemTim_Configuration
 .text.Get_us   0x08003510       0x28 ./code/mcu_drive/tim.o
                0x08003510                Get_us
 .text.MainLoopTime_Configuration
                0x08003538       0xe0 ./code/mcu_drive/tim.o
                0x08003538                MainLoopTime_Configuration
 .text.USART1_Config_Cbuf
                0x08003618       0xd8 ./code/mcu_drive/usart.o
                0x08003618                USART1_Config_Cbuf
 .text.USART1_dma_configuration
                0x080036f0      0x10c ./code/mcu_drive/usart.o
                0x080036f0                USART1_dma_configuration
 .text.DMA_USART1_SendMove
                0x080037fc       0xd8 ./code/mcu_drive/usart.o
                0x080037fc                DMA_USART1_SendMove
 .text.WDT_Init
                0x080038d4       0x20 ./code/mcu_drive/wdt.o
                0x080038d4                WDT_Init
 .text.CircleBuffer_Init
                0x080038f4       0x30 ./code/communication/CircleBuffer.o
                0x080038f4                CircleBuffer_Init
 .text.CBUF1_Len
                0x08003924       0x24 ./code/communication/CircleBuffer.o
                0x08003924                CBUF1_Len
 .text.CBUF1_GetByte
                0x08003948       0x40 ./code/communication/CircleBuffer.o
                0x08003948                CBUF1_GetByte
 .text.CBUF1_PutStr
                0x08003988       0x48 ./code/communication/CircleBuffer.o
                0x08003988                CBUF1_PutStr
 .text.comm_receive_ch
                0x080039d0       0x3a ./code/communication/ComPort.o
                0x080039d0                comm_receive_ch
 .text.comm_get_available
                0x08003a0a       0x3a ./code/communication/ComPort.o
                0x08003a0a                comm_get_available
 .text.comm_send_buffer
                0x08003a44       0x3c ./code/communication/ComPort.o
                0x08003a44                comm_send_buffer
 .text._handle_msg
                0x08003a80       0x48 ./code/communication/ComTask.o
                0x08003a80                _handle_msg
 .text.mavlink_parse_char
                0x08003ac8       0x96 ./code/communication/ComTask.o
                0x08003ac8                mavlink_parse_char
 .text.CommunicationInit
                0x08003b5e       0x10 ./code/communication/Communication.o
                0x08003b5e                CommunicationInit
 *fill*         0x08003b6e        0x2 
 .text.Port0_Init
                0x08003b70       0x30 ./code/communication/Communication.o
                0x08003b70                Port0_Init
 .text.Port0_Update
                0x08003ba0       0x70 ./code/communication/Communication.o
                0x08003ba0                Port0_Update
 .text.SendDebugDataInit
                0x08003c10       0x20 ./code/communication/DebugData.o
                0x08003c10                SendDebugDataInit
 .text.DefaultSendDebugData
                0x08003c30        0xe ./code/communication/DebugData.o
                0x08003c30                DefaultSendDebugData
 *fill*         0x08003c3e        0x2 
 .text.SendDebugData
                0x08003c40       0x44 ./code/communication/DebugData.o
                0x08003c40                SendDebugData
 .text.PacketDebugData0
                0x08003c84       0x70 ./code/communication/DebugData.o
                0x08003c84                PacketDebugData0
 .text.RF_ComData
                0x08003cf4       0x22 ./code/communication/DebugData.o
                0x08003cf4                RF_ComData
 .text.SendOneTime
                0x08003d16       0x40 ./code/communication/DebugData.o
                0x08003d16                SendOneTime
 *fill*         0x08003d56        0x2 
 .text.SET_LedMod
                0x08003d58       0x68 ./code/APP/ConctrolLed.o
                0x08003d58                SET_LedMod
 .text.LED_Handler
                0x08003dc0      0x774 ./code/APP/ConctrolLed.o
                0x08003dc0                LED_Handler
 .text.OpenControlLoop
                0x08004534       0x18 ./code/APP/Loop.o
                0x08004534                OpenControlLoop
 .text.ControlLoop1
                0x0800454c        0xc ./code/APP/Loop.o
                0x0800454c                ControlLoop1
 .text.ControlLoop2
                0x08004558       0x3c ./code/APP/Loop.o
                0x08004558                ControlLoop2
 .text.MCU_Drive_Init
                0x08004594       0x2c ./code/APP/McuDriveInit.o
                0x08004594                MCU_Drive_Init
 .text.CreateTask
                0x080045c0       0x98 ./code/APP/Tasksch.o
                0x080045c0                CreateTask
 .text.DefaultTask
                0x08004658       0x2c ./code/APP/Tasksch.o
                0x08004658                DefaultTask
 .text.HandleTask
                0x08004684       0xd8 ./code/APP/Tasksch.o
                0x08004684                HandleTask
 .text.RunTasks
                0x0800475c       0x84 ./code/APP/Tasksch.o
                0x0800475c                RunTasks
 .text.TaskCount
                0x080047e0       0x70 ./code/APP/Tasksch.o
                0x080047e0                TaskCount
 .text.wk_wait_for_power_stable
                0x08004850       0x2c ./code/APP/main.o
 .text.main     0x0800487c       0x98 ./code/APP/main.o
                0x0800487c                main
 .text.TPS54302_Set_VBAT
                0x08004914       0x58 ./code/APP/protect.o
                0x08004914                TPS54302_Set_VBAT
 .text.ReadVolData
                0x0800496c       0xe0 ./code/APP/protect.o
                0x0800496c                ReadVolData
 *fill*         0x08004a4c        0x4 
 .text.Voltage_monitor
                0x08004a50       0xec ./code/APP/protect.o
                0x08004a50                Voltage_monitor
 *fill*         0x08004b3c        0x4 
 .text.PROTECT_Loop
                0x08004b40      0x1c4 ./code/APP/protect.o
                0x08004b40                PROTECT_Loop
 .text.Reset_Handler
                0x08004d04       0x48 ./cmsis/startup_at32f423.o
                0x08004d04                Reset_Handler
 .text.Default_Handler
                0x08004d4c        0x2 ./cmsis/startup_at32f423.o
                0x08004d4c                EXINT2_IRQHandler
                0x08004d4c                I2C2_EVT_IRQHandler
                0x08004d4c                TMR1_OVF_TMR10_IRQHandler
                0x08004d4c                I2C1_ERR_IRQHandler
                0x08004d4c                EXINT9_5_IRQHandler
                0x08004d4c                TAMP_STAMP_IRQHandler
                0x08004d4c                CAN2_RX1_IRQHandler
                0x08004d4c                USART8_IRQHandler
                0x08004d4c                CAN1_RX0_IRQHandler
                0x08004d4c                FPU_IRQHandler
                0x08004d4c                SPI1_IRQHandler
                0x08004d4c                USART5_IRQHandler
                0x08004d4c                CAN2_RX0_IRQHandler
                0x08004d4c                OTGFS1_IRQHandler
                0x08004d4c                USART7_IRQHandler
                0x08004d4c                DMA2_Channel2_IRQHandler
                0x08004d4c                DMA1_Channel4_IRQHandler
                0x08004d4c                ADC1_IRQHandler
                0x08004d4c                USART6_IRQHandler
                0x08004d4c                EXINT0_IRQHandler
                0x08004d4c                USART3_IRQHandler
                0x08004d4c                DMA1_Channel7_IRQHandler
                0x08004d4c                CAN1_RX1_IRQHandler
                0x08004d4c                ACC_IRQHandler
                0x08004d4c                DMAMUX_IRQHandler
                0x08004d4c                DMA2_Channel1_IRQHandler
                0x08004d4c                TMR12_GLOBAL_IRQHandler
                0x08004d4c                USART4_IRQHandler
                0x08004d4c                EXINT3_IRQHandler
                0x08004d4c                DMA1_Channel6_IRQHandler
                0x08004d4c                DMA2_Channel4_IRQHandler
                0x08004d4c                ERTCAlarm_IRQHandler
                0x08004d4c                Default_Handler
                0x08004d4c                DMA2_Channel7_IRQHandler
                0x08004d4c                TMR3_GLOBAL_IRQHandler
                0x08004d4c                TMR7_GLOBAL_IRQHandler
                0x08004d4c                CAN1_SE_IRQHandler
                0x08004d4c                CAN2_TX_IRQHandler
                0x08004d4c                I2C3_ERR_IRQHandler
                0x08004d4c                TMR1_BRK_TMR9_IRQHandler
                0x08004d4c                SPI2_IRQHandler
                0x08004d4c                TMR1_TRG_HALL_TMR11_IRQHandler
                0x08004d4c                CAN1_TX_IRQHandler
                0x08004d4c                DMA2_Channel5_IRQHandler
                0x08004d4c                DMA1_Channel5_IRQHandler
                0x08004d4c                TMR4_GLOBAL_IRQHandler
                0x08004d4c                EXINT4_IRQHandler
                0x08004d4c                CAN2_SE_IRQHandler
                0x08004d4c                PVM_IRQHandler
                0x08004d4c                I2C3_EVT_IRQHandler
                0x08004d4c                I2C1_EVT_IRQHandler
                0x08004d4c                TMR13_GLOBAL_IRQHandler
                0x08004d4c                DMA2_Channel6_IRQHandler
                0x08004d4c                EXINT1_IRQHandler
                0x08004d4c                USART2_IRQHandler
                0x08004d4c                TMR2_GLOBAL_IRQHandler
                0x08004d4c                ERTC_WKUP_IRQHandler
                0x08004d4c                FLASH_IRQHandler
                0x08004d4c                I2C2_ERR_IRQHandler
                0x08004d4c                USART1_IRQHandler
                0x08004d4c                TMR1_CH_IRQHandler
                0x08004d4c                CRM_IRQHandler
                0x08004d4c                SPI3_IRQHandler
                0x08004d4c                OTGFS1_WKUP_IRQHandler
                0x08004d4c                EXINT15_10_IRQHandler
                0x08004d4c                WWDT_IRQHandler
                0x08004d4c                DMA2_Channel3_IRQHandler
 *fill*         0x08004d4e        0x2 
 .text.SystemInit
                0x08004d50       0xa4 ./cmsis/system_at32f423.o
                0x08004d50                SystemInit
 .text.system_core_clock_update
                0x08004df4      0x1a4 ./cmsis/system_at32f423.o
                0x08004df4                system_core_clock_update
 .text.__libc_init_array
                0x08004f98       0x48 d:/at32ide/platform/tools/gcc-arm-none-eabi-10.3-2021.10/bin/../lib/gcc/arm-none-eabi/10.3.1/../../../../arm-none-eabi/lib/thumb/v7e-m/nofp\libg_nano.a(lib_a-init.o)
                0x08004f98                __libc_init_array
 .text.memcpy   0x08004fe0       0x1c d:/at32ide/platform/tools/gcc-arm-none-eabi-10.3-2021.10/bin/../lib/gcc/arm-none-eabi/10.3.1/../../../../arm-none-eabi/lib/thumb/v7e-m/nofp\libg_nano.a(lib_a-memcpy-stub.o)
                0x08004fe0                memcpy
 .text.memset   0x08004ffc       0x10 d:/at32ide/platform/tools/gcc-arm-none-eabi-10.3-2021.10/bin/../lib/gcc/arm-none-eabi/10.3.1/../../../../arm-none-eabi/lib/thumb/v7e-m/nofp\libg_nano.a(lib_a-memset.o)
                0x08004ffc                memset
 .text.sprintf  0x0800500c       0x40 d:/at32ide/platform/tools/gcc-arm-none-eabi-10.3-2021.10/bin/../lib/gcc/arm-none-eabi/10.3.1/../../../../arm-none-eabi/lib/thumb/v7e-m/nofp\libg_nano.a(lib_a-sprintf.o)
                0x0800500c                siprintf
                0x0800500c                sprintf
 .text._free_r  0x0800504c       0x94 d:/at32ide/platform/tools/gcc-arm-none-eabi-10.3-2021.10/bin/../lib/gcc/arm-none-eabi/10.3.1/../../../../arm-none-eabi/lib/thumb/v7e-m/nofp\libg_nano.a(lib_a-nano-freer.o)
                0x0800504c                _free_r
 .text.sbrk_aligned
                0x080050e0       0x40 d:/at32ide/platform/tools/gcc-arm-none-eabi-10.3-2021.10/bin/../lib/gcc/arm-none-eabi/10.3.1/../../../../arm-none-eabi/lib/thumb/v7e-m/nofp\libg_nano.a(lib_a-nano-mallocr.o)
 .text._malloc_r
                0x08005120       0xe8 d:/at32ide/platform/tools/gcc-arm-none-eabi-10.3-2021.10/bin/../lib/gcc/arm-none-eabi/10.3.1/../../../../arm-none-eabi/lib/thumb/v7e-m/nofp\libg_nano.a(lib_a-nano-mallocr.o)
                0x08005120                _malloc_r
 .text.__ssputs_r
                0x08005208       0xb6 d:/at32ide/platform/tools/gcc-arm-none-eabi-10.3-2021.10/bin/../lib/gcc/arm-none-eabi/10.3.1/../../../../arm-none-eabi/lib/thumb/v7e-m/nofp\libg_nano.a(lib_a-nano-svfprintf.o)
                0x08005208                __ssputs_r
 *fill*         0x080052be        0x2 
 .text._svfprintf_r
                0x080052c0      0x200 d:/at32ide/platform/tools/gcc-arm-none-eabi-10.3-2021.10/bin/../lib/gcc/arm-none-eabi/10.3.1/../../../../arm-none-eabi/lib/thumb/v7e-m/nofp\libg_nano.a(lib_a-nano-svfprintf.o)
                0x080052c0                _svfiprintf_r
                0x080052c0                _svfprintf_r
 .text._printf_common
                0x080054c0       0xda d:/at32ide/platform/tools/gcc-arm-none-eabi-10.3-2021.10/bin/../lib/gcc/arm-none-eabi/10.3.1/../../../../arm-none-eabi/lib/thumb/v7e-m/nofp\libg_nano.a(lib_a-nano-vfprintf_i.o)
                0x080054c0                _printf_common
 *fill*         0x0800559a        0x2 
 .text._printf_i
                0x0800559c      0x24c d:/at32ide/platform/tools/gcc-arm-none-eabi-10.3-2021.10/bin/../lib/gcc/arm-none-eabi/10.3.1/../../../../arm-none-eabi/lib/thumb/v7e-m/nofp\libg_nano.a(lib_a-nano-vfprintf_i.o)
                0x0800559c                _printf_i
 .text._sbrk_r  0x080057e8       0x20 d:/at32ide/platform/tools/gcc-arm-none-eabi-10.3-2021.10/bin/../lib/gcc/arm-none-eabi/10.3.1/../../../../arm-none-eabi/lib/thumb/v7e-m/nofp\libg_nano.a(lib_a-sbrkr.o)
                0x080057e8                _sbrk_r
 .text.__retarget_lock_acquire_recursive
                0x08005808        0x2 d:/at32ide/platform/tools/gcc-arm-none-eabi-10.3-2021.10/bin/../lib/gcc/arm-none-eabi/10.3.1/../../../../arm-none-eabi/lib/thumb/v7e-m/nofp\libg_nano.a(lib_a-lock.o)
                0x08005808                __retarget_lock_acquire_recursive
 .text.__retarget_lock_release_recursive
                0x0800580a        0x2 d:/at32ide/platform/tools/gcc-arm-none-eabi-10.3-2021.10/bin/../lib/gcc/arm-none-eabi/10.3.1/../../../../arm-none-eabi/lib/thumb/v7e-m/nofp\libg_nano.a(lib_a-lock.o)
                0x0800580a                __retarget_lock_release_recursive
 .text.memmove  0x0800580c       0x34 d:/at32ide/platform/tools/gcc-arm-none-eabi-10.3-2021.10/bin/../lib/gcc/arm-none-eabi/10.3.1/../../../../arm-none-eabi/lib/thumb/v7e-m/nofp\libg_nano.a(lib_a-memmove.o)
                0x0800580c                memmove
 .text.__malloc_lock
                0x08005840        0xc d:/at32ide/platform/tools/gcc-arm-none-eabi-10.3-2021.10/bin/../lib/gcc/arm-none-eabi/10.3.1/../../../../arm-none-eabi/lib/thumb/v7e-m/nofp\libg_nano.a(lib_a-mlock.o)
                0x08005840                __malloc_lock
 .text.__malloc_unlock
                0x0800584c        0xc d:/at32ide/platform/tools/gcc-arm-none-eabi-10.3-2021.10/bin/../lib/gcc/arm-none-eabi/10.3.1/../../../../arm-none-eabi/lib/thumb/v7e-m/nofp\libg_nano.a(lib_a-mlock.o)
                0x0800584c                __malloc_unlock
 .text._realloc_r
                0x08005858       0x5e d:/at32ide/platform/tools/gcc-arm-none-eabi-10.3-2021.10/bin/../lib/gcc/arm-none-eabi/10.3.1/../../../../arm-none-eabi/lib/thumb/v7e-m/nofp\libg_nano.a(lib_a-nano-reallocr.o)
                0x08005858                _realloc_r
 .text._malloc_usable_size_r
                0x080058b6       0x10 d:/at32ide/platform/tools/gcc-arm-none-eabi-10.3-2021.10/bin/../lib/gcc/arm-none-eabi/10.3.1/../../../../arm-none-eabi/lib/thumb/v7e-m/nofp\libg_nano.a(lib_a-nano-msizer.o)
                0x080058b6                _malloc_usable_size_r
 *fill*         0x080058c6        0x2 
 .text._sbrk    0x080058c8       0x1c d:/at32ide/platform/tools/gcc-arm-none-eabi-10.3-2021.10/bin/../lib/gcc/arm-none-eabi/10.3.1/../../../../arm-none-eabi/lib/thumb/v7e-m/nofp\libnosys.a(sbrk.o)
                0x080058c8                _sbrk
 *(.glue_7)
 .glue_7        0x080058e4        0x0 linker stubs
 *(.glue_7t)
 .glue_7t       0x080058e4        0x0 linker stubs
 *(.eh_frame)
 .eh_frame      0x080058e4        0x0 d:/at32ide/platform/tools/gcc-arm-none-eabi-10.3-2021.10/bin/../lib/gcc/arm-none-eabi/10.3.1/thumb/v7e-m/nofp/crtbegin.o
 *(.init)
 .init          0x080058e4        0x4 d:/at32ide/platform/tools/gcc-arm-none-eabi-10.3-2021.10/bin/../lib/gcc/arm-none-eabi/10.3.1/thumb/v7e-m/nofp/crti.o
                0x080058e4                _init
 .init          0x080058e8        0x8 d:/at32ide/platform/tools/gcc-arm-none-eabi-10.3-2021.10/bin/../lib/gcc/arm-none-eabi/10.3.1/thumb/v7e-m/nofp/crtn.o
 *(.fini)
 .fini          0x080058f0        0x4 d:/at32ide/platform/tools/gcc-arm-none-eabi-10.3-2021.10/bin/../lib/gcc/arm-none-eabi/10.3.1/thumb/v7e-m/nofp/crti.o
                0x080058f0                _fini
 .fini          0x080058f4        0x8 d:/at32ide/platform/tools/gcc-arm-none-eabi-10.3-2021.10/bin/../lib/gcc/arm-none-eabi/10.3.1/thumb/v7e-m/nofp/crtn.o
                0x080058fc                . = ALIGN (0x4)
                0x080058fc                _etext = .

.vfp11_veneer   0x080058fc        0x0
 .vfp11_veneer  0x080058fc        0x0 linker stubs

.v4_bx          0x080058fc        0x0
 .v4_bx         0x080058fc        0x0 linker stubs

.iplt           0x080058fc        0x0
 .iplt          0x080058fc        0x0 d:/at32ide/platform/tools/gcc-arm-none-eabi-10.3-2021.10/bin/../lib/gcc/arm-none-eabi/10.3.1/thumb/v7e-m/nofp/crtbegin.o

.rodata         0x080058fc       0xf0
                0x080058fc                . = ALIGN (0x4)
 *(.rodata)
 .rodata        0x080058fc       0x28 ./firmware/at32f423_crm.o
 .rodata        0x08005924       0x19 ./code/communication/DebugData.o
 *fill*         0x0800593d        0x3 
 .rodata        0x08005940       0x18 ./cmsis/system_at32f423.o
 *(.rodata*)
 .rodata._svfprintf_r.str1.1
                0x08005958       0x11 d:/at32ide/platform/tools/gcc-arm-none-eabi-10.3-2021.10/bin/../lib/gcc/arm-none-eabi/10.3.1/../../../../arm-none-eabi/lib/thumb/v7e-m/nofp\libg_nano.a(lib_a-nano-svfprintf.o)
 .rodata._printf_i.str1.1
                0x08005969       0x22 d:/at32ide/platform/tools/gcc-arm-none-eabi-10.3-2021.10/bin/../lib/gcc/arm-none-eabi/10.3.1/../../../../arm-none-eabi/lib/thumb/v7e-m/nofp\libg_nano.a(lib_a-nano-vfprintf_i.o)
 *fill*         0x0800598b        0x1 
 .rodata.__sf_fake_stderr
                0x0800598c       0x20 d:/at32ide/platform/tools/gcc-arm-none-eabi-10.3-2021.10/bin/../lib/gcc/arm-none-eabi/10.3.1/../../../../arm-none-eabi/lib/thumb/v7e-m/nofp\libg_nano.a(lib_a-findfp.o)
                0x0800598c                __sf_fake_stderr
 .rodata.__sf_fake_stdin
                0x080059ac       0x20 d:/at32ide/platform/tools/gcc-arm-none-eabi-10.3-2021.10/bin/../lib/gcc/arm-none-eabi/10.3.1/../../../../arm-none-eabi/lib/thumb/v7e-m/nofp\libg_nano.a(lib_a-findfp.o)
                0x080059ac                __sf_fake_stdin
 .rodata.__sf_fake_stdout
                0x080059cc       0x20 d:/at32ide/platform/tools/gcc-arm-none-eabi-10.3-2021.10/bin/../lib/gcc/arm-none-eabi/10.3.1/../../../../arm-none-eabi/lib/thumb/v7e-m/nofp\libg_nano.a(lib_a-findfp.o)
                0x080059cc                __sf_fake_stdout
                0x080059ec                . = ALIGN (0x4)

.ARM.extab
 *(.ARM.extab* .gnu.linkonce.armextab.*)

.ARM            0x080059ec        0x8
                0x080059ec                __exidx_start = .
 *(.ARM.exidx*)
 .ARM.exidx     0x080059ec        0x8 d:/at32ide/platform/tools/gcc-arm-none-eabi-10.3-2021.10/bin/../lib/gcc/arm-none-eabi/10.3.1/thumb/v7e-m/nofp\libgcc.a(_udivmoddi4.o)
                0x080059f4                __exidx_end = .

.rel.dyn        0x080059f4        0x0
 .rel.iplt      0x080059f4        0x0 d:/at32ide/platform/tools/gcc-arm-none-eabi-10.3-2021.10/bin/../lib/gcc/arm-none-eabi/10.3.1/thumb/v7e-m/nofp/crtbegin.o

.preinit_array  0x080059f4        0x0
                0x080059f4                PROVIDE (__preinit_array_start = .)
 *(.preinit_array*)
                0x080059f4                PROVIDE (__preinit_array_end = .)

.init_array     0x080059f4        0x4
                0x080059f4                PROVIDE (__init_array_start = .)
 *(SORT_BY_NAME(.init_array.*))
 *(.init_array*)
 .init_array    0x080059f4        0x4 d:/at32ide/platform/tools/gcc-arm-none-eabi-10.3-2021.10/bin/../lib/gcc/arm-none-eabi/10.3.1/thumb/v7e-m/nofp/crtbegin.o
                0x080059f8                PROVIDE (__init_array_end = .)

.fini_array     0x080059f8        0x4
                [!provide]                PROVIDE (__fini_array_start = .)
 *(SORT_BY_NAME(.fini_array.*))
 *(.fini_array*)
 .fini_array    0x080059f8        0x4 d:/at32ide/platform/tools/gcc-arm-none-eabi-10.3-2021.10/bin/../lib/gcc/arm-none-eabi/10.3.1/thumb/v7e-m/nofp/crtbegin.o
                [!provide]                PROVIDE (__fini_array_end = .)
                0x080059fc                _sidata = LOADADDR (.data)

.data           0x20000000       0x6c load address 0x080059fc
                0x20000000                . = ALIGN (0x4)
                0x20000000                _sdata = .
 *(.data)
 .data          0x20000000        0x1 ./code/APP/ConctrolLed.o
 *fill*         0x20000001        0x3 
 .data          0x20000004        0x4 ./cmsis/system_at32f423.o
                0x20000004                system_core_clock
 *(.data*)
 .data._impure_ptr
                0x20000008        0x4 d:/at32ide/platform/tools/gcc-arm-none-eabi-10.3-2021.10/bin/../lib/gcc/arm-none-eabi/10.3.1/../../../../arm-none-eabi/lib/thumb/v7e-m/nofp\libg_nano.a(lib_a-impure.o)
                0x20000008                _impure_ptr
 .data.impure_data
                0x2000000c       0x60 d:/at32ide/platform/tools/gcc-arm-none-eabi-10.3-2021.10/bin/../lib/gcc/arm-none-eabi/10.3.1/../../../../arm-none-eabi/lib/thumb/v7e-m/nofp\libg_nano.a(lib_a-impure.o)
                0x2000006c                . = ALIGN (0x4)
                0x2000006c                _edata = .

.igot.plt       0x2000006c        0x0 load address 0x08005a68
 .igot.plt      0x2000006c        0x0 d:/at32ide/platform/tools/gcc-arm-none-eabi-10.3-2021.10/bin/../lib/gcc/arm-none-eabi/10.3.1/thumb/v7e-m/nofp/crtbegin.o
                0x2000006c                . = ALIGN (0x4)

.bss            0x2000006c      0xb50 load address 0x08005a68
                0x2000006c                _sbss = .
                0x2000006c                __bss_start__ = _sbss
 *(.bss)
 .bss           0x2000006c       0x1c d:/at32ide/platform/tools/gcc-arm-none-eabi-10.3-2021.10/bin/../lib/gcc/arm-none-eabi/10.3.1/thumb/v7e-m/nofp/crtbegin.o
 .bss           0x20000088        0x4 ./code/mcu_drive/adc.o
                0x20000088                adc_value
 .bss           0x2000008c        0x4 ./code/mcu_drive/tim.o
                0x2000008c                SystemTimeMs
 .bss           0x20000090      0x102 ./code/mcu_drive/usart.o
                0x20000090                USART1_DMA_GETBUFF
                0x20000110                USART1_DMA_PUTBUFF
                0x20000190                USART1_DMA_Put_Flag
                0x20000191                USART1_DMA_Get_Flag
 *fill*         0x20000192        0x2 
 .bss           0x20000194      0x808 ./code/communication/CircleBuffer.o
                0x20000194                uart1_putbuf
                0x20000598                uart1_getbuf
 .bss           0x2000099c        0x6 ./code/communication/Communication.o
 *fill*         0x200009a2        0x2 
 .bss           0x200009a4        0x4 ./code/communication/DebugData.o
 .bss           0x200009a8        0x4 ./code/APP/ConctrolLed.o
 .bss           0x200009ac       0x56 ./code/APP/Loop.o
                0x200009ac                mainlooptime
                0x200009ae                mainlooptimebase
                0x200009b0                Main_Loop_Start
                0x200009b1                status_tx
                0x200009b2                status_rx
                0x200009b4                txbuf
                0x200009d4                rxbuf
                0x200009f4                IMUDATA
 *fill*         0x20000a02        0x2 
 .bss           0x20000a04      0x190 ./code/APP/Tasksch.o
                0x20000a04                tasks
                0x20000b30                tasknum
 .bss           0x20000b94        0x7 ./code/APP/main.o
                0x20000b94                whilelooptime
                0x20000b96                whilelooptimebase
                0x20000b98                GBA_State
 *fill*         0x20000b9b        0x1 
 .bss           0x20000b9c        0xb ./code/APP/protect.o
                0x20000b9c                Volbus
                0x20000ba0                V3bus
                0x20000ba4                curr
 *(.bss*)
 *fill*         0x20000ba7        0x1 
 .bss.__malloc_free_list
                0x20000ba8        0x4 d:/at32ide/platform/tools/gcc-arm-none-eabi-10.3-2021.10/bin/../lib/gcc/arm-none-eabi/10.3.1/../../../../arm-none-eabi/lib/thumb/v7e-m/nofp\libg_nano.a(lib_a-nano-mallocr.o)
                0x20000ba8                __malloc_free_list
 .bss.__malloc_sbrk_start
                0x20000bac        0x4 d:/at32ide/platform/tools/gcc-arm-none-eabi-10.3-2021.10/bin/../lib/gcc/arm-none-eabi/10.3.1/../../../../arm-none-eabi/lib/thumb/v7e-m/nofp\libg_nano.a(lib_a-nano-mallocr.o)
                0x20000bac                __malloc_sbrk_start
 .bss.__lock___malloc_recursive_mutex
                0x20000bb0        0x1 d:/at32ide/platform/tools/gcc-arm-none-eabi-10.3-2021.10/bin/../lib/gcc/arm-none-eabi/10.3.1/../../../../arm-none-eabi/lib/thumb/v7e-m/nofp\libg_nano.a(lib_a-lock.o)
                0x20000bb0                __lock___malloc_recursive_mutex
 *fill*         0x20000bb1        0x3 
 .bss.errno     0x20000bb4        0x4 d:/at32ide/platform/tools/gcc-arm-none-eabi-10.3-2021.10/bin/../lib/gcc/arm-none-eabi/10.3.1/../../../../arm-none-eabi/lib/thumb/v7e-m/nofp\libg_nano.a(lib_a-reent.o)
                0x20000bb4                errno
 .bss.heap_end.0
                0x20000bb8        0x4 d:/at32ide/platform/tools/gcc-arm-none-eabi-10.3-2021.10/bin/../lib/gcc/arm-none-eabi/10.3.1/../../../../arm-none-eabi/lib/thumb/v7e-m/nofp\libnosys.a(sbrk.o)
 *(COMMON)
                0x20000bbc                . = ALIGN (0x4)
                0x20000bbc                _ebss = .
                0x20000bbc                __bss_end__ = _ebss

._user_heap_stack
                0x20000bbc      0x604 load address 0x08005a68
                0x20000bc0                . = ALIGN (0x8)
 *fill*         0x20000bbc        0x4 
                0x20000bc0                PROVIDE (end = .)
                [!provide]                PROVIDE (_end = .)
                0x20000dc0                . = (. + _Min_Heap_Size)
 *fill*         0x20000bc0      0x200 
                0x200011c0                . = (. + _Min_Stack_Size)
 *fill*         0x20000dc0      0x400 
                0x200011c0                . = ALIGN (0x8)

/DISCARD/
 libc.a(*)
 libm.a(*)
 libgcc.a(*)

.ARM.attributes
                0x00000000       0x2a
 *(.ARM.attributes)
 .ARM.attributes
                0x00000000       0x1e d:/at32ide/platform/tools/gcc-arm-none-eabi-10.3-2021.10/bin/../lib/gcc/arm-none-eabi/10.3.1/thumb/v7e-m/nofp/crti.o
 .ARM.attributes
                0x0000001e       0x2e d:/at32ide/platform/tools/gcc-arm-none-eabi-10.3-2021.10/bin/../lib/gcc/arm-none-eabi/10.3.1/thumb/v7e-m/nofp/crtbegin.o
 .ARM.attributes
                0x0000004c       0x2e ./firmware/at32f423_adc.o
 .ARM.attributes
                0x0000007a       0x2e ./firmware/at32f423_crm.o
 .ARM.attributes
                0x000000a8       0x2e ./firmware/at32f423_dac.o
 .ARM.attributes
                0x000000d6       0x2e ./firmware/at32f423_dma.o
 .ARM.attributes
                0x00000104       0x2e ./firmware/at32f423_gpio.o
 .ARM.attributes
                0x00000132       0x2e ./firmware/at32f423_misc.o
 .ARM.attributes
                0x00000160       0x2e ./firmware/at32f423_tmr.o
 .ARM.attributes
                0x0000018e       0x2e ./firmware/at32f423_usart.o
 .ARM.attributes
                0x000001bc       0x2e ./firmware/at32f423_wdt.o
 .ARM.attributes
                0x000001ea       0x2e ./code/mcu_drive/adc.o
 .ARM.attributes
                0x00000218       0x2e ./code/mcu_drive/at32f423_clock.o
 .ARM.attributes
                0x00000246       0x2e ./code/mcu_drive/at32f423_int.o
 .ARM.attributes
                0x00000274       0x2e ./code/mcu_drive/dac.o
 .ARM.attributes
                0x000002a2       0x2e ./code/mcu_drive/delay.o
 .ARM.attributes
                0x000002d0       0x2e ./code/mcu_drive/gpio.o
 .ARM.attributes
                0x000002fe       0x2e ./code/mcu_drive/tim.o
 .ARM.attributes
                0x0000032c       0x2e ./code/mcu_drive/usart.o
 .ARM.attributes
                0x0000035a       0x2e ./code/mcu_drive/wdt.o
 .ARM.attributes
                0x00000388       0x2e ./code/communication/CircleBuffer.o
 .ARM.attributes
                0x000003b6       0x2e ./code/communication/ComPort.o
 .ARM.attributes
                0x000003e4       0x2e ./code/communication/ComTask.o
 .ARM.attributes
                0x00000412       0x2e ./code/communication/Communication.o
 .ARM.attributes
                0x00000440       0x2e ./code/communication/DebugData.o
 .ARM.attributes
                0x0000046e       0x2e ./code/APP/ConctrolLed.o
 .ARM.attributes
                0x0000049c       0x2e ./code/APP/Loop.o
 .ARM.attributes
                0x000004ca       0x2e ./code/APP/McuDriveInit.o
 .ARM.attributes
                0x000004f8       0x2e ./code/APP/Tasksch.o
 .ARM.attributes
                0x00000526       0x2e ./code/APP/main.o
 .ARM.attributes
                0x00000554       0x2e ./code/APP/protect.o
 .ARM.attributes
                0x00000582       0x21 ./cmsis/startup_at32f423.o
 .ARM.attributes
                0x000005a3       0x2e ./cmsis/system_at32f423.o
 .ARM.attributes
                0x000005d1       0x1e d:/at32ide/platform/tools/gcc-arm-none-eabi-10.3-2021.10/bin/../lib/gcc/arm-none-eabi/10.3.1/thumb/v7e-m/nofp\libgcc.a(_arm_addsubdf3.o)
 .ARM.attributes
                0x000005ef       0x1e d:/at32ide/platform/tools/gcc-arm-none-eabi-10.3-2021.10/bin/../lib/gcc/arm-none-eabi/10.3.1/thumb/v7e-m/nofp\libgcc.a(_arm_cmpdf2.o)
 .ARM.attributes
                0x0000060d       0x1e d:/at32ide/platform/tools/gcc-arm-none-eabi-10.3-2021.10/bin/../lib/gcc/arm-none-eabi/10.3.1/thumb/v7e-m/nofp\libgcc.a(_arm_addsubsf3.o)
 .ARM.attributes
                0x0000062b       0x1e d:/at32ide/platform/tools/gcc-arm-none-eabi-10.3-2021.10/bin/../lib/gcc/arm-none-eabi/10.3.1/thumb/v7e-m/nofp\libgcc.a(_arm_muldivsf3.o)
 .ARM.attributes
                0x00000649       0x1e d:/at32ide/platform/tools/gcc-arm-none-eabi-10.3-2021.10/bin/../lib/gcc/arm-none-eabi/10.3.1/thumb/v7e-m/nofp\libgcc.a(_arm_cmpsf2.o)
 .ARM.attributes
                0x00000667       0x1e d:/at32ide/platform/tools/gcc-arm-none-eabi-10.3-2021.10/bin/../lib/gcc/arm-none-eabi/10.3.1/thumb/v7e-m/nofp\libgcc.a(_aeabi_uldivmod.o)
 .ARM.attributes
                0x00000685       0x2e d:/at32ide/platform/tools/gcc-arm-none-eabi-10.3-2021.10/bin/../lib/gcc/arm-none-eabi/10.3.1/thumb/v7e-m/nofp\libgcc.a(_udivmoddi4.o)
 .ARM.attributes
                0x000006b3       0x1e d:/at32ide/platform/tools/gcc-arm-none-eabi-10.3-2021.10/bin/../lib/gcc/arm-none-eabi/10.3.1/thumb/v7e-m/nofp\libgcc.a(_dvmd_tls.o)
 .ARM.attributes
                0x000006d1       0x2e d:/at32ide/platform/tools/gcc-arm-none-eabi-10.3-2021.10/bin/../lib/gcc/arm-none-eabi/10.3.1/../../../../arm-none-eabi/lib/thumb/v7e-m/nofp\libg_nano.a(lib_a-impure.o)
 .ARM.attributes
                0x000006ff       0x2e d:/at32ide/platform/tools/gcc-arm-none-eabi-10.3-2021.10/bin/../lib/gcc/arm-none-eabi/10.3.1/../../../../arm-none-eabi/lib/thumb/v7e-m/nofp\libg_nano.a(lib_a-init.o)
 .ARM.attributes
                0x0000072d       0x2e d:/at32ide/platform/tools/gcc-arm-none-eabi-10.3-2021.10/bin/../lib/gcc/arm-none-eabi/10.3.1/../../../../arm-none-eabi/lib/thumb/v7e-m/nofp\libg_nano.a(lib_a-memcpy-stub.o)
 .ARM.attributes
                0x0000075b       0x2e d:/at32ide/platform/tools/gcc-arm-none-eabi-10.3-2021.10/bin/../lib/gcc/arm-none-eabi/10.3.1/../../../../arm-none-eabi/lib/thumb/v7e-m/nofp\libg_nano.a(lib_a-memset.o)
 .ARM.attributes
                0x00000789       0x2e d:/at32ide/platform/tools/gcc-arm-none-eabi-10.3-2021.10/bin/../lib/gcc/arm-none-eabi/10.3.1/../../../../arm-none-eabi/lib/thumb/v7e-m/nofp\libg_nano.a(lib_a-sprintf.o)
 .ARM.attributes
                0x000007b7       0x17 d:/at32ide/platform/tools/gcc-arm-none-eabi-10.3-2021.10/bin/../lib/gcc/arm-none-eabi/10.3.1/../../../../arm-none-eabi/lib/thumb/v7e-m/nofp\libg_nano.a(lib_a-strlen.o)
 .ARM.attributes
                0x000007ce       0x2e d:/at32ide/platform/tools/gcc-arm-none-eabi-10.3-2021.10/bin/../lib/gcc/arm-none-eabi/10.3.1/../../../../arm-none-eabi/lib/thumb/v7e-m/nofp\libg_nano.a(lib_a-nano-freer.o)
 .ARM.attributes
                0x000007fc       0x2e d:/at32ide/platform/tools/gcc-arm-none-eabi-10.3-2021.10/bin/../lib/gcc/arm-none-eabi/10.3.1/../../../../arm-none-eabi/lib/thumb/v7e-m/nofp\libg_nano.a(lib_a-nano-mallocr.o)
 .ARM.attributes
                0x0000082a       0x2e d:/at32ide/platform/tools/gcc-arm-none-eabi-10.3-2021.10/bin/../lib/gcc/arm-none-eabi/10.3.1/../../../../arm-none-eabi/lib/thumb/v7e-m/nofp\libg_nano.a(lib_a-nano-svfprintf.o)
 .ARM.attributes
                0x00000858       0x2e d:/at32ide/platform/tools/gcc-arm-none-eabi-10.3-2021.10/bin/../lib/gcc/arm-none-eabi/10.3.1/../../../../arm-none-eabi/lib/thumb/v7e-m/nofp\libg_nano.a(lib_a-nano-vfprintf_i.o)
 .ARM.attributes
                0x00000886       0x2e d:/at32ide/platform/tools/gcc-arm-none-eabi-10.3-2021.10/bin/../lib/gcc/arm-none-eabi/10.3.1/../../../../arm-none-eabi/lib/thumb/v7e-m/nofp\libg_nano.a(lib_a-sbrkr.o)
 .ARM.attributes
                0x000008b4       0x2e d:/at32ide/platform/tools/gcc-arm-none-eabi-10.3-2021.10/bin/../lib/gcc/arm-none-eabi/10.3.1/../../../../arm-none-eabi/lib/thumb/v7e-m/nofp\libg_nano.a(lib_a-findfp.o)
 .ARM.attributes
                0x000008e2       0x2e d:/at32ide/platform/tools/gcc-arm-none-eabi-10.3-2021.10/bin/../lib/gcc/arm-none-eabi/10.3.1/../../../../arm-none-eabi/lib/thumb/v7e-m/nofp\libg_nano.a(lib_a-lock.o)
 .ARM.attributes
                0x00000910       0x1c d:/at32ide/platform/tools/gcc-arm-none-eabi-10.3-2021.10/bin/../lib/gcc/arm-none-eabi/10.3.1/../../../../arm-none-eabi/lib/thumb/v7e-m/nofp\libg_nano.a(lib_a-memchr.o)
 .ARM.attributes
                0x0000092c       0x2e d:/at32ide/platform/tools/gcc-arm-none-eabi-10.3-2021.10/bin/../lib/gcc/arm-none-eabi/10.3.1/../../../../arm-none-eabi/lib/thumb/v7e-m/nofp\libg_nano.a(lib_a-memmove.o)
 .ARM.attributes
                0x0000095a       0x2e d:/at32ide/platform/tools/gcc-arm-none-eabi-10.3-2021.10/bin/../lib/gcc/arm-none-eabi/10.3.1/../../../../arm-none-eabi/lib/thumb/v7e-m/nofp\libg_nano.a(lib_a-mlock.o)
 .ARM.attributes
                0x00000988       0x2e d:/at32ide/platform/tools/gcc-arm-none-eabi-10.3-2021.10/bin/../lib/gcc/arm-none-eabi/10.3.1/../../../../arm-none-eabi/lib/thumb/v7e-m/nofp\libg_nano.a(lib_a-nano-reallocr.o)
 .ARM.attributes
                0x000009b6       0x2e d:/at32ide/platform/tools/gcc-arm-none-eabi-10.3-2021.10/bin/../lib/gcc/arm-none-eabi/10.3.1/../../../../arm-none-eabi/lib/thumb/v7e-m/nofp\libg_nano.a(lib_a-reent.o)
 .ARM.attributes
                0x000009e4       0x2e d:/at32ide/platform/tools/gcc-arm-none-eabi-10.3-2021.10/bin/../lib/gcc/arm-none-eabi/10.3.1/../../../../arm-none-eabi/lib/thumb/v7e-m/nofp\libg_nano.a(lib_a-nano-msizer.o)
 .ARM.attributes
                0x00000a12       0x2e d:/at32ide/platform/tools/gcc-arm-none-eabi-10.3-2021.10/bin/../lib/gcc/arm-none-eabi/10.3.1/../../../../arm-none-eabi/lib/thumb/v7e-m/nofp\libnosys.a(sbrk.o)
 .ARM.attributes
                0x00000a40       0x1e d:/at32ide/platform/tools/gcc-arm-none-eabi-10.3-2021.10/bin/../lib/gcc/arm-none-eabi/10.3.1/thumb/v7e-m/nofp/crtn.o
OUTPUT(GBA_PowerControl.elf elf32-littlearm)
LOAD linker stubs
LOAD d:/at32ide/platform/tools/gcc-arm-none-eabi-10.3-2021.10/bin/../lib/gcc/arm-none-eabi/10.3.1/../../../../arm-none-eabi/lib/thumb/v7e-m/nofp\libc.a
LOAD d:/at32ide/platform/tools/gcc-arm-none-eabi-10.3-2021.10/bin/../lib/gcc/arm-none-eabi/10.3.1/../../../../arm-none-eabi/lib/thumb/v7e-m/nofp\libm.a
LOAD d:/at32ide/platform/tools/gcc-arm-none-eabi-10.3-2021.10/bin/../lib/gcc/arm-none-eabi/10.3.1/thumb/v7e-m/nofp\libgcc.a

.debug_info     0x00000000    0x23c3b
 .debug_info    0x00000000     0x22fd ./firmware/at32f423_adc.o
 .debug_info    0x000022fd     0x2eb1 ./firmware/at32f423_crm.o
 .debug_info    0x000051ae      0xe19 ./firmware/at32f423_dac.o
 .debug_info    0x00005fc7     0x1720 ./firmware/at32f423_dma.o
 .debug_info    0x000076e7     0x1951 ./firmware/at32f423_gpio.o
 .debug_info    0x00009038      0x9c6 ./firmware/at32f423_misc.o
 .debug_info    0x000099fe     0x280c ./firmware/at32f423_tmr.o
 .debug_info    0x0000c20a     0x3048 ./firmware/at32f423_usart.o
 .debug_info    0x0000f252      0x417 ./firmware/at32f423_wdt.o
 .debug_info    0x0000f669     0x3568 ./code/mcu_drive/adc.o
 .debug_info    0x00012bd1      0xfd6 ./code/mcu_drive/at32f423_clock.o
 .debug_info    0x00013ba7     0x13bc ./code/mcu_drive/at32f423_int.o
 .debug_info    0x00014f63     0x1508 ./code/mcu_drive/dac.o
 .debug_info    0x0001646b      0x1b3 ./code/mcu_drive/delay.o
 .debug_info    0x0001661e     0x1484 ./code/mcu_drive/gpio.o
 .debug_info    0x00017aa2     0x167f ./code/mcu_drive/tim.o
 .debug_info    0x00019121     0x2eec ./code/mcu_drive/usart.o
 .debug_info    0x0001c00d       0xd3 ./code/mcu_drive/wdt.o
 .debug_info    0x0001c0e0      0x26c ./code/communication/CircleBuffer.o
 .debug_info    0x0001c34c      0x1b7 ./code/communication/ComPort.o
 .debug_info    0x0001c503     0x1297 ./code/communication/ComTask.o
 .debug_info    0x0001d79a      0x28c ./code/communication/Communication.o
 .debug_info    0x0001da26      0x269 ./code/communication/DebugData.o
 .debug_info    0x0001dc8f     0x138d ./code/APP/ConctrolLed.o
 .debug_info    0x0001f01c      0x237 ./code/APP/Loop.o
 .debug_info    0x0001f253       0x7e ./code/APP/McuDriveInit.o
 .debug_info    0x0001f2d1      0x36d ./code/APP/Tasksch.o
 .debug_info    0x0001f63e     0x137f ./code/APP/main.o
 .debug_info    0x000209bd     0x14cf ./code/APP/protect.o
 .debug_info    0x00021e8c       0x22 ./cmsis/startup_at32f423.o
 .debug_info    0x00021eae     0x1d8d ./cmsis/system_at32f423.o

.debug_abbrev   0x00000000     0x3135
 .debug_abbrev  0x00000000      0x1e3 ./firmware/at32f423_adc.o
 .debug_abbrev  0x000001e3      0x261 ./firmware/at32f423_crm.o
 .debug_abbrev  0x00000444      0x1ed ./firmware/at32f423_dac.o
 .debug_abbrev  0x00000631      0x22a ./firmware/at32f423_dma.o
 .debug_abbrev  0x0000085b      0x238 ./firmware/at32f423_gpio.o
 .debug_abbrev  0x00000a93      0x245 ./firmware/at32f423_misc.o
 .debug_abbrev  0x00000cd8      0x1e5 ./firmware/at32f423_tmr.o
 .debug_abbrev  0x00000ebd      0x269 ./firmware/at32f423_usart.o
 .debug_abbrev  0x00001126      0x179 ./firmware/at32f423_wdt.o
 .debug_abbrev  0x0000129f      0x222 ./code/mcu_drive/adc.o
 .debug_abbrev  0x000014c1      0x1d3 ./code/mcu_drive/at32f423_clock.o
 .debug_abbrev  0x00001694      0x1b9 ./code/mcu_drive/at32f423_int.o
 .debug_abbrev  0x0000184d      0x19d ./code/mcu_drive/dac.o
 .debug_abbrev  0x000019ea       0xdf ./code/mcu_drive/delay.o
 .debug_abbrev  0x00001ac9      0x19d ./code/mcu_drive/gpio.o
 .debug_abbrev  0x00001c66      0x1ae ./code/mcu_drive/tim.o
 .debug_abbrev  0x00001e14      0x29f ./code/mcu_drive/usart.o
 .debug_abbrev  0x000020b3       0x73 ./code/mcu_drive/wdt.o
 .debug_abbrev  0x00002126      0x12d ./code/communication/CircleBuffer.o
 .debug_abbrev  0x00002253      0x101 ./code/communication/ComPort.o
 .debug_abbrev  0x00002354      0x1b9 ./code/communication/ComTask.o
 .debug_abbrev  0x0000250d       0xd6 ./code/communication/Communication.o
 .debug_abbrev  0x000025e3      0x10c ./code/communication/DebugData.o
 .debug_abbrev  0x000026ef      0x1eb ./code/APP/ConctrolLed.o
 .debug_abbrev  0x000028da       0xb5 ./code/APP/Loop.o
 .debug_abbrev  0x0000298f       0x44 ./code/APP/McuDriveInit.o
 .debug_abbrev  0x000029d3      0x173 ./code/APP/Tasksch.o
 .debug_abbrev  0x00002b46      0x223 ./code/APP/main.o
 .debug_abbrev  0x00002d69      0x206 ./code/APP/protect.o
 .debug_abbrev  0x00002f6f       0x12 ./cmsis/startup_at32f423.o
 .debug_abbrev  0x00002f81      0x1b4 ./cmsis/system_at32f423.o

.debug_aranges  0x00000000      0xdb8
 .debug_aranges
                0x00000000      0x180 ./firmware/at32f423_adc.o
 .debug_aranges
                0x00000180      0x158 ./firmware/at32f423_crm.o
 .debug_aranges
                0x000002d8       0xa8 ./firmware/at32f423_dac.o
 .debug_aranges
                0x00000380       0xe0 ./firmware/at32f423_dma.o
 .debug_aranges
                0x00000460       0x90 ./firmware/at32f423_gpio.o
 .debug_aranges
                0x000004f0       0x88 ./firmware/at32f423_misc.o
 .debug_aranges
                0x00000578      0x1f0 ./firmware/at32f423_tmr.o
 .debug_aranges
                0x00000768      0x170 ./firmware/at32f423_usart.o
 .debug_aranges
                0x000008d8       0x50 ./firmware/at32f423_wdt.o
 .debug_aranges
                0x00000928       0x20 ./code/mcu_drive/adc.o
 .debug_aranges
                0x00000948       0x20 ./code/mcu_drive/at32f423_clock.o
 .debug_aranges
                0x00000968       0x88 ./code/mcu_drive/at32f423_int.o
 .debug_aranges
                0x000009f0       0x20 ./code/mcu_drive/dac.o
 .debug_aranges
                0x00000a10       0x38 ./code/mcu_drive/delay.o
 .debug_aranges
                0x00000a48       0x20 ./code/mcu_drive/gpio.o
 .debug_aranges
                0x00000a68       0x38 ./code/mcu_drive/tim.o
 .debug_aranges
                0x00000aa0       0x30 ./code/mcu_drive/usart.o
 .debug_aranges
                0x00000ad0       0x20 ./code/mcu_drive/wdt.o
 .debug_aranges
                0x00000af0       0x40 ./code/communication/CircleBuffer.o
 .debug_aranges
                0x00000b30       0x40 ./code/communication/ComPort.o
 .debug_aranges
                0x00000b70       0x28 ./code/communication/ComTask.o
 .debug_aranges
                0x00000b98       0x30 ./code/communication/Communication.o
 .debug_aranges
                0x00000bc8       0x50 ./code/communication/DebugData.o
 .debug_aranges
                0x00000c18       0x28 ./code/APP/ConctrolLed.o
 .debug_aranges
                0x00000c40       0x30 ./code/APP/Loop.o
 .debug_aranges
                0x00000c70       0x20 ./code/APP/McuDriveInit.o
 .debug_aranges
                0x00000c90       0x60 ./code/APP/Tasksch.o
 .debug_aranges
                0x00000cf0       0x38 ./code/APP/main.o
 .debug_aranges
                0x00000d28       0x38 ./code/APP/protect.o
 .debug_aranges
                0x00000d60       0x28 ./cmsis/startup_at32f423.o
 .debug_aranges
                0x00000d88       0x30 ./cmsis/system_at32f423.o

.debug_ranges   0x00000000      0xbd0
 .debug_ranges  0x00000000      0x170 ./firmware/at32f423_adc.o
 .debug_ranges  0x00000170      0x148 ./firmware/at32f423_crm.o
 .debug_ranges  0x000002b8       0x98 ./firmware/at32f423_dac.o
 .debug_ranges  0x00000350       0xd0 ./firmware/at32f423_dma.o
 .debug_ranges  0x00000420       0x80 ./firmware/at32f423_gpio.o
 .debug_ranges  0x000004a0       0x78 ./firmware/at32f423_misc.o
 .debug_ranges  0x00000518      0x1e0 ./firmware/at32f423_tmr.o
 .debug_ranges  0x000006f8      0x160 ./firmware/at32f423_usart.o
 .debug_ranges  0x00000858       0x40 ./firmware/at32f423_wdt.o
 .debug_ranges  0x00000898       0x10 ./code/mcu_drive/adc.o
 .debug_ranges  0x000008a8       0x10 ./code/mcu_drive/at32f423_clock.o
 .debug_ranges  0x000008b8       0x78 ./code/mcu_drive/at32f423_int.o
 .debug_ranges  0x00000930       0x10 ./code/mcu_drive/dac.o
 .debug_ranges  0x00000940       0x28 ./code/mcu_drive/delay.o
 .debug_ranges  0x00000968       0x10 ./code/mcu_drive/gpio.o
 .debug_ranges  0x00000978       0x28 ./code/mcu_drive/tim.o
 .debug_ranges  0x000009a0       0x20 ./code/mcu_drive/usart.o
 .debug_ranges  0x000009c0       0x10 ./code/mcu_drive/wdt.o
 .debug_ranges  0x000009d0       0x30 ./code/communication/CircleBuffer.o
 .debug_ranges  0x00000a00       0x30 ./code/communication/ComPort.o
 .debug_ranges  0x00000a30       0x18 ./code/communication/ComTask.o
 .debug_ranges  0x00000a48       0x20 ./code/communication/Communication.o
 .debug_ranges  0x00000a68       0x40 ./code/communication/DebugData.o
 .debug_ranges  0x00000aa8       0x18 ./code/APP/ConctrolLed.o
 .debug_ranges  0x00000ac0       0x20 ./code/APP/Loop.o
 .debug_ranges  0x00000ae0       0x10 ./code/APP/McuDriveInit.o
 .debug_ranges  0x00000af0       0x50 ./code/APP/Tasksch.o
 .debug_ranges  0x00000b40       0x28 ./code/APP/main.o
 .debug_ranges  0x00000b68       0x28 ./code/APP/protect.o
 .debug_ranges  0x00000b90       0x20 ./cmsis/startup_at32f423.o
 .debug_ranges  0x00000bb0       0x20 ./cmsis/system_at32f423.o

.debug_line     0x00000000     0x6e7d
 .debug_line    0x00000000      0x903 ./firmware/at32f423_adc.o
 .debug_line    0x00000903      0xbc2 ./firmware/at32f423_crm.o
 .debug_line    0x000014c5      0x549 ./firmware/at32f423_dac.o
 .debug_line    0x00001a0e      0x603 ./firmware/at32f423_dma.o
 .debug_line    0x00002011      0x45c ./firmware/at32f423_gpio.o
 .debug_line    0x0000246d      0x432 ./firmware/at32f423_misc.o
 .debug_line    0x0000289f      0xc0f ./firmware/at32f423_tmr.o
 .debug_line    0x000034ae      0x808 ./firmware/at32f423_usart.o
 .debug_line    0x00003cb6      0x249 ./firmware/at32f423_wdt.o
 .debug_line    0x00003eff      0x29d ./code/mcu_drive/adc.o
 .debug_line    0x0000419c      0x216 ./code/mcu_drive/at32f423_clock.o
 .debug_line    0x000043b2      0x376 ./code/mcu_drive/at32f423_int.o
 .debug_line    0x00004728      0x1be ./code/mcu_drive/dac.o
 .debug_line    0x000048e6      0x207 ./code/mcu_drive/delay.o
 .debug_line    0x00004aed      0x1d8 ./code/mcu_drive/gpio.o
 .debug_line    0x00004cc5      0x22e ./code/mcu_drive/tim.o
 .debug_line    0x00004ef3      0x35f ./code/mcu_drive/usart.o
 .debug_line    0x00005252       0xbf ./code/mcu_drive/wdt.o
 .debug_line    0x00005311      0x1ee ./code/communication/CircleBuffer.o
 .debug_line    0x000054ff      0x1cf ./code/communication/ComPort.o
 .debug_line    0x000056ce      0x1ba ./code/communication/ComTask.o
 .debug_line    0x00005888      0x209 ./code/communication/Communication.o
 .debug_line    0x00005a91      0x22e ./code/communication/DebugData.o
 .debug_line    0x00005cbf      0x369 ./code/APP/ConctrolLed.o
 .debug_line    0x00006028      0x188 ./code/APP/Loop.o
 .debug_line    0x000061b0       0x56 ./code/APP/McuDriveInit.o
 .debug_line    0x00006206      0x2ce ./code/APP/Tasksch.o
 .debug_line    0x000064d4      0x2b9 ./code/APP/main.o
 .debug_line    0x0000678d      0x322 ./code/APP/protect.o
 .debug_line    0x00006aaf       0x77 ./cmsis/startup_at32f423.o
 .debug_line    0x00006b26      0x357 ./cmsis/system_at32f423.o

.debug_str      0x00000000     0xa537
 .debug_str     0x00000000     0x1b77 ./firmware/at32f423_adc.o
                               0x1c06 (size before relaxing)
 .debug_str     0x00001b77     0x233c ./firmware/at32f423_crm.o
                               0x2962 (size before relaxing)
 .debug_str     0x00003eb3      0x75e ./firmware/at32f423_dac.o
                                0xd49 (size before relaxing)
 .debug_str     0x00004611     0x1738 ./firmware/at32f423_dma.o
                               0x191b (size before relaxing)
 .debug_str     0x00005d49      0x9de ./firmware/at32f423_gpio.o
                                0xfa2 (size before relaxing)
 .debug_str     0x00006727      0x8cf ./firmware/at32f423_misc.o
                                0xa70 (size before relaxing)
 .debug_str     0x00006ff6     0x1a37 ./firmware/at32f423_tmr.o
                               0x207e (size before relaxing)
 .debug_str     0x00008a2d      0xaea ./firmware/at32f423_usart.o
                               0x1ae4 (size before relaxing)
 .debug_str     0x00009517      0x1a6 ./firmware/at32f423_wdt.o
                                0x34e (size before relaxing)
 .debug_str     0x000096bd       0x3f ./code/mcu_drive/adc.o
                               0x2584 (size before relaxing)
 .debug_str     0x000096fc      0x471 ./code/mcu_drive/at32f423_clock.o
                                0xc82 (size before relaxing)
 .debug_str     0x00009b6d      0x1a8 ./code/mcu_drive/at32f423_int.o
                                0x804 (size before relaxing)
 .debug_str     0x00009d15       0x21 ./code/mcu_drive/dac.o
                                0xce7 (size before relaxing)
 .debug_str     0x00009d36       0x36 ./code/mcu_drive/delay.o
                                0x1ca (size before relaxing)
 .debug_str     0x00009d6c       0x23 ./code/mcu_drive/gpio.o
                                0xbe9 (size before relaxing)
 .debug_str     0x00009d8f       0x59 ./code/mcu_drive/tim.o
                               0x13b9 (size before relaxing)
 .debug_str     0x00009de8       0x83 ./code/mcu_drive/usart.o
                               0x25de (size before relaxing)
 .debug_str     0x00009e6b       0x21 ./code/mcu_drive/wdt.o
                                0x1bf (size before relaxing)
 .debug_str     0x00009e8c       0x77 ./code/communication/CircleBuffer.o
                                0x3b0 (size before relaxing)
 .debug_str     0x00009f03       0x77 ./code/communication/ComPort.o
                                0x1cd (size before relaxing)
 .debug_str     0x00009f7a       0x96 ./code/communication/ComTask.o
                                0x71a (size before relaxing)
 .debug_str     0x0000a010       0xd0 ./code/communication/Communication.o
                                0x417 (size before relaxing)
 .debug_str     0x0000a0e0       0xe5 ./code/communication/DebugData.o
                                0x2bf (size before relaxing)
 .debug_str     0x0000a1c5       0x74 ./code/APP/ConctrolLed.o
                                0x8e3 (size before relaxing)
 .debug_str     0x0000a239       0x93 ./code/APP/Loop.o
                                0x391 (size before relaxing)
 .debug_str     0x0000a2cc       0x2a ./code/APP/McuDriveInit.o
                                0x154 (size before relaxing)
 .debug_str     0x0000a2f6       0x91 ./code/APP/Tasksch.o
                                0x3a3 (size before relaxing)
 .debug_str     0x0000a387       0x80 ./code/APP/main.o
                                0x8dc (size before relaxing)
 .debug_str     0x0000a407       0xa3 ./code/APP/protect.o
                                0x9eb (size before relaxing)
 .debug_str     0x0000a4aa       0x2a ./cmsis/startup_at32f423.o
                                 0x51 (size before relaxing)
 .debug_str     0x0000a4d4       0x63 ./cmsis/system_at32f423.o
                                0xd94 (size before relaxing)

.comment        0x00000000       0x49
 .comment       0x00000000       0x49 ./firmware/at32f423_adc.o
                                 0x4a (size before relaxing)
 .comment       0x00000049       0x4a ./firmware/at32f423_crm.o
 .comment       0x00000049       0x4a ./firmware/at32f423_dac.o
 .comment       0x00000049       0x4a ./firmware/at32f423_dma.o
 .comment       0x00000049       0x4a ./firmware/at32f423_gpio.o
 .comment       0x00000049       0x4a ./firmware/at32f423_misc.o
 .comment       0x00000049       0x4a ./firmware/at32f423_tmr.o
 .comment       0x00000049       0x4a ./firmware/at32f423_usart.o
 .comment       0x00000049       0x4a ./firmware/at32f423_wdt.o
 .comment       0x00000049       0x4a ./code/mcu_drive/adc.o
 .comment       0x00000049       0x4a ./code/mcu_drive/at32f423_clock.o
 .comment       0x00000049       0x4a ./code/mcu_drive/at32f423_int.o
 .comment       0x00000049       0x4a ./code/mcu_drive/dac.o
 .comment       0x00000049       0x4a ./code/mcu_drive/delay.o
 .comment       0x00000049       0x4a ./code/mcu_drive/gpio.o
 .comment       0x00000049       0x4a ./code/mcu_drive/tim.o
 .comment       0x00000049       0x4a ./code/mcu_drive/usart.o
 .comment       0x00000049       0x4a ./code/mcu_drive/wdt.o
 .comment       0x00000049       0x4a ./code/communication/CircleBuffer.o
 .comment       0x00000049       0x4a ./code/communication/ComPort.o
 .comment       0x00000049       0x4a ./code/communication/ComTask.o
 .comment       0x00000049       0x4a ./code/communication/Communication.o
 .comment       0x00000049       0x4a ./code/communication/DebugData.o
 .comment       0x00000049       0x4a ./code/APP/ConctrolLed.o
 .comment       0x00000049       0x4a ./code/APP/Loop.o
 .comment       0x00000049       0x4a ./code/APP/McuDriveInit.o
 .comment       0x00000049       0x4a ./code/APP/Tasksch.o
 .comment       0x00000049       0x4a ./code/APP/main.o
 .comment       0x00000049       0x4a ./code/APP/protect.o
 .comment       0x00000049       0x4a ./cmsis/system_at32f423.o

.debug_frame    0x00000000     0x3dd4
 .debug_frame   0x00000000      0x70c ./firmware/at32f423_adc.o
 .debug_frame   0x0000070c      0x62c ./firmware/at32f423_crm.o
 .debug_frame   0x00000d38      0x2cc ./firmware/at32f423_dac.o
 .debug_frame   0x00001004      0x3f8 ./firmware/at32f423_dma.o
 .debug_frame   0x000013fc      0x264 ./firmware/at32f423_gpio.o
 .debug_frame   0x00001660      0x210 ./firmware/at32f423_misc.o
 .debug_frame   0x00001870      0x93c ./firmware/at32f423_tmr.o
 .debug_frame   0x000021ac      0x6c4 ./firmware/at32f423_usart.o
 .debug_frame   0x00002870      0x118 ./firmware/at32f423_wdt.o
 .debug_frame   0x00002988       0x34 ./code/mcu_drive/adc.o
 .debug_frame   0x000029bc       0x2c ./code/mcu_drive/at32f423_clock.o
 .debug_frame   0x000029e8      0x1a4 ./code/mcu_drive/at32f423_int.o
 .debug_frame   0x00002b8c       0x34 ./code/mcu_drive/dac.o
 .debug_frame   0x00002bc0       0xa4 ./code/mcu_drive/delay.o
 .debug_frame   0x00002c64       0x34 ./code/mcu_drive/gpio.o
 .debug_frame   0x00002c98       0x90 ./code/mcu_drive/tim.o
 .debug_frame   0x00002d28       0x7c ./code/mcu_drive/usart.o
 .debug_frame   0x00002da4       0x2c ./code/mcu_drive/wdt.o
 .debug_frame   0x00002dd0       0xc0 ./code/communication/CircleBuffer.o
 .debug_frame   0x00002e90       0xc8 ./code/communication/ComPort.o
 .debug_frame   0x00002f58       0x5c ./code/communication/ComTask.o
 .debug_frame   0x00002fb4       0x6c ./code/communication/Communication.o
 .debug_frame   0x00003020       0xf4 ./code/communication/DebugData.o
 .debug_frame   0x00003114       0x50 ./code/APP/ConctrolLed.o
 .debug_frame   0x00003164       0x68 ./code/APP/Loop.o
 .debug_frame   0x000031cc       0x2c ./code/APP/McuDriveInit.o
 .debug_frame   0x000031f8      0x170 ./code/APP/Tasksch.o
 .debug_frame   0x00003368       0x8c ./code/APP/main.o
 .debug_frame   0x000033f4       0x94 ./code/APP/protect.o
 .debug_frame   0x00003488       0x84 ./cmsis/system_at32f423.o
 .debug_frame   0x0000350c       0xac d:/at32ide/platform/tools/gcc-arm-none-eabi-10.3-2021.10/bin/../lib/gcc/arm-none-eabi/10.3.1/thumb/v7e-m/nofp\libgcc.a(_arm_addsubdf3.o)
 .debug_frame   0x000035b8       0xc4 d:/at32ide/platform/tools/gcc-arm-none-eabi-10.3-2021.10/bin/../lib/gcc/arm-none-eabi/10.3.1/thumb/v7e-m/nofp\libgcc.a(_arm_cmpdf2.o)
 .debug_frame   0x0000367c       0x4c d:/at32ide/platform/tools/gcc-arm-none-eabi-10.3-2021.10/bin/../lib/gcc/arm-none-eabi/10.3.1/thumb/v7e-m/nofp\libgcc.a(_arm_addsubsf3.o)
 .debug_frame   0x000036c8       0x38 d:/at32ide/platform/tools/gcc-arm-none-eabi-10.3-2021.10/bin/../lib/gcc/arm-none-eabi/10.3.1/thumb/v7e-m/nofp\libgcc.a(_arm_muldivsf3.o)
 .debug_frame   0x00003700       0xc8 d:/at32ide/platform/tools/gcc-arm-none-eabi-10.3-2021.10/bin/../lib/gcc/arm-none-eabi/10.3.1/thumb/v7e-m/nofp\libgcc.a(_arm_cmpsf2.o)
 .debug_frame   0x000037c8       0x2c d:/at32ide/platform/tools/gcc-arm-none-eabi-10.3-2021.10/bin/../lib/gcc/arm-none-eabi/10.3.1/thumb/v7e-m/nofp\libgcc.a(_aeabi_uldivmod.o)
 .debug_frame   0x000037f4       0x34 d:/at32ide/platform/tools/gcc-arm-none-eabi-10.3-2021.10/bin/../lib/gcc/arm-none-eabi/10.3.1/thumb/v7e-m/nofp\libgcc.a(_udivmoddi4.o)
 .debug_frame   0x00003828       0x2c d:/at32ide/platform/tools/gcc-arm-none-eabi-10.3-2021.10/bin/../lib/gcc/arm-none-eabi/10.3.1/../../../../arm-none-eabi/lib/thumb/v7e-m/nofp\libg_nano.a(lib_a-init.o)
 .debug_frame   0x00003854       0x28 d:/at32ide/platform/tools/gcc-arm-none-eabi-10.3-2021.10/bin/../lib/gcc/arm-none-eabi/10.3.1/../../../../arm-none-eabi/lib/thumb/v7e-m/nofp\libg_nano.a(lib_a-memcpy-stub.o)
 .debug_frame   0x0000387c       0x20 d:/at32ide/platform/tools/gcc-arm-none-eabi-10.3-2021.10/bin/../lib/gcc/arm-none-eabi/10.3.1/../../../../arm-none-eabi/lib/thumb/v7e-m/nofp\libg_nano.a(lib_a-memset.o)
 .debug_frame   0x0000389c       0x6c d:/at32ide/platform/tools/gcc-arm-none-eabi-10.3-2021.10/bin/../lib/gcc/arm-none-eabi/10.3.1/../../../../arm-none-eabi/lib/thumb/v7e-m/nofp\libg_nano.a(lib_a-sprintf.o)
 .debug_frame   0x00003908       0x38 d:/at32ide/platform/tools/gcc-arm-none-eabi-10.3-2021.10/bin/../lib/gcc/arm-none-eabi/10.3.1/../../../../arm-none-eabi/lib/thumb/v7e-m/nofp\libg_nano.a(lib_a-nano-freer.o)
 .debug_frame   0x00003940       0x4c d:/at32ide/platform/tools/gcc-arm-none-eabi-10.3-2021.10/bin/../lib/gcc/arm-none-eabi/10.3.1/../../../../arm-none-eabi/lib/thumb/v7e-m/nofp\libg_nano.a(lib_a-nano-mallocr.o)
 .debug_frame   0x0000398c       0x90 d:/at32ide/platform/tools/gcc-arm-none-eabi-10.3-2021.10/bin/../lib/gcc/arm-none-eabi/10.3.1/../../../../arm-none-eabi/lib/thumb/v7e-m/nofp\libg_nano.a(lib_a-nano-svfprintf.o)
 .debug_frame   0x00003a1c       0x60 d:/at32ide/platform/tools/gcc-arm-none-eabi-10.3-2021.10/bin/../lib/gcc/arm-none-eabi/10.3.1/../../../../arm-none-eabi/lib/thumb/v7e-m/nofp\libg_nano.a(lib_a-nano-vfprintf_i.o)
 .debug_frame   0x00003a7c       0x2c d:/at32ide/platform/tools/gcc-arm-none-eabi-10.3-2021.10/bin/../lib/gcc/arm-none-eabi/10.3.1/../../../../arm-none-eabi/lib/thumb/v7e-m/nofp\libg_nano.a(lib_a-sbrkr.o)
 .debug_frame   0x00003aa8      0x14c d:/at32ide/platform/tools/gcc-arm-none-eabi-10.3-2021.10/bin/../lib/gcc/arm-none-eabi/10.3.1/../../../../arm-none-eabi/lib/thumb/v7e-m/nofp\libg_nano.a(lib_a-findfp.o)
 .debug_frame   0x00003bf4       0xb0 d:/at32ide/platform/tools/gcc-arm-none-eabi-10.3-2021.10/bin/../lib/gcc/arm-none-eabi/10.3.1/../../../../arm-none-eabi/lib/thumb/v7e-m/nofp\libg_nano.a(lib_a-lock.o)
 .debug_frame   0x00003ca4       0x28 d:/at32ide/platform/tools/gcc-arm-none-eabi-10.3-2021.10/bin/../lib/gcc/arm-none-eabi/10.3.1/../../../../arm-none-eabi/lib/thumb/v7e-m/nofp\libg_nano.a(lib_a-memmove.o)
 .debug_frame   0x00003ccc       0x30 d:/at32ide/platform/tools/gcc-arm-none-eabi-10.3-2021.10/bin/../lib/gcc/arm-none-eabi/10.3.1/../../../../arm-none-eabi/lib/thumb/v7e-m/nofp\libg_nano.a(lib_a-mlock.o)
 .debug_frame   0x00003cfc       0x3c d:/at32ide/platform/tools/gcc-arm-none-eabi-10.3-2021.10/bin/../lib/gcc/arm-none-eabi/10.3.1/../../../../arm-none-eabi/lib/thumb/v7e-m/nofp\libg_nano.a(lib_a-nano-reallocr.o)
 .debug_frame   0x00003d38       0x5c d:/at32ide/platform/tools/gcc-arm-none-eabi-10.3-2021.10/bin/../lib/gcc/arm-none-eabi/10.3.1/../../../../arm-none-eabi/lib/thumb/v7e-m/nofp\libg_nano.a(lib_a-reent.o)
 .debug_frame   0x00003d94       0x20 d:/at32ide/platform/tools/gcc-arm-none-eabi-10.3-2021.10/bin/../lib/gcc/arm-none-eabi/10.3.1/../../../../arm-none-eabi/lib/thumb/v7e-m/nofp\libg_nano.a(lib_a-nano-msizer.o)
 .debug_frame   0x00003db4       0x20 d:/at32ide/platform/tools/gcc-arm-none-eabi-10.3-2021.10/bin/../lib/gcc/arm-none-eabi/10.3.1/../../../../arm-none-eabi/lib/thumb/v7e-m/nofp\libnosys.a(sbrk.o)

.stabstr        0x00000000      0x1b9
 .stabstr       0x00000000      0x1b9 d:/at32ide/platform/tools/gcc-arm-none-eabi-10.3-2021.10/bin/../lib/gcc/arm-none-eabi/10.3.1/../../../../arm-none-eabi/lib/thumb/v7e-m/nofp\libnosys.a(close.o)
