Archive member included to satisfy reference by file (symbol)

d:/at32ide/platform/tools/gcc-arm-none-eabi-10.3-2021.10/bin/../lib/gcc/arm-none-eabi/10.3.1/../../../../arm-none-eabi/lib/thumb/v7e-m/nofp\libm.a(lib_a-sf_cos.o)
                              ./code/communication/ComPort.o (cosf)
d:/at32ide/platform/tools/gcc-arm-none-eabi-10.3-2021.10/bin/../lib/gcc/arm-none-eabi/10.3.1/../../../../arm-none-eabi/lib/thumb/v7e-m/nofp\libm.a(lib_a-sf_sin.o)
                              ./code/communication/ComPort.o (sinf)
d:/at32ide/platform/tools/gcc-arm-none-eabi-10.3-2021.10/bin/../lib/gcc/arm-none-eabi/10.3.1/../../../../arm-none-eabi/lib/thumb/v7e-m/nofp\libm.a(lib_a-wf_asin.o)
                              ./code/communication/ComPort.o (asinf)
d:/at32ide/platform/tools/gcc-arm-none-eabi-10.3-2021.10/bin/../lib/gcc/arm-none-eabi/10.3.1/../../../../arm-none-eabi/lib/thumb/v7e-m/nofp\libm.a(lib_a-wf_atan2.o)
                              ./code/communication/ComPort.o (atan2f)
d:/at32ide/platform/tools/gcc-arm-none-eabi-10.3-2021.10/bin/../lib/gcc/arm-none-eabi/10.3.1/../../../../arm-none-eabi/lib/thumb/v7e-m/nofp\libm.a(lib_a-wf_sqrt.o)
                              ./code/communication/ComPort.o (sqrtf)
d:/at32ide/platform/tools/gcc-arm-none-eabi-10.3-2021.10/bin/../lib/gcc/arm-none-eabi/10.3.1/../../../../arm-none-eabi/lib/thumb/v7e-m/nofp\libm.a(lib_a-ef_asin.o)
                              d:/at32ide/platform/tools/gcc-arm-none-eabi-10.3-2021.10/bin/../lib/gcc/arm-none-eabi/10.3.1/../../../../arm-none-eabi/lib/thumb/v7e-m/nofp\libm.a(lib_a-wf_asin.o) (__ieee754_asinf)
d:/at32ide/platform/tools/gcc-arm-none-eabi-10.3-2021.10/bin/../lib/gcc/arm-none-eabi/10.3.1/../../../../arm-none-eabi/lib/thumb/v7e-m/nofp\libm.a(lib_a-ef_atan2.o)
                              d:/at32ide/platform/tools/gcc-arm-none-eabi-10.3-2021.10/bin/../lib/gcc/arm-none-eabi/10.3.1/../../../../arm-none-eabi/lib/thumb/v7e-m/nofp\libm.a(lib_a-wf_atan2.o) (__ieee754_atan2f)
d:/at32ide/platform/tools/gcc-arm-none-eabi-10.3-2021.10/bin/../lib/gcc/arm-none-eabi/10.3.1/../../../../arm-none-eabi/lib/thumb/v7e-m/nofp\libm.a(lib_a-ef_rem_pio2.o)
                              d:/at32ide/platform/tools/gcc-arm-none-eabi-10.3-2021.10/bin/../lib/gcc/arm-none-eabi/10.3.1/../../../../arm-none-eabi/lib/thumb/v7e-m/nofp\libm.a(lib_a-sf_cos.o) (__ieee754_rem_pio2f)
d:/at32ide/platform/tools/gcc-arm-none-eabi-10.3-2021.10/bin/../lib/gcc/arm-none-eabi/10.3.1/../../../../arm-none-eabi/lib/thumb/v7e-m/nofp\libm.a(lib_a-ef_sqrt.o)
                              d:/at32ide/platform/tools/gcc-arm-none-eabi-10.3-2021.10/bin/../lib/gcc/arm-none-eabi/10.3.1/../../../../arm-none-eabi/lib/thumb/v7e-m/nofp\libm.a(lib_a-wf_sqrt.o) (__ieee754_sqrtf)
d:/at32ide/platform/tools/gcc-arm-none-eabi-10.3-2021.10/bin/../lib/gcc/arm-none-eabi/10.3.1/../../../../arm-none-eabi/lib/thumb/v7e-m/nofp\libm.a(lib_a-kf_cos.o)
                              d:/at32ide/platform/tools/gcc-arm-none-eabi-10.3-2021.10/bin/../lib/gcc/arm-none-eabi/10.3.1/../../../../arm-none-eabi/lib/thumb/v7e-m/nofp\libm.a(lib_a-sf_cos.o) (__kernel_cosf)
d:/at32ide/platform/tools/gcc-arm-none-eabi-10.3-2021.10/bin/../lib/gcc/arm-none-eabi/10.3.1/../../../../arm-none-eabi/lib/thumb/v7e-m/nofp\libm.a(lib_a-kf_rem_pio2.o)
                              d:/at32ide/platform/tools/gcc-arm-none-eabi-10.3-2021.10/bin/../lib/gcc/arm-none-eabi/10.3.1/../../../../arm-none-eabi/lib/thumb/v7e-m/nofp\libm.a(lib_a-ef_rem_pio2.o) (__kernel_rem_pio2f)
d:/at32ide/platform/tools/gcc-arm-none-eabi-10.3-2021.10/bin/../lib/gcc/arm-none-eabi/10.3.1/../../../../arm-none-eabi/lib/thumb/v7e-m/nofp\libm.a(lib_a-kf_sin.o)
                              d:/at32ide/platform/tools/gcc-arm-none-eabi-10.3-2021.10/bin/../lib/gcc/arm-none-eabi/10.3.1/../../../../arm-none-eabi/lib/thumb/v7e-m/nofp\libm.a(lib_a-sf_cos.o) (__kernel_sinf)
d:/at32ide/platform/tools/gcc-arm-none-eabi-10.3-2021.10/bin/../lib/gcc/arm-none-eabi/10.3.1/../../../../arm-none-eabi/lib/thumb/v7e-m/nofp\libm.a(lib_a-sf_atan.o)
                              d:/at32ide/platform/tools/gcc-arm-none-eabi-10.3-2021.10/bin/../lib/gcc/arm-none-eabi/10.3.1/../../../../arm-none-eabi/lib/thumb/v7e-m/nofp\libm.a(lib_a-ef_atan2.o) (atanf)
d:/at32ide/platform/tools/gcc-arm-none-eabi-10.3-2021.10/bin/../lib/gcc/arm-none-eabi/10.3.1/../../../../arm-none-eabi/lib/thumb/v7e-m/nofp\libm.a(lib_a-sf_fabs.o)
                              d:/at32ide/platform/tools/gcc-arm-none-eabi-10.3-2021.10/bin/../lib/gcc/arm-none-eabi/10.3.1/../../../../arm-none-eabi/lib/thumb/v7e-m/nofp\libm.a(lib_a-wf_asin.o) (fabsf)
d:/at32ide/platform/tools/gcc-arm-none-eabi-10.3-2021.10/bin/../lib/gcc/arm-none-eabi/10.3.1/../../../../arm-none-eabi/lib/thumb/v7e-m/nofp\libm.a(lib_a-sf_floor.o)
                              d:/at32ide/platform/tools/gcc-arm-none-eabi-10.3-2021.10/bin/../lib/gcc/arm-none-eabi/10.3.1/../../../../arm-none-eabi/lib/thumb/v7e-m/nofp\libm.a(lib_a-kf_rem_pio2.o) (floorf)
[...]
Memory Configuration

Name             Origin             Length             Attributes
FLASH            0x08000000         0x00040000         xr
RAM              0x20000000         0x0000c000         xrw
*default*        0x00000000         0xffffffff

Linker script and memory map

LOAD d:/at32ide/platform/tools/gcc-arm-none-eabi-10.3-2021.10/bin/../lib/gcc/arm-none-eabi/10.3.1/thumb/v7e-m/nofp/crti.o
LOAD d:/at32ide/platform/tools/gcc-arm-none-eabi-10.3-2021.10/bin/../lib/gcc/arm-none-eabi/10.3.1/thumb/v7e-m/nofp/crtbegin.o
LOAD d:/at32ide/platform/tools/gcc-arm-none-eabi-10.3-2021.10/bin/../lib/gcc/arm-none-eabi/10.3.1/../../../../arm-none-eabi/lib/thumb/v7e-m/nofp/crt0.o
LOAD ./firmware/at32f423_acc.o
LOAD ./firmware/at32f423_adc.o
LOAD ./firmware/at32f423_can.o
LOAD ./firmware/at32f423_crc.o
LOAD ./firmware/at32f423_crm.o
LOAD ./firmware/at32f423_dac.o
LOAD ./firmware/at32f423_debug.o
LOAD ./firmware/at32f423_dma.o
LOAD ./firmware/at32f423_ertc.o
LOAD ./firmware/at32f423_exint.o
LOAD ./firmware/at32f423_flash.o
LOAD ./firmware/at32f423_gpio.o
LOAD ./firmware/at32f423_i2c.o
LOAD ./firmware/at32f423_misc.o
LOAD ./firmware/at32f423_pwc.o
LOAD ./firmware/at32f423_scfg.o
LOAD ./firmware/at32f423_spi.o
LOAD ./firmware/at32f423_tmr.o
LOAD ./firmware/at32f423_usart.o
LOAD ./firmware/at32f423_usb.o
LOAD ./firmware/at32f423_wdt.o
LOAD ./firmware/at32f423_wwdt.o
LOAD ./firmware/at32f423_xmc.o
LOAD ./code/mcu_drive/adc.o
LOAD ./code/mcu_drive/at32f423_clock.o
LOAD ./code/mcu_drive/at32f423_int.o
LOAD ./code/mcu_drive/dac.o
LOAD ./code/mcu_drive/delay.o
LOAD ./code/mcu_drive/flash.o
LOAD ./code/mcu_drive/gpio.o
LOAD ./code/mcu_drive/tim.o
LOAD ./code/mcu_drive/usart.o
LOAD ./code/mcu_drive/wdt.o
LOAD ./code/communication/CircleBuffer.o
LOAD ./code/communication/ComPort.o
LOAD ./code/communication/ComTask.o
LOAD ./code/communication/Communication.o
LOAD ./code/communication/DebugData.o
LOAD ./code/Instruction/PCDataConvert.o
LOAD ./code/APP/ConctrolLed.o
LOAD ./code/APP/Loop.o
LOAD ./code/APP/McuDriveInit.o
LOAD ./code/APP/Tasksch.o
LOAD ./code/APP/UserIdentifier.o
LOAD ./code/APP/main.o
LOAD ./code/APP/protect.o
LOAD ./code/APP/version.o
LOAD ./cmsis/startup_at32f423.o
LOAD ./cmsis/system_at32f423.o
LOAD d:/at32ide/platform/tools/gcc-arm-none-eabi-10.3-2021.10/bin/../lib/gcc/arm-none-eabi/10.3.1/../../../../arm-none-eabi/lib/thumb/v7e-m/nofp\libm.a
START GROUP
LOAD d:/at32ide/platform/tools/gcc-arm-none-eabi-10.3-2021.10/bin/../lib/gcc/arm-none-eabi/10.3.1/thumb/v7e-m/nofp\libgcc.a
LOAD d:/at32ide/platform/tools/gcc-arm-none-eabi-10.3-2021.10/bin/../lib/gcc/arm-none-eabi/10.3.1/../../../../arm-none-eabi/lib/thumb/v7e-m/nofp\libg_nano.a
LOAD d:/at32ide/platform/tools/gcc-arm-none-eabi-10.3-2021.10/bin/../lib/gcc/arm-none-eabi/10.3.1/../../../../arm-none-eabi/lib/thumb/v7e-m/nofp\libc_nano.a
END GROUP
START GROUP
LOAD d:/at32ide/platform/tools/gcc-arm-none-eabi-10.3-2021.10/bin/../lib/gcc/arm-none-eabi/10.3.1/thumb/v7e-m/nofp\libgcc.a
LOAD d:/at32ide/platform/tools/gcc-arm-none-eabi-10.3-2021.10/bin/../lib/gcc/arm-none-eabi/10.3.1/../../../../arm-none-eabi/lib/thumb/v7e-m/nofp\libc_nano.a
LOAD d:/at32ide/platform/tools/gcc-arm-none-eabi-10.3-2021.10/bin/../lib/gcc/arm-none-eabi/10.3.1/../../../../arm-none-eabi/lib/thumb/v7e-m/nofp\libnosys.a
END GROUP
START GROUP
LOAD d:/at32ide/platform/tools/gcc-arm-none-eabi-10.3-2021.10/bin/../lib/gcc/arm-none-eabi/10.3.1/thumb/v7e-m/nofp\libgcc.a
LOAD d:/at32ide/platform/tools/gcc-arm-none-eabi-10.3-2021.10/bin/../lib/gcc/arm-none-eabi/10.3.1/../../../../arm-none-eabi/lib/thumb/v7e-m/nofp\libc_nano.a
LOAD d:/at32ide/platform/tools/gcc-arm-none-eabi-10.3-2021.10/bin/../lib/gcc/arm-none-eabi/10.3.1/../../../../arm-none-eabi/lib/thumb/v7e-m/nofp\libnosys.a
END GROUP
LOAD d:/at32ide/platform/tools/gcc-arm-none-eabi-10.3-2021.10/bin/../lib/gcc/arm-none-eabi/10.3.1/thumb/v7e-m/nofp/crtend.o
LOAD d:/at32ide/platform/tools/gcc-arm-none-eabi-10.3-2021.10/bin/../lib/gcc/arm-none-eabi/10.3.1/thumb/v7e-m/nofp/crtn.o
                0x2000c000                _estack = 0x2000c000
                0x00000200                _Min_Heap_Size = 0x200
                0x00000400                _Min_Stack_Size = 0x400

.isr_vector     0x08000000      0x1e0
                0x08000000                . = ALIGN (0x4)
 *(.isr_vector)
 .isr_vector    0x08000000      0x1e0 ./cmsis/startup_at32f423.o
                0x08000000                g_pfnVectors
                0x080001e0                . = ALIGN (0x4)

.text           0x080001e0     0x6b5c
                0x080001e0                . = ALIGN (0x4)
 *(.text)
 .text          0x080001e0       0x40 d:/at32ide/platform/tools/gcc-arm-none-eabi-10.3-2021.10/bin/../lib/gcc/arm-none-eabi/10.3.1/thumb/v7e-m/nofp/crtbegin.o
 .text          0x08000220      0x378 d:/at32ide/platform/tools/gcc-arm-none-eabi-10.3-2021.10/bin/../lib/gcc/arm-none-eabi/10.3.1/thumb/v7e-m/nofp\libgcc.a(_arm_addsubdf3.o)
                0x08000220                __aeabi_drsub
                0x08000228                __aeabi_dsub
                0x08000228                __subdf3
                0x0800022c                __aeabi_dadd
                0x0800022c                __adddf3
                0x080004a4                __floatunsidf
                0x080004a4                __aeabi_ui2d
                0x080004c4                __floatsidf
                0x080004c4                __aeabi_i2d
                0x080004e8                __aeabi_f2d
                0x080004e8                __extendsfdf2
                0x0800052c                __floatundidf
                0x0800052c                __aeabi_ul2d
                0x0800053c                __floatdidf
                0x0800053c                __aeabi_l2d
 .text          0x08000598      0x110 d:/at32ide/platform/tools/gcc-arm-none-eabi-10.3-2021.10/bin/../lib/gcc/arm-none-eabi/10.3.1/thumb/v7e-m/nofp\libgcc.a(_arm_cmpdf2.o)
                0x08000598                __gtdf2
                0x08000598                __gedf2
                0x080005a0                __ltdf2
                0x080005a0                __ledf2
                0x080005a8                __nedf2
                0x080005a8                __eqdf2
                0x080005a8                __cmpdf2
                0x08000624                __aeabi_cdrcmple
                0x08000634                __aeabi_cdcmpeq
                0x08000634                __aeabi_cdcmple
                0x08000644                __aeabi_dcmpeq
                0x08000658                __aeabi_dcmplt
                0x0800066c                __aeabi_dcmple
                0x08000680                __aeabi_dcmpge
                0x08000694                __aeabi_dcmpgt
 .text          0x080006a8      0x21c d:/at32ide/platform/tools/gcc-arm-none-eabi-10.3-2021.10/bin/../lib/gcc/arm-none-eabi/10.3.1/thumb/v7e-m/nofp\libgcc.a(_arm_addsubsf3.o)
                0x080006a8                __aeabi_frsub
                0x080006b0                __subsf3
                0x080006b0                __aeabi_fsub
                0x080006b4                __aeabi_fadd
                0x080006b4                __addsf3
                0x08000814                __aeabi_ui2f
                0x08000814                __floatunsisf
                0x0800081c                __aeabi_i2f
                0x0800081c                __floatsisf
                0x08000838                __aeabi_ul2f
                0x08000838                __floatundisf
                0x08000848                __aeabi_l2f
                0x08000848                __floatdisf
 .text          0x080008c4      0x2a0 d:/at32ide/platform/tools/gcc-arm-none-eabi-10.3-2021.10/bin/../lib/gcc/arm-none-eabi/10.3.1/thumb/v7e-m/nofp\libgcc.a(_arm_muldivsf3.o)
                0x080008c4                __mulsf3
                0x080008c4                __aeabi_fmul
                0x08000a2c                __aeabi_fdiv
                0x08000a2c                __divsf3
 .text          0x08000b64       0xec d:/at32ide/platform/tools/gcc-arm-none-eabi-10.3-2021.10/bin/../lib/gcc/arm-none-eabi/10.3.1/thumb/v7e-m/nofp\libgcc.a(_arm_cmpsf2.o)
                0x08000b64                __gesf2
                0x08000b64                __gtsf2
                0x08000b6c                __lesf2
                0x08000b6c                __ltsf2
                0x08000b74                __nesf2
                0x08000b74                __eqsf2
                0x08000b74                __cmpsf2
                0x08000bd4                __aeabi_cfrcmple
                0x08000bdc                __aeabi_cfcmpeq
                0x08000bdc                __aeabi_cfcmple
                0x08000bec                __aeabi_fcmpeq
                0x08000c00                __aeabi_fcmplt
                0x08000c14                __aeabi_fcmple
                0x08000c28                __aeabi_fcmpge
                0x08000c3c                __aeabi_fcmpgt
 .text          0x08000c50       0x4c d:/at32ide/platform/tools/gcc-arm-none-eabi-10.3-2021.10/bin/../lib/gcc/arm-none-eabi/10.3.1/thumb/v7e-m/nofp\libgcc.a(_arm_fixsfsi.o)
                0x08000c50                __aeabi_f2iz
                0x08000c50                __fixsfsi
 .text          0x08000c9c       0x30 d:/at32ide/platform/tools/gcc-arm-none-eabi-10.3-2021.10/bin/../lib/gcc/arm-none-eabi/10.3.1/thumb/v7e-m/nofp\libgcc.a(_aeabi_uldivmod.o)
                0x08000c9c                __aeabi_uldivmod
 .text          0x08000ccc      0x2d0 d:/at32ide/platform/tools/gcc-arm-none-eabi-10.3-2021.10/bin/../lib/gcc/arm-none-eabi/10.3.1/thumb/v7e-m/nofp\libgcc.a(_udivmoddi4.o)
                0x08000ccc                __udivmoddi4
 .text          0x08000f9c        0x4 d:/at32ide/platform/tools/gcc-arm-none-eabi-10.3-2021.10/bin/../lib/gcc/arm-none-eabi/10.3.1/thumb/v7e-m/nofp\libgcc.a(_dvmd_tls.o)
                0x08000f9c                __aeabi_idiv0
                0x08000f9c                __aeabi_ldiv0
 *(.text*)
 .text.adc_enable
                0x08000fa0       0x28 ./firmware/at32f423_adc.o
                0x08000fa0                adc_enable
 .text.adc_base_default_para_init
                0x08000fc8       0x2a ./firmware/at32f423_adc.o
                0x08000fc8                adc_base_default_para_init
 .text.adc_base_config
                0x08000ff2       0x70 ./firmware/at32f423_adc.o
                0x08000ff2                adc_base_config
 .text.adc_common_default_para_init
                0x08001062       0x1e ./firmware/at32f423_adc.o
                0x08001062                adc_common_default_para_init
 .text.adc_common_config
                0x08001080       0x40 ./firmware/at32f423_adc.o
                0x08001080                adc_common_config
 .text.adc_resolution_set
                0x080010c0       0x28 ./firmware/at32f423_adc.o
                0x080010c0                adc_resolution_set
 .text.adc_dma_mode_enable
                0x080010e8       0x28 ./firmware/at32f423_adc.o
                0x080010e8                adc_dma_mode_enable
 .text.adc_dma_request_repeat_enable
                0x08001110       0x28 ./firmware/at32f423_adc.o
                0x08001110                adc_dma_request_repeat_enable
 .text.adc_calibration_init
                0x08001138       0x1c ./firmware/at32f423_adc.o
                0x08001138                adc_calibration_init
 .text.adc_calibration_init_status_get
                0x08001154       0x26 ./firmware/at32f423_adc.o
                0x08001154                adc_calibration_init_status_get
 .text.adc_calibration_start
                0x0800117a       0x1c ./firmware/at32f423_adc.o
                0x0800117a                adc_calibration_start
 .text.adc_calibration_status_get
                0x08001196       0x26 ./firmware/at32f423_adc.o
                0x08001196                adc_calibration_status_get
 .text.adc_ordinary_channel_set
                0x080011bc      0x29e ./firmware/at32f423_adc.o
                0x080011bc                adc_ordinary_channel_set
 .text.adc_ordinary_conversion_trigger_set
                0x0800145a       0x3e ./firmware/at32f423_adc.o
                0x0800145a                adc_ordinary_conversion_trigger_set
 .text.adc_ordinary_software_trigger_enable
                0x08001498       0x28 ./firmware/at32f423_adc.o
                0x08001498                adc_ordinary_software_trigger_enable
 .text.adc_flag_get
                0x080014c0       0x32 ./firmware/at32f423_adc.o
                0x080014c0                adc_flag_get
 *fill*         0x080014f2        0x2 
 .text.crm_reset
                0x080014f4       0x98 ./firmware/at32f423_crm.o
                0x080014f4                crm_reset
 .text.crm_flag_get
                0x0800158c       0x4e ./firmware/at32f423_crm.o
                0x0800158c                crm_flag_get
 .text.crm_periph_clock_enable
                0x080015da       0x7a ./firmware/at32f423_crm.o
                0x080015da                crm_periph_clock_enable
 .text.crm_clock_source_enable
                0x08001654       0xa4 ./firmware/at32f423_crm.o
                0x08001654                crm_clock_source_enable
 .text.crm_ahb_div_set
                0x080016f8       0x34 ./firmware/at32f423_crm.o
                0x080016f8                crm_ahb_div_set
 .text.crm_apb1_div_set
                0x0800172c       0x2c ./firmware/at32f423_crm.o
                0x0800172c                crm_apb1_div_set
 .text.crm_apb2_div_set
                0x08001758       0x2c ./firmware/at32f423_crm.o
                0x08001758                crm_apb2_div_set
 .text.crm_auto_step_mode_enable
                0x08001784       0x3c ./firmware/at32f423_crm.o
                0x08001784                crm_auto_step_mode_enable
 .text.crm_usart_clock_get
                0x080017c0       0x5c ./firmware/at32f423_crm.o
                0x080017c0                crm_usart_clock_get
 .text.crm_adc_clock_select
                0x0800181c       0x30 ./firmware/at32f423_crm.o
                0x0800181c                crm_adc_clock_select
 .text.crm_pll_config
                0x0800184c       0x88 ./firmware/at32f423_crm.o
                0x0800184c                crm_pll_config
 .text.crm_sysclk_switch
                0x080018d4       0x34 ./firmware/at32f423_crm.o
                0x080018d4                crm_sysclk_switch
 .text.crm_sysclk_switch_status_get
                0x08001908       0x1c ./firmware/at32f423_crm.o
                0x08001908                crm_sysclk_switch_status_get
 .text.crm_clocks_freq_get
                0x08001924      0x1e8 ./firmware/at32f423_crm.o
                0x08001924                crm_clocks_freq_get
 .text.dac_enable
                0x08001b0c       0x54 ./firmware/at32f423_dac.o
                0x08001b0c                dac_enable
 .text.dac_output_buffer_enable
                0x08001b60       0x60 ./firmware/at32f423_dac.o
                0x08001b60                dac_output_buffer_enable
 .text.dac_trigger_enable
                0x08001bc0       0x54 ./firmware/at32f423_dac.o
                0x08001bc0                dac_trigger_enable
 .text.dac_trigger_select
                0x08001c14       0x54 ./firmware/at32f423_dac.o
                0x08001c14                dac_trigger_select
 .text.dac_software_trigger_generate
                0x08001c68       0x3c ./firmware/at32f423_dac.o
                0x08001c68                dac_software_trigger_generate
 .text.dac_1_data_set
                0x08001ca4       0x1c ./firmware/at32f423_dac.o
                0x08001ca4                dac_1_data_set
 .text.dma_reset
                0x08001cc0       0xac ./firmware/at32f423_dma.o
                0x08001cc0                dma_reset
 .text.dma_data_number_set
                0x08001d6c       0x1c ./firmware/at32f423_dma.o
                0x08001d6c                dma_data_number_set
 .text.dma_interrupt_enable
                0x08001d88       0x3a ./firmware/at32f423_dma.o
                0x08001d88                dma_interrupt_enable
 .text.dma_channel_enable
                0x08001dc2       0x28 ./firmware/at32f423_dma.o
                0x08001dc2                dma_channel_enable
 *fill*         0x08001dea        0x2 
 .text.dma_flag_get
                0x08001dec       0x44 ./firmware/at32f423_dma.o
                0x08001dec                dma_flag_get
 .text.dma_flag_clear
                0x08001e30       0x34 ./firmware/at32f423_dma.o
                0x08001e30                dma_flag_clear
 .text.dma_default_para_init
                0x08001e64       0x4e ./firmware/at32f423_dma.o
                0x08001e64                dma_default_para_init
 .text.dma_init
                0x08001eb2       0xc6 ./firmware/at32f423_dma.o
                0x08001eb2                dma_init
 .text.dmamux_enable
                0x08001f78       0x2c ./firmware/at32f423_dma.o
                0x08001f78                dmamux_enable
 .text.dmamux_init
                0x08001fa4       0x28 ./firmware/at32f423_dma.o
                0x08001fa4                dmamux_init
 .text.gpio_init
                0x08001fcc       0xf2 ./firmware/at32f423_gpio.o
                0x08001fcc                gpio_init
 .text.gpio_default_para_init
                0x080020be       0x32 ./firmware/at32f423_gpio.o
                0x080020be                gpio_default_para_init
 .text.gpio_bits_set
                0x080020f0       0x1c ./firmware/at32f423_gpio.o
                0x080020f0                gpio_bits_set
 .text.gpio_bits_reset
                0x0800210c       0x1c ./firmware/at32f423_gpio.o
                0x0800210c                gpio_bits_reset
 .text.gpio_pin_mux_config
                0x08002128       0x92 ./firmware/at32f423_gpio.o
                0x08002128                gpio_pin_mux_config
 *fill*         0x080021ba        0x2 
 .text.__NVIC_SetPriorityGrouping
                0x080021bc       0x48 ./firmware/at32f423_misc.o
 .text.__NVIC_GetPriorityGrouping
                0x08002204       0x1c ./firmware/at32f423_misc.o
 .text.__NVIC_EnableIRQ
                0x08002220       0x38 ./firmware/at32f423_misc.o
 .text.__NVIC_SetPriority
                0x08002258       0x54 ./firmware/at32f423_misc.o
 .text.NVIC_EncodePriority
                0x080022ac       0x64 ./firmware/at32f423_misc.o
 .text.nvic_irq_enable
                0x08002310       0x42 ./firmware/at32f423_misc.o
                0x08002310                nvic_irq_enable
 .text.nvic_priority_group_config
                0x08002352       0x1a ./firmware/at32f423_misc.o
                0x08002352                nvic_priority_group_config
 .text.tmr_counter_enable
                0x0800236c       0x28 ./firmware/at32f423_tmr.o
                0x0800236c                tmr_counter_enable
 .text.tmr_base_init
                0x08002394       0x2c ./firmware/at32f423_tmr.o
                0x08002394                tmr_base_init
 .text.tmr_clock_source_div_set
                0x080023c0       0x28 ./firmware/at32f423_tmr.o
                0x080023c0                tmr_clock_source_div_set
 .text.tmr_cnt_dir_set
                0x080023e8       0x28 ./firmware/at32f423_tmr.o
                0x080023e8                tmr_cnt_dir_set
 .text.tmr_repetition_counter_set
                0x08002410       0x22 ./firmware/at32f423_tmr.o
                0x08002410                tmr_repetition_counter_set
 *fill*         0x08002432        0x2 
 .text.tmr_output_channel_config
                0x08002434      0x200 ./firmware/at32f423_tmr.o
                0x08002434                tmr_output_channel_config
 .text.tmr_channel_value_set
                0x08002634       0x68 ./firmware/at32f423_tmr.o
                0x08002634                tmr_channel_value_set
 .text.tmr_period_buffer_enable
                0x0800269c       0x28 ./firmware/at32f423_tmr.o
                0x0800269c                tmr_period_buffer_enable
 .text.tmr_output_channel_buffer_enable
                0x080026c4       0x98 ./firmware/at32f423_tmr.o
                0x080026c4                tmr_output_channel_buffer_enable
 .text.tmr_output_channel_immediately_set
                0x0800275c       0x98 ./firmware/at32f423_tmr.o
                0x0800275c                tmr_output_channel_immediately_set
 .text.tmr_primary_mode_select
                0x080027f4       0x28 ./firmware/at32f423_tmr.o
                0x080027f4                tmr_primary_mode_select
 .text.tmr_interrupt_enable
                0x0800281c       0x40 ./firmware/at32f423_tmr.o
                0x0800281c                tmr_interrupt_enable
 .text.tmr_flag_get
                0x0800285c       0x30 ./firmware/at32f423_tmr.o
                0x0800285c                tmr_flag_get
 .text.tmr_flag_clear
                0x0800288c       0x1c ./firmware/at32f423_tmr.o
                0x0800288c                tmr_flag_clear
 .text.tmr_event_sw_trigger
                0x080028a8       0x22 ./firmware/at32f423_tmr.o
                0x080028a8                tmr_event_sw_trigger
 .text.tmr_output_enable
                0x080028ca       0x28 ./firmware/at32f423_tmr.o
                0x080028ca                tmr_output_enable
 .text.tmr_brkdt_config
                0x080028f2       0x9a ./firmware/at32f423_tmr.o
                0x080028f2                tmr_brkdt_config
 .text.usart_init
                0x0800298c      0x230 ./firmware/at32f423_usart.o
                0x0800298c                usart_init
 .text.usart_parity_selection_config
                0x08002bbc       0x68 ./firmware/at32f423_usart.o
                0x08002bbc                usart_parity_selection_config
 .text.usart_enable
                0x08002c24       0x28 ./firmware/at32f423_usart.o
                0x08002c24                usart_enable
 .text.usart_transmitter_enable
                0x08002c4c       0x28 ./firmware/at32f423_usart.o
                0x08002c4c                usart_transmitter_enable
 .text.usart_receiver_enable
                0x08002c74       0x28 ./firmware/at32f423_usart.o
                0x08002c74                usart_receiver_enable
 .text.usart_dma_transmitter_enable
                0x08002c9c       0x28 ./firmware/at32f423_usart.o
                0x08002c9c                usart_dma_transmitter_enable
 .text.usart_dma_receiver_enable
                0x08002cc4       0x28 ./firmware/at32f423_usart.o
                0x08002cc4                usart_dma_receiver_enable
 .text.usart_hardware_flow_control_set
                0x08002cec       0x84 ./firmware/at32f423_usart.o
                0x08002cec                usart_hardware_flow_control_set
 .text.wdt_counter_reload
                0x08002d70       0x18 ./firmware/at32f423_wdt.o
                0x08002d70                wdt_counter_reload
 .text.wdt_reload_value_set
                0x08002d88       0x20 ./firmware/at32f423_wdt.o
                0x08002d88                wdt_reload_value_set
 .text.wdt_divider_set
                0x08002da8       0x2c ./firmware/at32f423_wdt.o
                0x08002da8                wdt_divider_set
 .text.wdt_register_write_enable
                0x08002dd4       0x30 ./firmware/at32f423_wdt.o
                0x08002dd4                wdt_register_write_enable
 .text.ADC1_Init
                0x08002e04      0x1a4 ./code/mcu_drive/adc.o
                0x08002e04                ADC1_Init
 .text.system_clock_config
                0x08002fa8       0xb8 ./code/mcu_drive/at32f423_clock.o
                0x08002fa8                system_clock_config
 .text.NMI_Handler
                0x08003060        0xc ./code/mcu_drive/at32f423_int.o
                0x08003060                NMI_Handler
 .text.HardFault_Handler
                0x0800306c        0x6 ./code/mcu_drive/at32f423_int.o
                0x0800306c                HardFault_Handler
 .text.MemManage_Handler
                0x08003072        0x6 ./code/mcu_drive/at32f423_int.o
                0x08003072                MemManage_Handler
 .text.BusFault_Handler
                0x08003078        0x6 ./code/mcu_drive/at32f423_int.o
                0x08003078                BusFault_Handler
 .text.UsageFault_Handler
                0x0800307e        0x6 ./code/mcu_drive/at32f423_int.o
                0x0800307e                UsageFault_Handler
 .text.SVC_Handler
                0x08003084        0xc ./code/mcu_drive/at32f423_int.o
                0x08003084                SVC_Handler
 .text.SysTick_Handler
                0x08003090        0xc ./code/mcu_drive/at32f423_int.o
                0x08003090                SysTick_Handler
 .text.DebugMon_Handler
                0x0800309c        0xc ./code/mcu_drive/at32f423_int.o
                0x0800309c                DebugMon_Handler
 .text.PendSV_Handler
                0x080030a8        0xc ./code/mcu_drive/at32f423_int.o
                0x080030a8                PendSV_Handler
 .text.DMA1_Channel1_IRQHandler
                0x080030b4       0x80 ./code/mcu_drive/at32f423_int.o
                0x080030b4                DMA1_Channel1_IRQHandler
 .text.DMA1_Channel2_IRQHandler
                0x08003134       0x30 ./code/mcu_drive/at32f423_int.o
                0x08003134                DMA1_Channel2_IRQHandler
 .text.DMA1_Channel3_IRQHandler
                0x08003164       0x1e ./code/mcu_drive/at32f423_int.o
                0x08003164                DMA1_Channel3_IRQHandler
 *fill*         0x08003182        0x2 
 .text.TMR14_GLOBAL_IRQHandler
                0x08003184       0x4c ./code/mcu_drive/at32f423_int.o
                0x08003184                TMR14_GLOBAL_IRQHandler
 .text.TMR6_DAC_GLOBAL_IRQHandler
                0x080031d0       0x30 ./code/mcu_drive/at32f423_int.o
                0x080031d0                TMR6_DAC_GLOBAL_IRQHandler
 .text.DAC_Init
                0x08003200       0x7c ./code/mcu_drive/dac.o
                0x08003200                DAC_Init
 .text.__delay_us
                0x0800327c       0x78 ./code/mcu_drive/delay.o
                0x0800327c                __delay_us
 .text.delay_s  0x080032f4       0x32 ./code/mcu_drive/delay.o
                0x080032f4                delay_s
 *fill*         0x08003326        0x2 
 .text.delay_ms
                0x08003328       0x58 ./code/mcu_drive/delay.o
                0x08003328                delay_ms
 .text.GPIO_Init
                0x08003380       0xac ./code/mcu_drive/gpio.o
                0x08003380                GPIO_Init
 .text.SystemTim_Configuration
                0x0800342c       0x58 ./code/mcu_drive/tim.o
                0x0800342c                SystemTim_Configuration
 .text.Get_ms   0x08003484       0x14 ./code/mcu_drive/tim.o
                0x08003484                Get_ms
 .text.Get_us   0x08003498       0x28 ./code/mcu_drive/tim.o
                0x08003498                Get_us
 .text.MainLoopTime_Configuration
                0x080034c0       0xe0 ./code/mcu_drive/tim.o
                0x080034c0                MainLoopTime_Configuration
 .text.USART1_Config_Cbuf
                0x080035a0       0xd8 ./code/mcu_drive/usart.o
                0x080035a0                USART1_Config_Cbuf
 .text.USART1_dma_configuration
                0x08003678      0x10c ./code/mcu_drive/usart.o
                0x08003678                USART1_dma_configuration
 .text.DMA_USART1_SendMove
                0x08003784       0xd8 ./code/mcu_drive/usart.o
                0x08003784                DMA_USART1_SendMove
 .text.WDT_Init
                0x0800385c       0x20 ./code/mcu_drive/wdt.o
                0x0800385c                WDT_Init
 .text.CircleBuffer_Init
                0x0800387c       0x30 ./code/communication/CircleBuffer.o
                0x0800387c                CircleBuffer_Init
 .text.CBUF1_Len
                0x080038ac       0x24 ./code/communication/CircleBuffer.o
                0x080038ac                CBUF1_Len
 .text.CBUF1_GetByte
                0x080038d0       0x40 ./code/communication/CircleBuffer.o
                0x080038d0                CBUF1_GetByte
 .text.CBUF1_PutStr
                0x08003910       0x48 ./code/communication/CircleBuffer.o
                0x08003910                CBUF1_PutStr
 .text.crc_accumulate
                0x08003958       0x62 ./code/communication/ComPort.o
 .text.crc_init
                0x080039ba       0x1a ./code/communication/ComPort.o
 .text.crc_calculate
                0x080039d4       0x40 ./code/communication/ComPort.o
 .text.crc_accumulate_buffer
                0x08003a14       0x38 ./code/communication/ComPort.o
 .text.mavlink_sha256_init
                0x08003a4c       0x70 ./code/communication/ComPort.o
                0x08003a4c                mavlink_sha256_init
 .text.mavlink_sha256_calc
                0x08003abc      0x3c0 ./code/communication/ComPort.o
 .text.mavlink_sha256_update
                0x08003e7c       0xfe ./code/communication/ComPort.o
                0x08003e7c                mavlink_sha256_update
 .text.mavlink_sha256_final_48
                0x08003f7a      0x12e ./code/communication/ComPort.o
                0x08003f7a                mavlink_sha256_final_48
 .text.mavlink_get_channel_status
                0x080040a8       0x28 ./code/communication/ComPort.o
                0x080040a8                mavlink_get_channel_status
 .text.mavlink_get_channel_buffer
                0x080040d0       0x28 ./code/communication/ComPort.o
                0x080040d0                mavlink_get_channel_buffer
 .text.mavlink_sign_packet
                0x080040f8       0xcc ./code/communication/ComPort.o
                0x080040f8                mavlink_sign_packet
 .text._mav_trim_payload
                0x080041c4       0x34 ./code/communication/ComPort.o
                0x080041c4                _mav_trim_payload
 .text.mavlink_signature_check
                0x080041f8      0x270 ./code/communication/ComPort.o
                0x080041f8                mavlink_signature_check
 .text._mav_parse_error
                0x08004468       0x1e ./code/communication/ComPort.o
 *fill*         0x08004486        0x2 
 .text._mav_finalize_message_chan_send
                0x08004488      0x230 ./code/communication/ComPort.o
                0x08004488                _mav_finalize_message_chan_send
 .text._mavlink_resend_uart
                0x080046b8      0x14a ./code/communication/ComPort.o
                0x080046b8                _mavlink_resend_uart
 .text.mavlink_start_checksum
                0x08004802       0x24 ./code/communication/ComPort.o
                0x08004802                mavlink_start_checksum
 .text.mavlink_update_checksum
                0x08004826       0x30 ./code/communication/ComPort.o
                0x08004826                mavlink_update_checksum
 *fill*         0x08004856        0x2 
 .text.mavlink_get_msg_entry
                0x08004858       0xa0 ./code/communication/ComPort.o
                0x08004858                mavlink_get_msg_entry
 .text.mavlink_frame_char_buffer
                0x080048f8      0x5b8 ./code/communication/ComPort.o
                0x080048f8                mavlink_frame_char_buffer
 .text.mavlink_frame_char
                0x08004eb0       0x3e ./code/communication/ComPort.o
                0x08004eb0                mavlink_frame_char
 .text.mavlink_parse_char
                0x08004eee       0x7a ./code/communication/ComPort.o
                0x08004eee                mavlink_parse_char
 .text._mavlink_send_uart
                0x08004f68       0x26 ./code/communication/ComPort.o
                0x08004f68                _mavlink_send_uart
 *fill*         0x08004f8e        0x2 
 .text.comm_receive_ch
                0x08004f90       0x4c ./code/communication/ComPort.o
                0x08004f90                comm_receive_ch
 .text.comm_get_available
                0x08004fdc       0x4c ./code/communication/ComPort.o
                0x08004fdc                comm_get_available
 .text.comm_send_buffer
                0x08005028       0x5c ./code/communication/ComPort.o
                0x08005028                comm_send_buffer
 .text.mavlink_msg_rc_channels_override_decode
                0x08005084       0x36 ./code/communication/ComTask.o
 .text.mavlink_msg_command_long_decode
                0x080050ba       0x36 ./code/communication/ComTask.o
 .text.mavlink_msg_command_ack_send
                0x080050f0       0x58 ./code/communication/ComTask.o
 .text.PCSend_send_message_Mavlink
                0x08005148       0x34 ./code/communication/ComTask.o
                0x08005148                PCSend_send_message_Mavlink
 .text.send_command_ack
                0x0800517c       0x44 ./code/communication/ComTask.o
 .text._handle_msg
                0x080051c0       0xa0 ./code/communication/ComTask.o
                0x080051c0                _handle_msg
 .text.mavlink2_handle_command_long
                0x08005260       0x6e ./code/communication/ComTask.o
 *fill*         0x080052ce        0x2 
 .text.Resend_Mavlink_Usart
                0x080052d0       0x50 ./code/communication/ComTask.o
                0x080052d0                Resend_Mavlink_Usart
 .text.mavlink_msg_heartbeat_send
                0x08005320       0x56 ./code/communication/Communication.o
 .text.CommunicationInit
                0x08005376       0x10 ./code/communication/Communication.o
                0x08005376                CommunicationInit
 *fill*         0x08005386        0x2 
 .text.Port0_Init
                0x08005388       0x30 ./code/communication/Communication.o
                0x08005388                Port0_Init
 .text.Port0_Update
                0x080053b8       0xb4 ./code/communication/Communication.o
                0x080053b8                Port0_Update
 .text.SendDebugDataInit
                0x0800546c       0x20 ./code/communication/DebugData.o
                0x0800546c                SendDebugDataInit
 .text.DefaultSendDebugData
                0x0800548c        0xe ./code/communication/DebugData.o
                0x0800548c                DefaultSendDebugData
 .text.RecoverySendDebugData
                0x0800549a        0xe ./code/communication/DebugData.o
                0x0800549a                RecoverySendDebugData
 .text.SendDebugData
                0x080054a8      0x10c ./code/communication/DebugData.o
                0x080054a8                SendDebugData
 .text.PacketDebugData0
                0x080055b4       0x5e ./code/communication/DebugData.o
                0x080055b4                PacketDebugData0
 .text.PacketDebugData1
                0x08005612       0x5e ./code/communication/DebugData.o
                0x08005612                PacketDebugData1
 .text.PacketDebugData2
                0x08005670       0x5e ./code/communication/DebugData.o
                0x08005670                PacketDebugData2
 .text.PacketDebugData3
                0x080056ce       0x46 ./code/communication/DebugData.o
                0x080056ce                PacketDebugData3
 .text.PacketDebugData4
                0x08005714       0x56 ./code/communication/DebugData.o
                0x08005714                PacketDebugData4
 *fill*         0x0800576a        0x2 
 .text.PacketDebugData5
                0x0800576c       0x94 ./code/communication/DebugData.o
                0x0800576c                PacketDebugData5
 .text.PacketAircraftData
                0x08005800       0x5a ./code/communication/DebugData.o
                0x08005800                PacketAircraftData
 *fill*         0x0800585a        0x2 
 .text.PacketStandardData
                0x0800585c       0x74 ./code/communication/DebugData.o
                0x0800585c                PacketStandardData
 .text.SendOneTime
                0x080058d0       0x4e ./code/communication/DebugData.o
                0x080058d0                SendOneTime
 *fill*         0x0800591e        0x2 
 .text.CarryoutOrder
                0x08005920      0x100 ./code/Instruction/PCDataConvert.o
                0x08005920                CarryoutOrder
 .text.SET_LedMod
                0x08005a20       0x68 ./code/APP/ConctrolLed.o
                0x08005a20                SET_LedMod
 .text.LED_Handler
                0x08005a88      0x75c ./code/APP/ConctrolLed.o
                0x08005a88                LED_Handler
 .text.OpenControlLoop
                0x080061e4       0x18 ./code/APP/Loop.o
                0x080061e4                OpenControlLoop
 .text.ControlLoop1
                0x080061fc        0xc ./code/APP/Loop.o
                0x080061fc                ControlLoop1
 .text.ControlLoop2
                0x08006208       0x3c ./code/APP/Loop.o
                0x08006208                ControlLoop2
 .text.MCU_Drive_Init
                0x08006244       0x2c ./code/APP/McuDriveInit.o
                0x08006244                MCU_Drive_Init
 .text.CreateTask
                0x08006270       0x98 ./code/APP/Tasksch.o
                0x08006270                CreateTask
 .text.DefaultTask
                0x08006308       0x2c ./code/APP/Tasksch.o
                0x08006308                DefaultTask
 .text.RecoveryTask
                0x08006334       0x30 ./code/APP/Tasksch.o
                0x08006334                RecoveryTask
 .text.HandleTask
                0x08006364       0xd8 ./code/APP/Tasksch.o
                0x08006364                HandleTask
 .text.RunTasks
                0x0800643c       0x84 ./code/APP/Tasksch.o
                0x0800643c                RunTasks
 .text.TaskCount
                0x080064c0       0x70 ./code/APP/Tasksch.o
                0x080064c0                TaskCount
 .text.__NVIC_SystemReset
                0x08006530       0x2c ./code/APP/main.o
 .text.wk_wait_for_power_stable
                0x0800655c       0x2c ./code/APP/main.o
 .text.main     0x08006588       0x98 ./code/APP/main.o
                0x08006588                main
 .text.MCU_Reboot
                0x08006620        0x8 ./code/APP/main.o
                0x08006620                MCU_Reboot
 .text.TPS54302_Set_VBAT
                0x08006628       0x58 ./code/APP/protect.o
                0x08006628                TPS54302_Set_VBAT
 .text.ReadVolData
                0x08006680       0xe0 ./code/APP/protect.o
                0x08006680                ReadVolData
 .text.Voltage_monitor
                0x08006760       0xec ./code/APP/protect.o
                0x08006760                Voltage_monitor
 *fill*         0x0800684c        0x4 
 .text.PROTECT_Loop
                0x08006850      0x1ac ./code/APP/protect.o
                0x08006850                PROTECT_Loop
 .text.Reset_Handler
                0x080069fc       0x48 ./cmsis/startup_at32f423.o
                0x080069fc                Reset_Handler
 .text.Default_Handler
                0x08006a44        0x2 ./cmsis/startup_at32f423.o
                0x08006a44                EXINT2_IRQHandler
                0x08006a44                I2C2_EVT_IRQHandler
                0x08006a44                TMR1_OVF_TMR10_IRQHandler
                0x08006a44                I2C1_ERR_IRQHandler
                0x08006a44                EXINT9_5_IRQHandler
                0x08006a44                TAMP_STAMP_IRQHandler
                0x08006a44                CAN2_RX1_IRQHandler
                0x08006a44                USART8_IRQHandler
                0x08006a44                CAN1_RX0_IRQHandler
                0x08006a44                FPU_IRQHandler
                0x08006a44                SPI1_IRQHandler
                0x08006a44                USART5_IRQHandler
                0x08006a44                CAN2_RX0_IRQHandler
                0x08006a44                OTGFS1_IRQHandler
                0x08006a44                USART7_IRQHandler
                0x08006a44                DMA2_Channel2_IRQHandler
                0x08006a44                DMA1_Channel4_IRQHandler
                0x08006a44                ADC1_IRQHandler
                0x08006a44                USART6_IRQHandler
                0x08006a44                EXINT0_IRQHandler
                0x08006a44                USART3_IRQHandler
                0x08006a44                DMA1_Channel7_IRQHandler
                0x08006a44                CAN1_RX1_IRQHandler
                0x08006a44                ACC_IRQHandler
                0x08006a44                DMAMUX_IRQHandler
                0x08006a44                DMA2_Channel1_IRQHandler
                0x08006a44                TMR12_GLOBAL_IRQHandler
                0x08006a44                USART4_IRQHandler
                0x08006a44                EXINT3_IRQHandler
                0x08006a44                DMA1_Channel6_IRQHandler
                0x08006a44                DMA2_Channel4_IRQHandler
                0x08006a44                ERTCAlarm_IRQHandler
                0x08006a44                Default_Handler
                0x08006a44                DMA2_Channel7_IRQHandler
                0x08006a44                TMR3_GLOBAL_IRQHandler
                0x08006a44                TMR7_GLOBAL_IRQHandler
                0x08006a44                CAN1_SE_IRQHandler
                0x08006a44                CAN2_TX_IRQHandler
                0x08006a44                I2C3_ERR_IRQHandler
                0x08006a44                TMR1_BRK_TMR9_IRQHandler
                0x08006a44                SPI2_IRQHandler
                0x08006a44                TMR1_TRG_HALL_TMR11_IRQHandler
                0x08006a44                CAN1_TX_IRQHandler
                0x08006a44                DMA2_Channel5_IRQHandler
                0x08006a44                DMA1_Channel5_IRQHandler
                0x08006a44                TMR4_GLOBAL_IRQHandler
                0x08006a44                EXINT4_IRQHandler
                0x08006a44                CAN2_SE_IRQHandler
                0x08006a44                PVM_IRQHandler
                0x08006a44                I2C3_EVT_IRQHandler
                0x08006a44                I2C1_EVT_IRQHandler
                0x08006a44                TMR13_GLOBAL_IRQHandler
                0x08006a44                DMA2_Channel6_IRQHandler
                0x08006a44                EXINT1_IRQHandler
                0x08006a44                USART2_IRQHandler
                0x08006a44                TMR2_GLOBAL_IRQHandler
                0x08006a44                ERTC_WKUP_IRQHandler
                0x08006a44                FLASH_IRQHandler
                0x08006a44                I2C2_ERR_IRQHandler
                0x08006a44                USART1_IRQHandler
                0x08006a44                TMR1_CH_IRQHandler
                0x08006a44                CRM_IRQHandler
                0x08006a44                SPI3_IRQHandler
                0x08006a44                OTGFS1_WKUP_IRQHandler
                0x08006a44                EXINT15_10_IRQHandler
                0x08006a44                WWDT_IRQHandler
                0x08006a44                DMA2_Channel3_IRQHandler
 *fill*         0x08006a46        0x2 
 .text.SystemInit
                0x08006a48       0xa4 ./cmsis/system_at32f423.o
                0x08006a48                SystemInit
 .text.system_core_clock_update
                0x08006aec      0x1a4 ./cmsis/system_at32f423.o
                0x08006aec                system_core_clock_update
 .text.__libc_init_array
                0x08006c90       0x48 d:/at32ide/platform/tools/gcc-arm-none-eabi-10.3-2021.10/bin/../lib/gcc/arm-none-eabi/10.3.1/../../../../arm-none-eabi/lib/thumb/v7e-m/nofp\libg_nano.a(lib_a-init.o)
                0x08006c90                __libc_init_array
 .text.memcmp   0x08006cd8       0x20 d:/at32ide/platform/tools/gcc-arm-none-eabi-10.3-2021.10/bin/../lib/gcc/arm-none-eabi/10.3.1/../../../../arm-none-eabi/lib/thumb/v7e-m/nofp\libg_nano.a(lib_a-memcmp.o)
                0x08006cd8                memcmp
 .text.memcpy   0x08006cf8       0x1c d:/at32ide/platform/tools/gcc-arm-none-eabi-10.3-2021.10/bin/../lib/gcc/arm-none-eabi/10.3.1/../../../../arm-none-eabi/lib/thumb/v7e-m/nofp\libg_nano.a(lib_a-memcpy-stub.o)
                0x08006cf8                memcpy
 .text.memset   0x08006d14       0x10 d:/at32ide/platform/tools/gcc-arm-none-eabi-10.3-2021.10/bin/../lib/gcc/arm-none-eabi/10.3.1/../../../../arm-none-eabi/lib/thumb/v7e-m/nofp\libg_nano.a(lib_a-memset.o)
                0x08006d14                memset
 *(.glue_7)
 .glue_7        0x08006d24        0x0 linker stubs
 *(.glue_7t)
 .glue_7t       0x08006d24        0x0 linker stubs
 *(.eh_frame)
 .eh_frame      0x08006d24        0x0 d:/at32ide/platform/tools/gcc-arm-none-eabi-10.3-2021.10/bin/../lib/gcc/arm-none-eabi/10.3.1/thumb/v7e-m/nofp/crtbegin.o
 *(.init)
 .init          0x08006d24        0x4 d:/at32ide/platform/tools/gcc-arm-none-eabi-10.3-2021.10/bin/../lib/gcc/arm-none-eabi/10.3.1/thumb/v7e-m/nofp/crti.o
                0x08006d24                _init
 .init          0x08006d28        0x8 d:/at32ide/platform/tools/gcc-arm-none-eabi-10.3-2021.10/bin/../lib/gcc/arm-none-eabi/10.3.1/thumb/v7e-m/nofp/crtn.o
 *(.fini)
 .fini          0x08006d30        0x4 d:/at32ide/platform/tools/gcc-arm-none-eabi-10.3-2021.10/bin/../lib/gcc/arm-none-eabi/10.3.1/thumb/v7e-m/nofp/crti.o
                0x08006d30                _fini
 .fini          0x08006d34        0x8 d:/at32ide/platform/tools/gcc-arm-none-eabi-10.3-2021.10/bin/../lib/gcc/arm-none-eabi/10.3.1/thumb/v7e-m/nofp/crtn.o
                0x08006d3c                . = ALIGN (0x4)
                0x08006d3c                _etext = .

.vfp11_veneer   0x08006d3c        0x0
 .vfp11_veneer  0x08006d3c        0x0 linker stubs

.v4_bx          0x08006d3c        0x0
 .v4_bx         0x08006d3c        0x0 linker stubs

.iplt           0x08006d3c        0x0
 .iplt          0x08006d3c        0x0 d:/at32ide/platform/tools/gcc-arm-none-eabi-10.3-2021.10/bin/../lib/gcc/arm-none-eabi/10.3.1/thumb/v7e-m/nofp/crtbegin.o

.rodata         0x08006d3c      0xd94
                0x08006d3c                . = ALIGN (0x4)
 *(.rodata)
 .rodata        0x08006d3c       0x28 ./firmware/at32f423_crm.o
 .rodata        0x08006d64      0xd54 ./code/communication/ComPort.o
 .rodata        0x08007ab8       0x18 ./cmsis/system_at32f423.o
 *(.rodata*)
                0x08007ad0                . = ALIGN (0x4)

.ARM.extab
 *(.ARM.extab* .gnu.linkonce.armextab.*)

.ARM            0x08007ad0        0x8
                0x08007ad0                __exidx_start = .
 *(.ARM.exidx*)
 .ARM.exidx     0x08007ad0        0x8 d:/at32ide/platform/tools/gcc-arm-none-eabi-10.3-2021.10/bin/../lib/gcc/arm-none-eabi/10.3.1/thumb/v7e-m/nofp\libgcc.a(_udivmoddi4.o)
                0x08007ad8                __exidx_end = .

.rel.dyn        0x08007ad8        0x0
 .rel.iplt      0x08007ad8        0x0 d:/at32ide/platform/tools/gcc-arm-none-eabi-10.3-2021.10/bin/../lib/gcc/arm-none-eabi/10.3.1/thumb/v7e-m/nofp/crtbegin.o

.preinit_array  0x08007ad8        0x0
                0x08007ad8                PROVIDE (__preinit_array_start = .)
 *(.preinit_array*)
                0x08007ad8                PROVIDE (__preinit_array_end = .)

.init_array     0x08007ad8        0x4
                0x08007ad8                PROVIDE (__init_array_start = .)
 *(SORT_BY_NAME(.init_array.*))
 *(.init_array*)
 .init_array    0x08007ad8        0x4 d:/at32ide/platform/tools/gcc-arm-none-eabi-10.3-2021.10/bin/../lib/gcc/arm-none-eabi/10.3.1/thumb/v7e-m/nofp/crtbegin.o
                0x08007adc                PROVIDE (__init_array_end = .)

.fini_array     0x08007adc        0x4
                [!provide]                PROVIDE (__fini_array_start = .)
 *(SORT_BY_NAME(.fini_array.*))
 *(.fini_array*)
 .fini_array    0x08007adc        0x4 d:/at32ide/platform/tools/gcc-arm-none-eabi-10.3-2021.10/bin/../lib/gcc/arm-none-eabi/10.3.1/thumb/v7e-m/nofp/crtbegin.o
                [!provide]                PROVIDE (__fini_array_end = .)
                0x08007ae0                _sidata = LOADADDR (.data)

.data           0x20000000        0x8 load address 0x08007ae0
                0x20000000                . = ALIGN (0x4)
                0x20000000                _sdata = .
 *(.data)
 .data          0x20000000        0x2 ./code/communication/ComPort.o
                0x20000000                mavlink_system
 .data          0x20000002        0x1 ./code/APP/ConctrolLed.o
 *fill*         0x20000003        0x1 
 .data          0x20000004        0x4 ./cmsis/system_at32f423.o
                0x20000004                system_core_clock
 *(.data*)
                0x20000008                . = ALIGN (0x4)
                0x20000008                _edata = .

.igot.plt       0x20000008        0x0 load address 0x08007ae8
 .igot.plt      0x20000008        0x0 d:/at32ide/platform/tools/gcc-arm-none-eabi-10.3-2021.10/bin/../lib/gcc/arm-none-eabi/10.3.1/thumb/v7e-m/nofp/crtbegin.o
                0x20000008                . = ALIGN (0x4)

.bss            0x20000008      0xec0 load address 0x08007ae8
                0x20000008                _sbss = .
                0x20000008                __bss_start__ = _sbss
 *(.bss)
 .bss           0x20000008       0x1c d:/at32ide/platform/tools/gcc-arm-none-eabi-10.3-2021.10/bin/../lib/gcc/arm-none-eabi/10.3.1/thumb/v7e-m/nofp/crtbegin.o
 .bss           0x20000024        0x4 ./code/mcu_drive/adc.o
                0x20000024                adc_value
 .bss           0x20000028        0x4 ./code/mcu_drive/tim.o
                0x20000028                SystemTimeMs
 .bss           0x2000002c      0x102 ./code/mcu_drive/usart.o
                0x2000002c                USART1_DMA_GETBUFF
                0x200000ac                USART1_DMA_PUTBUFF
                0x2000012c                USART1_DMA_Put_Flag
                0x2000012d                USART1_DMA_Get_Flag
 *fill*         0x2000012e        0x2 
 .bss           0x20000130      0x808 ./code/communication/CircleBuffer.o
                0x20000130                uart1_putbuf
                0x20000534                uart1_getbuf
 .bss           0x20000938      0x13b ./code/communication/ComPort.o
 *fill*         0x20000a73        0x5 
 .bss           0x20000a78       0xe6 ./code/communication/ComTask.o
                0x20000a78                transmission_flag
                0x20000a79                CAM_USE_USART_FLAG
                0x20000a7c                Angle_Offset_P
                0x20000a80                Angle_Offset_R
                0x20000a84                remote_control_version
                0x20000a90                aircraftglobal_position
                0x20000aac                rece_cnt
                0x20000ab0                rc_channels_packet
                0x20000adc                drone_position_ned_packet
                0x20000af8                drone_highres_imu_packet
                0x20000b38                rc_channels
 *fill*         0x20000b5e        0x2 
 .bss           0x20000b60      0x164 ./code/communication/Communication.o
                0x20000b60                RAW_RC_CHAN
 .bss           0x20000cc4        0x4 ./code/communication/DebugData.o
 .bss           0x20000cc8        0x4 ./code/APP/ConctrolLed.o
 .bss           0x20000ccc       0x56 ./code/APP/Loop.o
                0x20000ccc                mainlooptime
                0x20000cce                mainlooptimebase
                0x20000cd0                Main_Loop_Start
                0x20000cd1                status_tx
                0x20000cd2                status_rx
                0x20000cd4                txbuf
                0x20000cf4                rxbuf
                0x20000d14                IMUDATA
 *fill*         0x20000d22        0x2 
 .bss           0x20000d24      0x190 ./code/APP/Tasksch.o
                0x20000d24                tasks
                0x20000e50                tasknum
 .bss           0x20000eb4        0x7 ./code/APP/main.o
                0x20000eb4                whilelooptime
                0x20000eb6                whilelooptimebase
                0x20000eb8                GBA_State
 *fill*         0x20000ebb        0x1 
 .bss           0x20000ebc        0xb ./code/APP/protect.o
                0x20000ebc                Volbus
                0x20000ec0                V3bus
                0x20000ec4                curr
 *(.bss*)
 *(COMMON)
                0x20000ec8                . = ALIGN (0x4)
 *fill*         0x20000ec7        0x1 
                0x20000ec8                _ebss = .
                0x20000ec8                __bss_end__ = _ebss

._user_heap_stack
                0x20000ec8      0x600 load address 0x08007ae8
                0x20000ec8                . = ALIGN (0x8)
                0x20000ec8                PROVIDE (end = .)
                [!provide]                PROVIDE (_end = .)
                0x200010c8                . = (. + _Min_Heap_Size)
 *fill*         0x20000ec8      0x200 
                0x200014c8                . = (. + _Min_Stack_Size)
 *fill*         0x200010c8      0x400 
                0x200014c8                . = ALIGN (0x8)

/DISCARD/
 libc.a(*)
 libm.a(*)
 libgcc.a(*)

.ARM.attributes
                0x00000000       0x2a
 *(.ARM.attributes)
 .ARM.attributes
                0x00000000       0x1e d:/at32ide/platform/tools/gcc-arm-none-eabi-10.3-2021.10/bin/../lib/gcc/arm-none-eabi/10.3.1/thumb/v7e-m/nofp/crti.o
 .ARM.attributes
                0x0000001e       0x2e d:/at32ide/platform/tools/gcc-arm-none-eabi-10.3-2021.10/bin/../lib/gcc/arm-none-eabi/10.3.1/thumb/v7e-m/nofp/crtbegin.o
 .ARM.attributes
                0x0000004c       0x2e ./firmware/at32f423_adc.o
 .ARM.attributes
                0x0000007a       0x2e ./firmware/at32f423_crm.o
 .ARM.attributes
                0x000000a8       0x2e ./firmware/at32f423_dac.o
 .ARM.attributes
                0x000000d6       0x2e ./firmware/at32f423_dma.o
 .ARM.attributes
                0x00000104       0x2e ./firmware/at32f423_gpio.o
 .ARM.attributes
                0x00000132       0x2e ./firmware/at32f423_misc.o
 .ARM.attributes
                0x00000160       0x2e ./firmware/at32f423_tmr.o
 .ARM.attributes
                0x0000018e       0x2e ./firmware/at32f423_usart.o
 .ARM.attributes
                0x000001bc       0x2e ./firmware/at32f423_wdt.o
 .ARM.attributes
                0x000001ea       0x2e ./code/mcu_drive/adc.o
 .ARM.attributes
                0x00000218       0x2e ./code/mcu_drive/at32f423_clock.o
 .ARM.attributes
                0x00000246       0x2e ./code/mcu_drive/at32f423_int.o
 .ARM.attributes
                0x00000274       0x2e ./code/mcu_drive/dac.o
 .ARM.attributes
                0x000002a2       0x2e ./code/mcu_drive/delay.o
 .ARM.attributes
                0x000002d0       0x2e ./code/mcu_drive/gpio.o
 .ARM.attributes
                0x000002fe       0x2e ./code/mcu_drive/tim.o
 .ARM.attributes
                0x0000032c       0x2e ./code/mcu_drive/usart.o
 .ARM.attributes
                0x0000035a       0x2e ./code/mcu_drive/wdt.o
 .ARM.attributes
                0x00000388       0x2e ./code/communication/CircleBuffer.o
 .ARM.attributes
                0x000003b6       0x2e ./code/communication/ComPort.o
 .ARM.attributes
                0x000003e4       0x2e ./code/communication/ComTask.o
 .ARM.attributes
                0x00000412       0x2e ./code/communication/Communication.o
 .ARM.attributes
                0x00000440       0x2e ./code/communication/DebugData.o
 .ARM.attributes
                0x0000046e       0x2e ./code/Instruction/PCDataConvert.o
 .ARM.attributes
                0x0000049c       0x2e ./code/APP/ConctrolLed.o
 .ARM.attributes
                0x000004ca       0x2e ./code/APP/Loop.o
 .ARM.attributes
                0x000004f8       0x2e ./code/APP/McuDriveInit.o
 .ARM.attributes
                0x00000526       0x2e ./code/APP/Tasksch.o
 .ARM.attributes
                0x00000554       0x2e ./code/APP/main.o
 .ARM.attributes
                0x00000582       0x2e ./code/APP/protect.o
 .ARM.attributes
                0x000005b0       0x21 ./cmsis/startup_at32f423.o
 .ARM.attributes
                0x000005d1       0x2e ./cmsis/system_at32f423.o
 .ARM.attributes
                0x000005ff       0x1e d:/at32ide/platform/tools/gcc-arm-none-eabi-10.3-2021.10/bin/../lib/gcc/arm-none-eabi/10.3.1/thumb/v7e-m/nofp\libgcc.a(_arm_addsubdf3.o)
 .ARM.attributes
                0x0000061d       0x1e d:/at32ide/platform/tools/gcc-arm-none-eabi-10.3-2021.10/bin/../lib/gcc/arm-none-eabi/10.3.1/thumb/v7e-m/nofp\libgcc.a(_arm_cmpdf2.o)
 .ARM.attributes
                0x0000063b       0x1e d:/at32ide/platform/tools/gcc-arm-none-eabi-10.3-2021.10/bin/../lib/gcc/arm-none-eabi/10.3.1/thumb/v7e-m/nofp\libgcc.a(_arm_addsubsf3.o)
 .ARM.attributes
                0x00000659       0x1e d:/at32ide/platform/tools/gcc-arm-none-eabi-10.3-2021.10/bin/../lib/gcc/arm-none-eabi/10.3.1/thumb/v7e-m/nofp\libgcc.a(_arm_muldivsf3.o)
 .ARM.attributes
                0x00000677       0x1e d:/at32ide/platform/tools/gcc-arm-none-eabi-10.3-2021.10/bin/../lib/gcc/arm-none-eabi/10.3.1/thumb/v7e-m/nofp\libgcc.a(_arm_cmpsf2.o)
 .ARM.attributes
                0x00000695       0x1e d:/at32ide/platform/tools/gcc-arm-none-eabi-10.3-2021.10/bin/../lib/gcc/arm-none-eabi/10.3.1/thumb/v7e-m/nofp\libgcc.a(_arm_fixsfsi.o)
 .ARM.attributes
                0x000006b3       0x1e d:/at32ide/platform/tools/gcc-arm-none-eabi-10.3-2021.10/bin/../lib/gcc/arm-none-eabi/10.3.1/thumb/v7e-m/nofp\libgcc.a(_aeabi_uldivmod.o)
 .ARM.attributes
                0x000006d1       0x2e d:/at32ide/platform/tools/gcc-arm-none-eabi-10.3-2021.10/bin/../lib/gcc/arm-none-eabi/10.3.1/thumb/v7e-m/nofp\libgcc.a(_udivmoddi4.o)
 .ARM.attributes
                0x000006ff       0x1e d:/at32ide/platform/tools/gcc-arm-none-eabi-10.3-2021.10/bin/../lib/gcc/arm-none-eabi/10.3.1/thumb/v7e-m/nofp\libgcc.a(_dvmd_tls.o)
 .ARM.attributes
                0x0000071d       0x2e d:/at32ide/platform/tools/gcc-arm-none-eabi-10.3-2021.10/bin/../lib/gcc/arm-none-eabi/10.3.1/../../../../arm-none-eabi/lib/thumb/v7e-m/nofp\libg_nano.a(lib_a-init.o)
 .ARM.attributes
                0x0000074b       0x2e d:/at32ide/platform/tools/gcc-arm-none-eabi-10.3-2021.10/bin/../lib/gcc/arm-none-eabi/10.3.1/../../../../arm-none-eabi/lib/thumb/v7e-m/nofp\libg_nano.a(lib_a-memcmp.o)
 .ARM.attributes
                0x00000779       0x2e d:/at32ide/platform/tools/gcc-arm-none-eabi-10.3-2021.10/bin/../lib/gcc/arm-none-eabi/10.3.1/../../../../arm-none-eabi/lib/thumb/v7e-m/nofp\libg_nano.a(lib_a-memcpy-stub.o)
 .ARM.attributes
                0x000007a7       0x2e d:/at32ide/platform/tools/gcc-arm-none-eabi-10.3-2021.10/bin/../lib/gcc/arm-none-eabi/10.3.1/../../../../arm-none-eabi/lib/thumb/v7e-m/nofp\libg_nano.a(lib_a-memset.o)
 .ARM.attributes
                0x000007d5       0x1e d:/at32ide/platform/tools/gcc-arm-none-eabi-10.3-2021.10/bin/../lib/gcc/arm-none-eabi/10.3.1/thumb/v7e-m/nofp/crtn.o
OUTPUT(GBA_PowerControl.elf elf32-littlearm)
LOAD linker stubs
LOAD d:/at32ide/platform/tools/gcc-arm-none-eabi-10.3-2021.10/bin/../lib/gcc/arm-none-eabi/10.3.1/../../../../arm-none-eabi/lib/thumb/v7e-m/nofp\libc.a
LOAD d:/at32ide/platform/tools/gcc-arm-none-eabi-10.3-2021.10/bin/../lib/gcc/arm-none-eabi/10.3.1/../../../../arm-none-eabi/lib/thumb/v7e-m/nofp\libm.a
LOAD d:/at32ide/platform/tools/gcc-arm-none-eabi-10.3-2021.10/bin/../lib/gcc/arm-none-eabi/10.3.1/thumb/v7e-m/nofp\libgcc.a

.debug_info     0x00000000    0x28dbc
 .debug_info    0x00000000     0x22fd ./firmware/at32f423_adc.o
 .debug_info    0x000022fd     0x2eb1 ./firmware/at32f423_crm.o
 .debug_info    0x000051ae      0xe19 ./firmware/at32f423_dac.o
 .debug_info    0x00005fc7     0x1720 ./firmware/at32f423_dma.o
 .debug_info    0x000076e7     0x1951 ./firmware/at32f423_gpio.o
 .debug_info    0x00009038      0x9c6 ./firmware/at32f423_misc.o
 .debug_info    0x000099fe     0x280c ./firmware/at32f423_tmr.o
 .debug_info    0x0000c20a     0x3048 ./firmware/at32f423_usart.o
 .debug_info    0x0000f252      0x417 ./firmware/at32f423_wdt.o
 .debug_info    0x0000f669     0x3568 ./code/mcu_drive/adc.o
 .debug_info    0x00012bd1      0xfd6 ./code/mcu_drive/at32f423_clock.o
 .debug_info    0x00013ba7     0x13bc ./code/mcu_drive/at32f423_int.o
 .debug_info    0x00014f63     0x1508 ./code/mcu_drive/dac.o
 .debug_info    0x0001646b      0x1b3 ./code/mcu_drive/delay.o
 .debug_info    0x0001661e     0x1484 ./code/mcu_drive/gpio.o
 .debug_info    0x00017aa2     0x167f ./code/mcu_drive/tim.o
 .debug_info    0x00019121     0x2eec ./code/mcu_drive/usart.o
 .debug_info    0x0001c00d       0xd3 ./code/mcu_drive/wdt.o
 .debug_info    0x0001c0e0      0x26c ./code/communication/CircleBuffer.o
 .debug_info    0x0001c34c     0x1c50 ./code/communication/ComPort.o
 .debug_info    0x0001df9c     0x258a ./code/communication/ComTask.o
 .debug_info    0x00020526     0x1b14 ./code/communication/Communication.o
 .debug_info    0x0002203a      0xba0 ./code/communication/DebugData.o
 .debug_info    0x00022bda      0x207 ./code/Instruction/PCDataConvert.o
 .debug_info    0x00022de1     0x138d ./code/APP/ConctrolLed.o
 .debug_info    0x0002416e      0x251 ./code/APP/Loop.o
 .debug_info    0x000243bf       0x7e ./code/APP/McuDriveInit.o
 .debug_info    0x0002443d      0x382 ./code/APP/Tasksch.o
 .debug_info    0x000247bf     0x137f ./code/APP/main.o
 .debug_info    0x00025b3e     0x14cf ./code/APP/protect.o
 .debug_info    0x0002700d       0x22 ./cmsis/startup_at32f423.o
 .debug_info    0x0002702f     0x1d8d ./cmsis/system_at32f423.o

.debug_abbrev   0x00000000     0x3836
 .debug_abbrev  0x00000000      0x1e3 ./firmware/at32f423_adc.o
 .debug_abbrev  0x000001e3      0x261 ./firmware/at32f423_crm.o
 .debug_abbrev  0x00000444      0x1ed ./firmware/at32f423_dac.o
 .debug_abbrev  0x00000631      0x22a ./firmware/at32f423_dma.o
 .debug_abbrev  0x0000085b      0x238 ./firmware/at32f423_gpio.o
 .debug_abbrev  0x00000a93      0x245 ./firmware/at32f423_misc.o
 .debug_abbrev  0x00000cd8      0x1e5 ./firmware/at32f423_tmr.o
 .debug_abbrev  0x00000ebd      0x269 ./firmware/at32f423_usart.o
 .debug_abbrev  0x00001126      0x179 ./firmware/at32f423_wdt.o
 .debug_abbrev  0x0000129f      0x222 ./code/mcu_drive/adc.o
 .debug_abbrev  0x000014c1      0x1d3 ./code/mcu_drive/at32f423_clock.o
 .debug_abbrev  0x00001694      0x1b9 ./code/mcu_drive/at32f423_int.o
 .debug_abbrev  0x0000184d      0x19d ./code/mcu_drive/dac.o
 .debug_abbrev  0x000019ea       0xdf ./code/mcu_drive/delay.o
 .debug_abbrev  0x00001ac9      0x19d ./code/mcu_drive/gpio.o
 .debug_abbrev  0x00001c66      0x1ae ./code/mcu_drive/tim.o
 .debug_abbrev  0x00001e14      0x29f ./code/mcu_drive/usart.o
 .debug_abbrev  0x000020b3       0x73 ./code/mcu_drive/wdt.o
 .debug_abbrev  0x00002126      0x12d ./code/communication/CircleBuffer.o
 .debug_abbrev  0x00002253      0x3a7 ./code/communication/ComPort.o
 .debug_abbrev  0x000025fa      0x314 ./code/communication/ComTask.o
 .debug_abbrev  0x0000290e      0x2a3 ./code/communication/Communication.o
 .debug_abbrev  0x00002bb1      0x180 ./code/communication/DebugData.o
 .debug_abbrev  0x00002d31       0x8b ./code/Instruction/PCDataConvert.o
 .debug_abbrev  0x00002dbc      0x1eb ./code/APP/ConctrolLed.o
 .debug_abbrev  0x00002fa7       0xe9 ./code/APP/Loop.o
 .debug_abbrev  0x00003090       0x44 ./code/APP/McuDriveInit.o
 .debug_abbrev  0x000030d4      0x173 ./code/APP/Tasksch.o
 .debug_abbrev  0x00003247      0x223 ./code/APP/main.o
 .debug_abbrev  0x0000346a      0x206 ./code/APP/protect.o
 .debug_abbrev  0x00003670       0x12 ./cmsis/startup_at32f423.o
 .debug_abbrev  0x00003682      0x1b4 ./cmsis/system_at32f423.o

.debug_aranges  0x00000000      0xfb8
 .debug_aranges
                0x00000000      0x180 ./firmware/at32f423_adc.o
 .debug_aranges
                0x00000180      0x158 ./firmware/at32f423_crm.o
 .debug_aranges
                0x000002d8       0xa8 ./firmware/at32f423_dac.o
 .debug_aranges
                0x00000380       0xe0 ./firmware/at32f423_dma.o
 .debug_aranges
                0x00000460       0x90 ./firmware/at32f423_gpio.o
 .debug_aranges
                0x000004f0       0x88 ./firmware/at32f423_misc.o
 .debug_aranges
                0x00000578      0x1f0 ./firmware/at32f423_tmr.o
 .debug_aranges
                0x00000768      0x170 ./firmware/at32f423_usart.o
 .debug_aranges
                0x000008d8       0x50 ./firmware/at32f423_wdt.o
 .debug_aranges
                0x00000928       0x20 ./code/mcu_drive/adc.o
 .debug_aranges
                0x00000948       0x20 ./code/mcu_drive/at32f423_clock.o
 .debug_aranges
                0x00000968       0x88 ./code/mcu_drive/at32f423_int.o
 .debug_aranges
                0x000009f0       0x20 ./code/mcu_drive/dac.o
 .debug_aranges
                0x00000a10       0x38 ./code/mcu_drive/delay.o
 .debug_aranges
                0x00000a48       0x20 ./code/mcu_drive/gpio.o
 .debug_aranges
                0x00000a68       0x38 ./code/mcu_drive/tim.o
 .debug_aranges
                0x00000aa0       0x30 ./code/mcu_drive/usart.o
 .debug_aranges
                0x00000ad0       0x20 ./code/mcu_drive/wdt.o
 .debug_aranges
                0x00000af0       0x40 ./code/communication/CircleBuffer.o
 .debug_aranges
                0x00000b30      0x188 ./code/communication/ComPort.o
 .debug_aranges
                0x00000cb8       0x78 ./code/communication/ComTask.o
 .debug_aranges
                0x00000d30       0x38 ./code/communication/Communication.o
 .debug_aranges
                0x00000d68       0x90 ./code/communication/DebugData.o
 .debug_aranges
                0x00000df8       0x20 ./code/Instruction/PCDataConvert.o
 .debug_aranges
                0x00000e18       0x28 ./code/APP/ConctrolLed.o
 .debug_aranges
                0x00000e40       0x30 ./code/APP/Loop.o
 .debug_aranges
                0x00000e70       0x20 ./code/APP/McuDriveInit.o
 .debug_aranges
                0x00000e90       0x60 ./code/APP/Tasksch.o
 .debug_aranges
                0x00000ef0       0x38 ./code/APP/main.o
 .debug_aranges
                0x00000f28       0x38 ./code/APP/protect.o
 .debug_aranges
                0x00000f60       0x28 ./cmsis/startup_at32f423.o
 .debug_aranges
                0x00000f88       0x30 ./cmsis/system_at32f423.o

.debug_ranges   0x00000000      0xdd8
 .debug_ranges  0x00000000      0x170 ./firmware/at32f423_adc.o
 .debug_ranges  0x00000170      0x148 ./firmware/at32f423_crm.o
 .debug_ranges  0x000002b8       0x98 ./firmware/at32f423_dac.o
 .debug_ranges  0x00000350       0xd0 ./firmware/at32f423_dma.o
 .debug_ranges  0x00000420       0x80 ./firmware/at32f423_gpio.o
 .debug_ranges  0x000004a0       0x78 ./firmware/at32f423_misc.o
 .debug_ranges  0x00000518      0x1e0 ./firmware/at32f423_tmr.o
 .debug_ranges  0x000006f8      0x160 ./firmware/at32f423_usart.o
 .debug_ranges  0x00000858       0x40 ./firmware/at32f423_wdt.o
 .debug_ranges  0x00000898       0x10 ./code/mcu_drive/adc.o
 .debug_ranges  0x000008a8       0x10 ./code/mcu_drive/at32f423_clock.o
 .debug_ranges  0x000008b8       0x78 ./code/mcu_drive/at32f423_int.o
 .debug_ranges  0x00000930       0x10 ./code/mcu_drive/dac.o
 .debug_ranges  0x00000940       0x28 ./code/mcu_drive/delay.o
 .debug_ranges  0x00000968       0x10 ./code/mcu_drive/gpio.o
 .debug_ranges  0x00000978       0x28 ./code/mcu_drive/tim.o
 .debug_ranges  0x000009a0       0x20 ./code/mcu_drive/usart.o
 .debug_ranges  0x000009c0       0x10 ./code/mcu_drive/wdt.o
 .debug_ranges  0x000009d0       0x30 ./code/communication/CircleBuffer.o
 .debug_ranges  0x00000a00      0x190 ./code/communication/ComPort.o
 .debug_ranges  0x00000b90       0x68 ./code/communication/ComTask.o
 .debug_ranges  0x00000bf8       0x28 ./code/communication/Communication.o
 .debug_ranges  0x00000c20       0x80 ./code/communication/DebugData.o
 .debug_ranges  0x00000ca0       0x10 ./code/Instruction/PCDataConvert.o
 .debug_ranges  0x00000cb0       0x18 ./code/APP/ConctrolLed.o
 .debug_ranges  0x00000cc8       0x20 ./code/APP/Loop.o
 .debug_ranges  0x00000ce8       0x10 ./code/APP/McuDriveInit.o
 .debug_ranges  0x00000cf8       0x50 ./code/APP/Tasksch.o
 .debug_ranges  0x00000d48       0x28 ./code/APP/main.o
 .debug_ranges  0x00000d70       0x28 ./code/APP/protect.o
 .debug_ranges  0x00000d98       0x20 ./cmsis/startup_at32f423.o
 .debug_ranges  0x00000db8       0x20 ./cmsis/system_at32f423.o

.debug_line     0x00000000     0x8c40
 .debug_line    0x00000000      0x903 ./firmware/at32f423_adc.o
 .debug_line    0x00000903      0xbc2 ./firmware/at32f423_crm.o
 .debug_line    0x000014c5      0x549 ./firmware/at32f423_dac.o
 .debug_line    0x00001a0e      0x603 ./firmware/at32f423_dma.o
 .debug_line    0x00002011      0x45c ./firmware/at32f423_gpio.o
 .debug_line    0x0000246d      0x432 ./firmware/at32f423_misc.o
 .debug_line    0x0000289f      0xc0f ./firmware/at32f423_tmr.o
 .debug_line    0x000034ae      0x808 ./firmware/at32f423_usart.o
 .debug_line    0x00003cb6      0x249 ./firmware/at32f423_wdt.o
 .debug_line    0x00003eff      0x29d ./code/mcu_drive/adc.o
 .debug_line    0x0000419c      0x216 ./code/mcu_drive/at32f423_clock.o
 .debug_line    0x000043b2      0x376 ./code/mcu_drive/at32f423_int.o
 .debug_line    0x00004728      0x1be ./code/mcu_drive/dac.o
 .debug_line    0x000048e6      0x207 ./code/mcu_drive/delay.o
 .debug_line    0x00004aed      0x1ca ./code/mcu_drive/gpio.o
 .debug_line    0x00004cb7      0x22e ./code/mcu_drive/tim.o
 .debug_line    0x00004ee5      0x35f ./code/mcu_drive/usart.o
 .debug_line    0x00005244       0xbf ./code/mcu_drive/wdt.o
 .debug_line    0x00005303      0x1ee ./code/communication/CircleBuffer.o
 .debug_line    0x000054f1     0x16fe ./code/communication/ComPort.o
 .debug_line    0x00006bef      0x532 ./code/communication/ComTask.o
 .debug_line    0x00007121      0x356 ./code/communication/Communication.o
 .debug_line    0x00007477      0x48e ./code/communication/DebugData.o
 .debug_line    0x00007905      0x17f ./code/Instruction/PCDataConvert.o
 .debug_line    0x00007a84      0x369 ./code/APP/ConctrolLed.o
 .debug_line    0x00007ded      0x188 ./code/APP/Loop.o
 .debug_line    0x00007f75       0x56 ./code/APP/McuDriveInit.o
 .debug_line    0x00007fcb      0x2ce ./code/APP/Tasksch.o
 .debug_line    0x00008299      0x2b9 ./code/APP/main.o
 .debug_line    0x00008552      0x320 ./code/APP/protect.o
 .debug_line    0x00008872       0x77 ./cmsis/startup_at32f423.o
 .debug_line    0x000088e9      0x357 ./cmsis/system_at32f423.o

.debug_str      0x00000000     0xe010
 .debug_str     0x00000000     0x1b77 ./firmware/at32f423_adc.o
                               0x1c06 (size before relaxing)
 .debug_str     0x00001b77     0x233c ./firmware/at32f423_crm.o
                               0x2962 (size before relaxing)
 .debug_str     0x00003eb3      0x75e ./firmware/at32f423_dac.o
                                0xd49 (size before relaxing)
 .debug_str     0x00004611     0x1738 ./firmware/at32f423_dma.o
                               0x191b (size before relaxing)
 .debug_str     0x00005d49      0x9de ./firmware/at32f423_gpio.o
                                0xfa2 (size before relaxing)
 .debug_str     0x00006727      0x8c5 ./firmware/at32f423_misc.o
                                0xa70 (size before relaxing)
 .debug_str     0x00006fec     0x1a37 ./firmware/at32f423_tmr.o
                               0x207e (size before relaxing)
 .debug_str     0x00008a23      0xaea ./firmware/at32f423_usart.o
                               0x1ae4 (size before relaxing)
 .debug_str     0x0000950d      0x1a6 ./firmware/at32f423_wdt.o
                                0x34e (size before relaxing)
 .debug_str     0x000096b3       0x3f ./code/mcu_drive/adc.o
                               0x2584 (size before relaxing)
 .debug_str     0x000096f2      0x471 ./code/mcu_drive/at32f423_clock.o
                                0xc82 (size before relaxing)
 .debug_str     0x00009b63      0x1a8 ./code/mcu_drive/at32f423_int.o
                                0x804 (size before relaxing)
 .debug_str     0x00009d0b       0x21 ./code/mcu_drive/dac.o
                                0xce7 (size before relaxing)
 .debug_str     0x00009d2c       0x36 ./code/mcu_drive/delay.o
                                0x1ca (size before relaxing)
 .debug_str     0x00009d62       0x23 ./code/mcu_drive/gpio.o
                                0xbe9 (size before relaxing)
 .debug_str     0x00009d85       0x59 ./code/mcu_drive/tim.o
                               0x13b9 (size before relaxing)
 .debug_str     0x00009dde       0x83 ./code/mcu_drive/usart.o
                               0x25de (size before relaxing)
 .debug_str     0x00009e61       0x21 ./code/mcu_drive/wdt.o
                                0x1bf (size before relaxing)
 .debug_str     0x00009e82       0x77 ./code/communication/CircleBuffer.o
                                0x3b0 (size before relaxing)
 .debug_str     0x00009ef9      0xb99 ./code/communication/ComPort.o
                                0xf98 (size before relaxing)
 .debug_str     0x0000aa92     0x20f9 ./code/communication/ComTask.o
                               0x2b1a (size before relaxing)
 .debug_str     0x0000cb8b      0x6e1 ./code/communication/Communication.o
                               0x1532 (size before relaxing)
 .debug_str     0x0000d26c      0x798 ./code/communication/DebugData.o
                                0xa0e (size before relaxing)
 .debug_str     0x0000da04      0x2b6 ./code/Instruction/PCDataConvert.o
                                0x431 (size before relaxing)
 .debug_str     0x0000dcba       0x65 ./code/APP/ConctrolLed.o
                                0x8e3 (size before relaxing)
 .debug_str     0x0000dd1f       0x9f ./code/APP/Loop.o
                                0x3a3 (size before relaxing)
 .debug_str     0x0000ddbe       0x2a ./code/APP/McuDriveInit.o
                                0x154 (size before relaxing)
 .debug_str     0x0000dde8       0x91 ./code/APP/Tasksch.o
                                0x3b4 (size before relaxing)
 .debug_str     0x0000de79       0x7b ./code/APP/main.o
                                0x8dc (size before relaxing)
 .debug_str     0x0000def4       0x8f ./code/APP/protect.o
                                0x9eb (size before relaxing)
 .debug_str     0x0000df83       0x2a ./cmsis/startup_at32f423.o
                                 0x51 (size before relaxing)
 .debug_str     0x0000dfad       0x63 ./cmsis/system_at32f423.o
                                0xd94 (size before relaxing)

.comment        0x00000000       0x49
 .comment       0x00000000       0x49 ./firmware/at32f423_adc.o
                                 0x4a (size before relaxing)
 .comment       0x00000049       0x4a ./firmware/at32f423_crm.o
 .comment       0x00000049       0x4a ./firmware/at32f423_dac.o
 .comment       0x00000049       0x4a ./firmware/at32f423_dma.o
 .comment       0x00000049       0x4a ./firmware/at32f423_gpio.o
 .comment       0x00000049       0x4a ./firmware/at32f423_misc.o
 .comment       0x00000049       0x4a ./firmware/at32f423_tmr.o
 .comment       0x00000049       0x4a ./firmware/at32f423_usart.o
 .comment       0x00000049       0x4a ./firmware/at32f423_wdt.o
 .comment       0x00000049       0x4a ./code/mcu_drive/adc.o
 .comment       0x00000049       0x4a ./code/mcu_drive/at32f423_clock.o
 .comment       0x00000049       0x4a ./code/mcu_drive/at32f423_int.o
 .comment       0x00000049       0x4a ./code/mcu_drive/dac.o
 .comment       0x00000049       0x4a ./code/mcu_drive/delay.o
 .comment       0x00000049       0x4a ./code/mcu_drive/gpio.o
 .comment       0x00000049       0x4a ./code/mcu_drive/tim.o
 .comment       0x00000049       0x4a ./code/mcu_drive/usart.o
 .comment       0x00000049       0x4a ./code/mcu_drive/wdt.o
 .comment       0x00000049       0x4a ./code/communication/CircleBuffer.o
 .comment       0x00000049       0x4a ./code/communication/ComPort.o
 .comment       0x00000049       0x4a ./code/communication/ComTask.o
 .comment       0x00000049       0x4a ./code/communication/Communication.o
 .comment       0x00000049       0x4a ./code/communication/DebugData.o
 .comment       0x00000049       0x4a ./code/Instruction/PCDataConvert.o
 .comment       0x00000049       0x4a ./code/APP/ConctrolLed.o
 .comment       0x00000049       0x4a ./code/APP/Loop.o
 .comment       0x00000049       0x4a ./code/APP/McuDriveInit.o
 .comment       0x00000049       0x4a ./code/APP/Tasksch.o
 .comment       0x00000049       0x4a ./code/APP/main.o
 .comment       0x00000049       0x4a ./code/APP/protect.o
 .comment       0x00000049       0x4a ./cmsis/system_at32f423.o

.debug_frame    0x00000000     0x41fc
 .debug_frame   0x00000000      0x70c ./firmware/at32f423_adc.o
 .debug_frame   0x0000070c      0x62c ./firmware/at32f423_crm.o
 .debug_frame   0x00000d38      0x2cc ./firmware/at32f423_dac.o
 .debug_frame   0x00001004      0x3f8 ./firmware/at32f423_dma.o
 .debug_frame   0x000013fc      0x264 ./firmware/at32f423_gpio.o
 .debug_frame   0x00001660      0x210 ./firmware/at32f423_misc.o
 .debug_frame   0x00001870      0x93c ./firmware/at32f423_tmr.o
 .debug_frame   0x000021ac      0x6c4 ./firmware/at32f423_usart.o
 .debug_frame   0x00002870      0x118 ./firmware/at32f423_wdt.o
 .debug_frame   0x00002988       0x34 ./code/mcu_drive/adc.o
 .debug_frame   0x000029bc       0x2c ./code/mcu_drive/at32f423_clock.o
 .debug_frame   0x000029e8      0x1a4 ./code/mcu_drive/at32f423_int.o
 .debug_frame   0x00002b8c       0x34 ./code/mcu_drive/dac.o
 .debug_frame   0x00002bc0       0xa4 ./code/mcu_drive/delay.o
 .debug_frame   0x00002c64       0x34 ./code/mcu_drive/gpio.o
 .debug_frame   0x00002c98       0x90 ./code/mcu_drive/tim.o
 .debug_frame   0x00002d28       0x7c ./code/mcu_drive/usart.o
 .debug_frame   0x00002da4       0x2c ./code/mcu_drive/wdt.o
 .debug_frame   0x00002dd0       0xc0 ./code/communication/CircleBuffer.o
 .debug_frame   0x00002e90      0x6f0 ./code/communication/ComPort.o
 .debug_frame   0x00003580      0x1d0 ./code/communication/ComTask.o
 .debug_frame   0x00003750       0x98 ./code/communication/Communication.o
 .debug_frame   0x000037e8      0x20c ./code/communication/DebugData.o
 .debug_frame   0x000039f4       0x34 ./code/Instruction/PCDataConvert.o
 .debug_frame   0x00003a28       0x50 ./code/APP/ConctrolLed.o
 .debug_frame   0x00003a78       0x68 ./code/APP/Loop.o
 .debug_frame   0x00003ae0       0x2c ./code/APP/McuDriveInit.o
 .debug_frame   0x00003b0c      0x170 ./code/APP/Tasksch.o
 .debug_frame   0x00003c7c       0x8c ./code/APP/main.o
 .debug_frame   0x00003d08       0x94 ./code/APP/protect.o
 .debug_frame   0x00003d9c       0x84 ./cmsis/system_at32f423.o
 .debug_frame   0x00003e20       0xac d:/at32ide/platform/tools/gcc-arm-none-eabi-10.3-2021.10/bin/../lib/gcc/arm-none-eabi/10.3.1/thumb/v7e-m/nofp\libgcc.a(_arm_addsubdf3.o)
 .debug_frame   0x00003ecc       0xc4 d:/at32ide/platform/tools/gcc-arm-none-eabi-10.3-2021.10/bin/../lib/gcc/arm-none-eabi/10.3.1/thumb/v7e-m/nofp\libgcc.a(_arm_cmpdf2.o)
 .debug_frame   0x00003f90       0x4c d:/at32ide/platform/tools/gcc-arm-none-eabi-10.3-2021.10/bin/../lib/gcc/arm-none-eabi/10.3.1/thumb/v7e-m/nofp\libgcc.a(_arm_addsubsf3.o)
 .debug_frame   0x00003fdc       0x38 d:/at32ide/platform/tools/gcc-arm-none-eabi-10.3-2021.10/bin/../lib/gcc/arm-none-eabi/10.3.1/thumb/v7e-m/nofp\libgcc.a(_arm_muldivsf3.o)
 .debug_frame   0x00004014       0xc8 d:/at32ide/platform/tools/gcc-arm-none-eabi-10.3-2021.10/bin/../lib/gcc/arm-none-eabi/10.3.1/thumb/v7e-m/nofp\libgcc.a(_arm_cmpsf2.o)
 .debug_frame   0x000040dc       0x24 d:/at32ide/platform/tools/gcc-arm-none-eabi-10.3-2021.10/bin/../lib/gcc/arm-none-eabi/10.3.1/thumb/v7e-m/nofp\libgcc.a(_arm_fixsfsi.o)
 .debug_frame   0x00004100       0x2c d:/at32ide/platform/tools/gcc-arm-none-eabi-10.3-2021.10/bin/../lib/gcc/arm-none-eabi/10.3.1/thumb/v7e-m/nofp\libgcc.a(_aeabi_uldivmod.o)
 .debug_frame   0x0000412c       0x34 d:/at32ide/platform/tools/gcc-arm-none-eabi-10.3-2021.10/bin/../lib/gcc/arm-none-eabi/10.3.1/thumb/v7e-m/nofp\libgcc.a(_udivmoddi4.o)
 .debug_frame   0x00004160       0x2c d:/at32ide/platform/tools/gcc-arm-none-eabi-10.3-2021.10/bin/../lib/gcc/arm-none-eabi/10.3.1/../../../../arm-none-eabi/lib/thumb/v7e-m/nofp\libg_nano.a(lib_a-init.o)
 .debug_frame   0x0000418c       0x28 d:/at32ide/platform/tools/gcc-arm-none-eabi-10.3-2021.10/bin/../lib/gcc/arm-none-eabi/10.3.1/../../../../arm-none-eabi/lib/thumb/v7e-m/nofp\libg_nano.a(lib_a-memcmp.o)
 .debug_frame   0x000041b4       0x28 d:/at32ide/platform/tools/gcc-arm-none-eabi-10.3-2021.10/bin/../lib/gcc/arm-none-eabi/10.3.1/../../../../arm-none-eabi/lib/thumb/v7e-m/nofp\libg_nano.a(lib_a-memcpy-stub.o)
 .debug_frame   0x000041dc       0x20 d:/at32ide/platform/tools/gcc-arm-none-eabi-10.3-2021.10/bin/../lib/gcc/arm-none-eabi/10.3.1/../../../../arm-none-eabi/lib/thumb/v7e-m/nofp\libg_nano.a(lib_a-memset.o)

.stabstr        0x00000000      0x1b9
 .stabstr       0x00000000      0x1b9 d:/at32ide/platform/tools/gcc-arm-none-eabi-10.3-2021.10/bin/../lib/gcc/arm-none-eabi/10.3.1/../../../../arm-none-eabi/lib/thumb/v7e-m/nofp\libnosys.a(close.o)
