Archive member included to satisfy reference by file (symbol)

d:/at32ide/platform/tools/gcc-arm-none-eabi-10.3-2021.10/bin/../lib/gcc/arm-none-eabi/10.3.1/thumb/v7e-m/nofp\libgcc.a(_aeabi_uldivmod.o)
                              ./firmware/at32f423_crm.o (__aeabi_uldivmod)
d:/at32ide/platform/tools/gcc-arm-none-eabi-10.3-2021.10/bin/../lib/gcc/arm-none-eabi/10.3.1/thumb/v7e-m/nofp\libgcc.a(_udivmoddi4.o)
                              d:/at32ide/platform/tools/gcc-arm-none-eabi-10.3-2021.10/bin/../lib/gcc/arm-none-eabi/10.3.1/thumb/v7e-m/nofp\libgcc.a(_aeabi_uldivmod.o) (__udivmoddi4)
d:/at32ide/platform/tools/gcc-arm-none-eabi-10.3-2021.10/bin/../lib/gcc/arm-none-eabi/10.3.1/thumb/v7e-m/nofp\libgcc.a(_dvmd_tls.o)
                              d:/at32ide/platform/tools/gcc-arm-none-eabi-10.3-2021.10/bin/../lib/gcc/arm-none-eabi/10.3.1/thumb/v7e-m/nofp\libgcc.a(_aeabi_uldivmod.o) (__aeabi_ldiv0)
d:/at32ide/platform/tools/gcc-arm-none-eabi-10.3-2021.10/bin/../lib/gcc/arm-none-eabi/10.3.1/../../../../arm-none-eabi/lib/thumb/v7e-m/nofp\libg_nano.a(lib_a-exit.o)
                              d:/at32ide/platform/tools/gcc-arm-none-eabi-10.3-2021.10/bin/../lib/gcc/arm-none-eabi/10.3.1/../../../../arm-none-eabi/lib/thumb/v7e-m/nofp/crt0.o (exit)
d:/at32ide/platform/tools/gcc-arm-none-eabi-10.3-2021.10/bin/../lib/gcc/arm-none-eabi/10.3.1/../../../../arm-none-eabi/lib/thumb/v7e-m/nofp\libg_nano.a(lib_a-impure.o)
                              d:/at32ide/platform/tools/gcc-arm-none-eabi-10.3-2021.10/bin/../lib/gcc/arm-none-eabi/10.3.1/../../../../arm-none-eabi/lib/thumb/v7e-m/nofp\libg_nano.a(lib_a-exit.o) (_global_impure_ptr)
d:/at32ide/platform/tools/gcc-arm-none-eabi-10.3-2021.10/bin/../lib/gcc/arm-none-eabi/10.3.1/../../../../arm-none-eabi/lib/thumb/v7e-m/nofp\libg_nano.a(lib_a-init.o)
                              d:/at32ide/platform/tools/gcc-arm-none-eabi-10.3-2021.10/bin/../lib/gcc/arm-none-eabi/10.3.1/../../../../arm-none-eabi/lib/thumb/v7e-m/nofp/crt0.o (__libc_init_array)
d:/at32ide/platform/tools/gcc-arm-none-eabi-10.3-2021.10/bin/../lib/gcc/arm-none-eabi/10.3.1/../../../../arm-none-eabi/lib/thumb/v7e-m/nofp\libg_nano.a(lib_a-memset.o)
                              d:/at32ide/platform/tools/gcc-arm-none-eabi-10.3-2021.10/bin/../lib/gcc/arm-none-eabi/10.3.1/../../../../arm-none-eabi/lib/thumb/v7e-m/nofp/crt0.o (memset)
d:/at32ide/platform/tools/gcc-arm-none-eabi-10.3-2021.10/bin/../lib/gcc/arm-none-eabi/10.3.1/../../../../arm-none-eabi/lib/thumb/v7e-m/nofp\libnosys.a(_exit.o)
                              d:/at32ide/platform/tools/gcc-arm-none-eabi-10.3-2021.10/bin/../lib/gcc/arm-none-eabi/10.3.1/../../../../arm-none-eabi/lib/thumb/v7e-m/nofp\libg_nano.a(lib_a-exit.o) (_exit)

Discarded input sections

 .text          0x00000000        0x0 d:/at32ide/platform/tools/gcc-arm-none-eabi-10.3-2021.10/bin/../lib/gcc/arm-none-eabi/10.3.1/thumb/v7e-m/nofp/crti.o
 .data          0x00000000        0x0 d:/at32ide/platform/tools/gcc-arm-none-eabi-10.3-2021.10/bin/../lib/gcc/arm-none-eabi/10.3.1/thumb/v7e-m/nofp/crti.o
 .bss           0x00000000        0x0 d:/at32ide/platform/tools/gcc-arm-none-eabi-10.3-2021.10/bin/../lib/gcc/arm-none-eabi/10.3.1/thumb/v7e-m/nofp/crti.o
 .data          0x00000000        0x4 d:/at32ide/platform/tools/gcc-arm-none-eabi-10.3-2021.10/bin/../lib/gcc/arm-none-eabi/10.3.1/thumb/v7e-m/nofp/crtbegin.o
 .rodata        0x00000000       0x24 d:/at32ide/platform/tools/gcc-arm-none-eabi-10.3-2021.10/bin/../lib/gcc/arm-none-eabi/10.3.1/thumb/v7e-m/nofp/crtbegin.o
 .text          0x00000000       0x7c d:/at32ide/platform/tools/gcc-arm-none-eabi-10.3-2021.10/bin/../lib/gcc/arm-none-eabi/10.3.1/../../../../arm-none-eabi/lib/thumb/v7e-m/nofp/crt0.o
 .data          0x00000000        0x0 d:/at32ide/platform/tools/gcc-arm-none-eabi-10.3-2021.10/bin/../lib/gcc/arm-none-eabi/10.3.1/../../../../arm-none-eabi/lib/thumb/v7e-m/nofp/crt0.o
 .bss           0x00000000        0x0 d:/at32ide/platform/tools/gcc-arm-none-eabi-10.3-2021.10/bin/../lib/gcc/arm-none-eabi/10.3.1/../../../../arm-none-eabi/lib/thumb/v7e-m/nofp/crt0.o
 .ARM.extab     0x00000000        0x0 d:/at32ide/platform/tools/gcc-arm-none-eabi-10.3-2021.10/bin/../lib/gcc/arm-none-eabi/10.3.1/../../../../arm-none-eabi/lib/thumb/v7e-m/nofp/crt0.o
 .ARM.exidx     0x00000000       0x10 d:/at32ide/platform/tools/gcc-arm-none-eabi-10.3-2021.10/bin/../lib/gcc/arm-none-eabi/10.3.1/../../../../arm-none-eabi/lib/thumb/v7e-m/nofp/crt0.o
 .ARM.attributes
                0x00000000       0x1c d:/at32ide/platform/tools/gcc-arm-none-eabi-10.3-2021.10/bin/../lib/gcc/arm-none-eabi/10.3.1/../../../../arm-none-eabi/lib/thumb/v7e-m/nofp/crt0.o
 .text          0x00000000        0x0 ./user/at32f423_int.o
 .data          0x00000000        0x0 ./user/at32f423_int.o
 .bss           0x00000000        0x0 ./user/at32f423_int.o
 .text          0x00000000        0x0 ./user/at32f423_wk_config.o
 .data          0x00000000        0x0 ./user/at32f423_wk_config.o
 .text          0x00000000        0x0 ./user/led_drive.o
 .data          0x00000000        0x1 ./user/led_drive.o
 .bss           0x00000000        0x4 ./user/led_drive.o
 .text.LedState
                0x00000000        0xc ./user/led_drive.o
 .text.SET_LedMod
                0x00000000       0x34 ./user/led_drive.o
 .text.LED_Handler
                0x00000000      0x73c ./user/led_drive.o
 .debug_info    0x00000000     0x12a6 ./user/led_drive.o
 .debug_abbrev  0x00000000      0x19d ./user/led_drive.o
 .debug_aranges
                0x00000000       0x30 ./user/led_drive.o
 .debug_ranges  0x00000000       0x20 ./user/led_drive.o
 .debug_line    0x00000000      0x34b ./user/led_drive.o
 .debug_str     0x00000000      0x849 ./user/led_drive.o
 .comment       0x00000000       0x4a ./user/led_drive.o
 .debug_frame   0x00000000       0x7c ./user/led_drive.o
 .ARM.attributes
                0x00000000       0x2e ./user/led_drive.o
 .text          0x00000000        0x0 ./user/main.o
 .data          0x00000000        0x0 ./user/main.o
 .bss           0x00000000        0x0 ./user/main.o
 .text          0x00000000        0x0 ./user/wk_system.o
 .data          0x00000000        0x0 ./user/wk_system.o
 .text.wk_timebase_get
                0x00000000       0x14 ./user/wk_system.o
 .text.wk_delay_ms
                0x00000000       0x38 ./user/wk_system.o
 .text          0x00000000        0x0 ./firmware/at32f423_adc.o
 .data          0x00000000        0x0 ./firmware/at32f423_adc.o
 .bss           0x00000000        0x0 ./firmware/at32f423_adc.o
 .text.adc_reset
                0x00000000       0x1c ./firmware/at32f423_adc.o
 .text.adc_interrupt_enable
                0x00000000       0x40 ./firmware/at32f423_adc.o
 .text.adc_calibration_value_set
                0x00000000       0x1e ./firmware/at32f423_adc.o
 .text.adc_voltage_monitor_enable
                0x00000000       0x3e ./firmware/at32f423_adc.o
 .text.adc_voltage_monitor_threshold_value_set
                0x00000000       0x32 ./firmware/at32f423_adc.o
 .text.adc_voltage_monitor_single_channel_select
                0x00000000       0x28 ./firmware/at32f423_adc.o
 .text.adc_preempt_channel_length_set
                0x00000000       0x2c ./firmware/at32f423_adc.o
 .text.adc_preempt_channel_set
                0x00000000      0x178 ./firmware/at32f423_adc.o
 .text.adc_preempt_conversion_trigger_set
                0x00000000       0x3e ./firmware/at32f423_adc.o
 .text.adc_preempt_offset_value_set
                0x00000000       0x88 ./firmware/at32f423_adc.o
 .text.adc_ordinary_part_count_set
                0x00000000       0x2c ./firmware/at32f423_adc.o
 .text.adc_ordinary_part_mode_enable
                0x00000000       0x28 ./firmware/at32f423_adc.o
 .text.adc_preempt_part_mode_enable
                0x00000000       0x28 ./firmware/at32f423_adc.o
 .text.adc_preempt_auto_mode_enable
                0x00000000       0x28 ./firmware/at32f423_adc.o
 .text.adc_conversion_stop
                0x00000000       0x1c ./firmware/at32f423_adc.o
 .text.adc_conversion_stop_status_get
                0x00000000       0x26 ./firmware/at32f423_adc.o
 .text.adc_occe_each_conversion_enable
                0x00000000       0x28 ./firmware/at32f423_adc.o
 .text.adc_ordinary_software_trigger_status_get
                0x00000000       0x26 ./firmware/at32f423_adc.o
 .text.adc_preempt_software_trigger_enable
                0x00000000       0x28 ./firmware/at32f423_adc.o
 .text.adc_preempt_software_trigger_status_get
                0x00000000       0x26 ./firmware/at32f423_adc.o
 .text.adc_ordinary_conversion_data_get
                0x00000000       0x18 ./firmware/at32f423_adc.o
 .text.adc_preempt_conversion_data_get
                0x00000000       0x5c ./firmware/at32f423_adc.o
 .text.adc_interrupt_flag_get
                0x00000000      0x148 ./firmware/at32f423_adc.o
 .text.adc_flag_clear
                0x00000000       0x1c ./firmware/at32f423_adc.o
 .text.adc_ordinary_oversample_enable
                0x00000000       0x2c ./firmware/at32f423_adc.o
 .text.adc_preempt_oversample_enable
                0x00000000       0x2c ./firmware/at32f423_adc.o
 .text.adc_oversample_ratio_shift_set
                0x00000000       0x46 ./firmware/at32f423_adc.o
 .text.adc_ordinary_oversample_trig_enable
                0x00000000       0x2c ./firmware/at32f423_adc.o
 .text.adc_ordinary_oversample_restart_set
                0x00000000       0x2c ./firmware/at32f423_adc.o
 .text          0x00000000        0x0 ./firmware/at32f423_crm.o
 .data          0x00000000        0x0 ./firmware/at32f423_crm.o
 .bss           0x00000000        0x0 ./firmware/at32f423_crm.o
 .text.crm_lext_bypass
                0x00000000       0x2c ./firmware/at32f423_crm.o
 .text.crm_hext_bypass
                0x00000000       0x2c ./firmware/at32f423_crm.o
 .text.crm_interrupt_flag_get
                0x00000000      0x134 ./firmware/at32f423_crm.o
 .text.crm_hext_stable_wait
                0x00000000       0x4a ./firmware/at32f423_crm.o
 .text.crm_hick_clock_trimming_set
                0x00000000       0x2c ./firmware/at32f423_crm.o
 .text.crm_hick_clock_calibration_set
                0x00000000       0x44 ./firmware/at32f423_crm.o
 .text.crm_periph_reset
                0x00000000       0x7a ./firmware/at32f423_crm.o
 .text.crm_periph_lowpower_mode_enable
                0x00000000       0x7a ./firmware/at32f423_crm.o
 .text.crm_flag_clear
                0x00000000       0xe4 ./firmware/at32f423_crm.o
 .text.crm_ertc_clock_select
                0x00000000       0x40 ./firmware/at32f423_crm.o
 .text.crm_ertc_clock_enable
                0x00000000       0x2c ./firmware/at32f423_crm.o
 .text.crm_hext_sclk_div_set
                0x00000000       0x30 ./firmware/at32f423_crm.o
 .text.crm_hick_sclk_div_set
                0x00000000       0x30 ./firmware/at32f423_crm.o
 .text.crm_usb_clock_div_set
                0x00000000       0x30 ./firmware/at32f423_crm.o
 .text.crm_clock_failure_detection_enable
                0x00000000       0x2c ./firmware/at32f423_crm.o
 .text.crm_battery_powered_domain_reset
                0x00000000       0x2c ./firmware/at32f423_crm.o
 .text.crm_i2c_clock_select
                0x00000000       0x38 ./firmware/at32f423_crm.o
 .text.crm_i2c_clock_get
                0x00000000       0x34 ./firmware/at32f423_crm.o
 .text.crm_hick_divider_select
                0x00000000       0xd0 ./firmware/at32f423_crm.o
 .text.crm_hick_sclk_frequency_select
                0x00000000       0xb8 ./firmware/at32f423_crm.o
 .text.crm_usb_clock_source_select
                0x00000000       0x38 ./firmware/at32f423_crm.o
 .text.crm_clock_out_set
                0x00000000       0x54 ./firmware/at32f423_crm.o
 .text.crm_clkout_div_set
                0x00000000       0x48 ./firmware/at32f423_crm.o
 .text.crm_interrupt_enable
                0x00000000       0x3c ./firmware/at32f423_crm.o
 .text.crm_pll_parameter_calculate
                0x00000000      0x168 ./firmware/at32f423_crm.o
 .text          0x00000000        0x0 ./firmware/at32f423_dac.o
 .data          0x00000000        0x0 ./firmware/at32f423_dac.o
 .bss           0x00000000        0x0 ./firmware/at32f423_dac.o
 .text.dac_reset
                0x00000000       0x1c ./firmware/at32f423_dac.o
 .text.dac_trigger_select
                0x00000000       0x54 ./firmware/at32f423_dac.o
 .text.dac_software_trigger_generate
                0x00000000       0x3c ./firmware/at32f423_dac.o
 .text.dac_dual_software_trigger_generate
                0x00000000       0x1c ./firmware/at32f423_dac.o
 .text.dac_wave_generate
                0x00000000       0x54 ./firmware/at32f423_dac.o
 .text.dac_mask_amplitude_select
                0x00000000       0x54 ./firmware/at32f423_dac.o
 .text.dac_dma_enable
                0x00000000       0x54 ./firmware/at32f423_dac.o
 .text.dac_data_output_get
                0x00000000       0x48 ./firmware/at32f423_dac.o
 .text.dac_1_data_set
                0x00000000       0x1c ./firmware/at32f423_dac.o
 .text.dac_2_data_set
                0x00000000       0x1c ./firmware/at32f423_dac.o
 .text.dac_dual_data_set
                0x00000000       0x74 ./firmware/at32f423_dac.o
 .text.dac_udr_enable
                0x00000000       0x54 ./firmware/at32f423_dac.o
 .text.dac_udr_flag_get
                0x00000000       0x58 ./firmware/at32f423_dac.o
 .text.dac_udr_interrupt_flag_get
                0x00000000       0x88 ./firmware/at32f423_dac.o
 .text.dac_udr_flag_clear
                0x00000000       0x38 ./firmware/at32f423_dac.o
 .text          0x00000000        0x0 ./firmware/at32f423_debug.o
 .data          0x00000000        0x0 ./firmware/at32f423_debug.o
 .bss           0x00000000        0x0 ./firmware/at32f423_debug.o
 .text.debug_device_id_get
                0x00000000       0x14 ./firmware/at32f423_debug.o
 .text.debug_low_power_mode_set
                0x00000000       0x3c ./firmware/at32f423_debug.o
 .text.debug_apb1_periph_mode_set
                0x00000000       0x3c ./firmware/at32f423_debug.o
 .text.debug_apb2_periph_mode_set
                0x00000000       0x3c ./firmware/at32f423_debug.o
 .debug_info    0x00000000      0x519 ./firmware/at32f423_debug.o
 .debug_abbrev  0x00000000      0x14a ./firmware/at32f423_debug.o
 .debug_aranges
                0x00000000       0x38 ./firmware/at32f423_debug.o
 .debug_ranges  0x00000000       0x28 ./firmware/at32f423_debug.o
 .debug_line    0x00000000      0x22b ./firmware/at32f423_debug.o
 .debug_str     0x00000000      0x410 ./firmware/at32f423_debug.o
 .comment       0x00000000       0x4a ./firmware/at32f423_debug.o
 .debug_frame   0x00000000       0xa8 ./firmware/at32f423_debug.o
 .ARM.attributes
                0x00000000       0x2e ./firmware/at32f423_debug.o
 .text          0x00000000        0x0 ./firmware/at32f423_dma.o
 .data          0x00000000        0x0 ./firmware/at32f423_dma.o
 .bss           0x00000000        0x0 ./firmware/at32f423_dma.o
 .text.dma_data_number_set
                0x00000000       0x1c ./firmware/at32f423_dma.o
 .text.dma_data_number_get
                0x00000000       0x18 ./firmware/at32f423_dma.o
 .text.dma_interrupt_flag_get
                0x00000000       0x44 ./firmware/at32f423_dma.o
 .text.dma_flag_get
                0x00000000       0x44 ./firmware/at32f423_dma.o
 .text.dma_flag_clear
                0x00000000       0x34 ./firmware/at32f423_dma.o
 .text.dma_flexible_config
                0x00000000       0x38 ./firmware/at32f423_dma.o
 .text.dmamux_sync_default_para_init
                0x00000000       0x30 ./firmware/at32f423_dma.o
 .text.dmamux_sync_config
                0x00000000       0x7e ./firmware/at32f423_dma.o
 .text.dmamux_generator_default_para_init
                0x00000000       0x2a ./firmware/at32f423_dma.o
 .text.dmamux_generator_config
                0x00000000       0x6a ./firmware/at32f423_dma.o
 .text.dmamux_sync_interrupt_enable
                0x00000000       0x32 ./firmware/at32f423_dma.o
 .text.dmamux_generator_interrupt_enable
                0x00000000       0x32 ./firmware/at32f423_dma.o
 .text.dmamux_sync_flag_get
                0x00000000       0x28 ./firmware/at32f423_dma.o
 .text.dmamux_sync_interrupt_flag_get
                0x00000000       0xdc ./firmware/at32f423_dma.o
 .text.dmamux_sync_flag_clear
                0x00000000       0x1c ./firmware/at32f423_dma.o
 .text.dmamux_generator_flag_get
                0x00000000       0x28 ./firmware/at32f423_dma.o
 .text.dmamux_generator_interrupt_flag_get
                0x00000000       0xdc ./firmware/at32f423_dma.o
 .text.dmamux_generator_flag_clear
                0x00000000       0x1c ./firmware/at32f423_dma.o
 .text          0x00000000        0x0 ./firmware/at32f423_flash.o
 .data          0x00000000        0x0 ./firmware/at32f423_flash.o
 .bss           0x00000000        0x0 ./firmware/at32f423_flash.o
 .text.flash_flag_get
                0x00000000       0x68 ./firmware/at32f423_flash.o
 .text.flash_flag_clear
                0x00000000       0x1c ./firmware/at32f423_flash.o
 .text.flash_operation_status_get
                0x00000000       0x5c ./firmware/at32f423_flash.o
 .text.flash_operation_wait_for
                0x00000000       0x44 ./firmware/at32f423_flash.o
 .text.flash_unlock
                0x00000000       0x24 ./firmware/at32f423_flash.o
 .text.flash_lock
                0x00000000       0x1c ./firmware/at32f423_flash.o
 .text.flash_sector_erase
                0x00000000       0x4c ./firmware/at32f423_flash.o
 .text.flash_internal_all_erase
                0x00000000       0x44 ./firmware/at32f423_flash.o
 .text.flash_user_system_data_erase
                0x00000000       0xb0 ./firmware/at32f423_flash.o
 .text.flash_word_program
                0x00000000       0x44 ./firmware/at32f423_flash.o
 .text.flash_halfword_program
                0x00000000       0x44 ./firmware/at32f423_flash.o
 .text.flash_byte_program
                0x00000000       0x44 ./firmware/at32f423_flash.o
 .text.flash_user_system_data_program
                0x00000000       0x6c ./firmware/at32f423_flash.o
 .rodata        0x00000000        0x8 ./firmware/at32f423_flash.o
 .text.flash_epp_set
                0x00000000      0x104 ./firmware/at32f423_flash.o
 .text.flash_epp_status_get
                0x00000000       0x20 ./firmware/at32f423_flash.o
 .text.flash_fap_enable
                0x00000000       0xa0 ./firmware/at32f423_flash.o
 .text.flash_fap_status_get
                0x00000000       0x1c ./firmware/at32f423_flash.o
 .text.flash_fap_high_level_enable
                0x00000000       0x98 ./firmware/at32f423_flash.o
 .text.flash_fap_high_level_status_get
                0x00000000       0x1c ./firmware/at32f423_flash.o
 .text.flash_ssb_set
                0x00000000       0x6c ./firmware/at32f423_flash.o
 .text.flash_ssb_status_get
                0x00000000       0x18 ./firmware/at32f423_flash.o
 .text.flash_interrupt_enable
                0x00000000       0x54 ./firmware/at32f423_flash.o
 .text.flash_slib_enable
                0x00000000       0xbc ./firmware/at32f423_flash.o
 .text.flash_slib_disable
                0x00000000       0x4c ./firmware/at32f423_flash.o
 .text.flash_slib_state_get
                0x00000000       0x24 ./firmware/at32f423_flash.o
 .text.flash_slib_start_sector_get
                0x00000000       0x1c ./firmware/at32f423_flash.o
 .text.flash_slib_inststart_sector_get
                0x00000000       0x1c ./firmware/at32f423_flash.o
 .text.flash_slib_end_sector_get
                0x00000000       0x1c ./firmware/at32f423_flash.o
 .text.flash_crc_calibrate
                0x00000000       0x38 ./firmware/at32f423_flash.o
 .text.flash_boot_memory_extension_mode_enable
                0x00000000       0x48 ./firmware/at32f423_flash.o
 .text.flash_extension_memory_slib_enable
                0x00000000       0x74 ./firmware/at32f423_flash.o
 .text.flash_extension_memory_slib_state_get
                0x00000000       0x24 ./firmware/at32f423_flash.o
 .text.flash_em_slib_inststart_sector_get
                0x00000000       0x1c ./firmware/at32f423_flash.o
 .debug_info    0x00000000     0x11e0 ./firmware/at32f423_flash.o
 .debug_abbrev  0x00000000      0x30c ./firmware/at32f423_flash.o
 .debug_aranges
                0x00000000      0x120 ./firmware/at32f423_flash.o
 .debug_ranges  0x00000000      0x110 ./firmware/at32f423_flash.o
 .debug_line    0x00000000      0x915 ./firmware/at32f423_flash.o
 .debug_str     0x00000000      0xa2c ./firmware/at32f423_flash.o
 .comment       0x00000000       0x4a ./firmware/at32f423_flash.o
 .debug_frame   0x00000000      0x494 ./firmware/at32f423_flash.o
 .ARM.attributes
                0x00000000       0x2e ./firmware/at32f423_flash.o
 .text          0x00000000        0x0 ./firmware/at32f423_gpio.o
 .data          0x00000000        0x0 ./firmware/at32f423_gpio.o
 .bss           0x00000000        0x0 ./firmware/at32f423_gpio.o
 .text.gpio_reset
                0x00000000       0xdc ./firmware/at32f423_gpio.o
 .text.gpio_input_data_bit_read
                0x00000000       0x34 ./firmware/at32f423_gpio.o
 .text.gpio_input_data_read
                0x00000000       0x18 ./firmware/at32f423_gpio.o
 .text.gpio_output_data_bit_read
                0x00000000       0x32 ./firmware/at32f423_gpio.o
 .text.gpio_output_data_read
                0x00000000       0x18 ./firmware/at32f423_gpio.o
 .text.gpio_bits_toggle
                0x00000000       0x1c ./firmware/at32f423_gpio.o
 .text.gpio_bits_write
                0x00000000       0x2e ./firmware/at32f423_gpio.o
 .text.gpio_port_write
                0x00000000       0x1c ./firmware/at32f423_gpio.o
 .text.gpio_pin_wp_config
                0x00000000       0x42 ./firmware/at32f423_gpio.o
 .text.gpio_pins_huge_driven_config
                0x00000000       0x3c ./firmware/at32f423_gpio.o
 .text          0x00000000        0x0 ./firmware/at32f423_misc.o
 .data          0x00000000        0x0 ./firmware/at32f423_misc.o
 .bss           0x00000000        0x0 ./firmware/at32f423_misc.o
 .text.__NVIC_DisableIRQ
                0x00000000       0x48 ./firmware/at32f423_misc.o
 .text.__NVIC_SystemReset
                0x00000000       0x2c ./firmware/at32f423_misc.o
 .text.nvic_system_reset
                0x00000000        0x8 ./firmware/at32f423_misc.o
 .text.nvic_irq_disable
                0x00000000       0x1c ./firmware/at32f423_misc.o
 .text.nvic_vector_table_set
                0x00000000       0x2c ./firmware/at32f423_misc.o
 .text.nvic_lowpower_mode_config
                0x00000000       0x40 ./firmware/at32f423_misc.o
 .text          0x00000000        0x0 ./firmware/at32f423_pwc.o
 .data          0x00000000        0x0 ./firmware/at32f423_pwc.o
 .bss           0x00000000        0x0 ./firmware/at32f423_pwc.o
 .text.pwc_reset
                0x00000000       0x1c ./firmware/at32f423_pwc.o
 .text.pwc_battery_powered_domain_access
                0x00000000       0x2c ./firmware/at32f423_pwc.o
 .text.pwc_pvm_level_select
                0x00000000       0x2c ./firmware/at32f423_pwc.o
 .text.pwc_power_voltage_monitor_enable
                0x00000000       0x2c ./firmware/at32f423_pwc.o
 .text.pwc_wakeup_pin_enable
                0x00000000       0x3c ./firmware/at32f423_pwc.o
 .text.pwc_flag_clear
                0x00000000       0x40 ./firmware/at32f423_pwc.o
 .text.pwc_flag_get
                0x00000000       0x34 ./firmware/at32f423_pwc.o
 .text.pwc_sleep_mode_enter
                0x00000000       0x3c ./firmware/at32f423_pwc.o
 .text.pwc_deep_sleep_mode_enter
                0x00000000       0x48 ./firmware/at32f423_pwc.o
 .text.pwc_voltage_regulate_set
                0x00000000       0x70 ./firmware/at32f423_pwc.o
 .text.pwc_standby_mode_enter
                0x00000000       0x30 ./firmware/at32f423_pwc.o
 .debug_info    0x00000000      0x8dc ./firmware/at32f423_pwc.o
 .debug_abbrev  0x00000000      0x1df ./firmware/at32f423_pwc.o
 .debug_aranges
                0x00000000       0x70 ./firmware/at32f423_pwc.o
 .debug_ranges  0x00000000       0x60 ./firmware/at32f423_pwc.o
 .debug_line    0x00000000      0x38d ./firmware/at32f423_pwc.o
 .debug_str     0x00000000      0x9bb ./firmware/at32f423_pwc.o
 .comment       0x00000000       0x4a ./firmware/at32f423_pwc.o
 .debug_frame   0x00000000      0x1ac ./firmware/at32f423_pwc.o
 .ARM.attributes
                0x00000000       0x2e ./firmware/at32f423_pwc.o
 .text          0x00000000        0x0 ./firmware/at32f423_tmr.o
 .data          0x00000000        0x0 ./firmware/at32f423_tmr.o
 .bss           0x00000000        0x0 ./firmware/at32f423_tmr.o
 .text.tmr_reset
                0x00000000      0x1a4 ./firmware/at32f423_tmr.o
 .text.tmr_output_default_para_init
                0x00000000       0x3c ./firmware/at32f423_tmr.o
 .text.tmr_input_default_para_init
                0x00000000       0x2a ./firmware/at32f423_tmr.o
 .text.tmr_brkdt_default_para_init
                0x00000000       0x3c ./firmware/at32f423_tmr.o
 .text.tmr_clock_source_div_set
                0x00000000       0x28 ./firmware/at32f423_tmr.o
 .text.tmr_repetition_counter_set
                0x00000000       0x22 ./firmware/at32f423_tmr.o
 .text.tmr_counter_value_set
                0x00000000       0x1a ./firmware/at32f423_tmr.o
 .text.tmr_counter_value_get
                0x00000000       0x16 ./firmware/at32f423_tmr.o
 .text.tmr_div_value_set
                0x00000000       0x1a ./firmware/at32f423_tmr.o
 .text.tmr_div_value_get
                0x00000000       0x16 ./firmware/at32f423_tmr.o
 .text.tmr_output_channel_config
                0x00000000      0x200 ./firmware/at32f423_tmr.o
 .text.tmr_output_channel_mode_select
                0x00000000       0x98 ./firmware/at32f423_tmr.o
 .text.tmr_period_value_set
                0x00000000       0x1a ./firmware/at32f423_tmr.o
 .text.tmr_period_value_get
                0x00000000       0x16 ./firmware/at32f423_tmr.o
 .text.tmr_channel_value_set
                0x00000000       0x68 ./firmware/at32f423_tmr.o
 .text.tmr_channel_value_get
                0x00000000       0x6c ./firmware/at32f423_tmr.o
 .text.tmr_output_channel_buffer_enable
                0x00000000       0x98 ./firmware/at32f423_tmr.o
 .text.tmr_output_channel_immediately_set
                0x00000000       0x98 ./firmware/at32f423_tmr.o
 .text.tmr_output_channel_switch_set
                0x00000000       0x98 ./firmware/at32f423_tmr.o
 .text.tmr_one_cycle_mode_enable
                0x00000000       0x28 ./firmware/at32f423_tmr.o
 .text.tmr_32_bit_function_enable
                0x00000000       0x30 ./firmware/at32f423_tmr.o
 .text.tmr_overflow_request_source_set
                0x00000000       0x28 ./firmware/at32f423_tmr.o
 .text.tmr_overflow_event_disable
                0x00000000       0x28 ./firmware/at32f423_tmr.o
 .text.tmr_input_channel_init
                0x00000000      0x224 ./firmware/at32f423_tmr.o
 .text.tmr_channel_enable
                0x00000000       0xd4 ./firmware/at32f423_tmr.o
 .text.tmr_input_channel_filter_set
                0x00000000       0x98 ./firmware/at32f423_tmr.o
 .text.tmr_pwm_input_config
                0x00000000      0x1ea ./firmware/at32f423_tmr.o
 .text.tmr_channel1_input_select
                0x00000000       0x28 ./firmware/at32f423_tmr.o
 .text.tmr_input_channel_divider_set
                0x00000000       0x98 ./firmware/at32f423_tmr.o
 .text.tmr_sub_mode_select
                0x00000000       0x28 ./firmware/at32f423_tmr.o
 .text.tmr_channel_dma_select
                0x00000000       0x28 ./firmware/at32f423_tmr.o
 .text.tmr_hall_select
                0x00000000       0x28 ./firmware/at32f423_tmr.o
 .text.tmr_channel_buffer_enable
                0x00000000       0x28 ./firmware/at32f423_tmr.o
 .text.tmr_trgout2_enable
                0x00000000       0x28 ./firmware/at32f423_tmr.o
 .text.tmr_trigger_input_select
                0x00000000       0x28 ./firmware/at32f423_tmr.o
 .text.tmr_sub_sync_mode_set
                0x00000000       0x28 ./firmware/at32f423_tmr.o
 .text.tmr_dma_request_enable
                0x00000000       0x42 ./firmware/at32f423_tmr.o
 .text.tmr_interrupt_flag_get
                0x00000000       0x3c ./firmware/at32f423_tmr.o
 .text.tmr_flag_get
                0x00000000       0x30 ./firmware/at32f423_tmr.o
 .text.tmr_flag_clear
                0x00000000       0x1c ./firmware/at32f423_tmr.o
 .text.tmr_event_sw_trigger
                0x00000000       0x22 ./firmware/at32f423_tmr.o
 .text.tmr_output_enable
                0x00000000       0x28 ./firmware/at32f423_tmr.o
 .text.tmr_internal_clock_set
                0x00000000       0x1c ./firmware/at32f423_tmr.o
 .text.tmr_output_channel_polarity_set
                0x00000000       0xd4 ./firmware/at32f423_tmr.o
 .text.tmr_external_clock_config
                0x00000000       0x5a ./firmware/at32f423_tmr.o
 .text.tmr_external_clock_mode1_config
                0x00000000       0x42 ./firmware/at32f423_tmr.o
 .text.tmr_external_clock_mode2_config
                0x00000000       0x38 ./firmware/at32f423_tmr.o
 .text.tmr_encoder_mode_config
                0x00000000       0x9e ./firmware/at32f423_tmr.o
 .text.tmr_force_output_set
                0x00000000       0x98 ./firmware/at32f423_tmr.o
 .text.tmr_dma_control_config
                0x00000000       0x3e ./firmware/at32f423_tmr.o
 .text.tmr_brkdt_config
                0x00000000       0x9a ./firmware/at32f423_tmr.o
 .text.tmr_brk_filter_value_set
                0x00000000       0x28 ./firmware/at32f423_tmr.o
 .text.tmr_iremap_config
                0x00000000       0x34 ./firmware/at32f423_tmr.o
 .text          0x00000000        0x0 ./firmware/at32f423_usart.o
 .data          0x00000000        0x0 ./firmware/at32f423_usart.o
 .bss           0x00000000        0x0 ./firmware/at32f423_usart.o
 .text.usart_reset
                0x00000000       0xfc ./firmware/at32f423_usart.o
 .text.usart_clock_config
                0x00000000       0x5a ./firmware/at32f423_usart.o
 .text.usart_clock_enable
                0x00000000       0x28 ./firmware/at32f423_usart.o
 .text.usart_interrupt_enable
                0x00000000       0x66 ./firmware/at32f423_usart.o
 .text.usart_wakeup_id_set
                0x00000000       0x6a ./firmware/at32f423_usart.o
 .text.usart_wakeup_mode_set
                0x00000000       0x28 ./firmware/at32f423_usart.o
 .text.usart_receiver_mute_enable
                0x00000000       0x28 ./firmware/at32f423_usart.o
 .text.usart_break_bit_num_set
                0x00000000       0x28 ./firmware/at32f423_usart.o
 .text.usart_lin_mode_enable
                0x00000000       0x28 ./firmware/at32f423_usart.o
 .text.usart_data_transmit
                0x00000000       0x20 ./firmware/at32f423_usart.o
 .text.usart_data_receive
                0x00000000       0x18 ./firmware/at32f423_usart.o
 .text.usart_break_send
                0x00000000       0x1c ./firmware/at32f423_usart.o
 .text.usart_smartcard_guard_time_set
                0x00000000       0x22 ./firmware/at32f423_usart.o
 .text.usart_irda_smartcard_division_set
                0x00000000       0x22 ./firmware/at32f423_usart.o
 .text.usart_smartcard_mode_enable
                0x00000000       0x28 ./firmware/at32f423_usart.o
 .text.usart_smartcard_nack_set
                0x00000000       0x28 ./firmware/at32f423_usart.o
 .text.usart_single_line_halfduplex_select
                0x00000000       0x28 ./firmware/at32f423_usart.o
 .text.usart_irda_mode_enable
                0x00000000       0x28 ./firmware/at32f423_usart.o
 .text.usart_irda_low_power_enable
                0x00000000       0x28 ./firmware/at32f423_usart.o
 .text.usart_flag_get
                0x00000000       0x26 ./firmware/at32f423_usart.o
 .text.usart_interrupt_flag_get
                0x00000000      0x210 ./firmware/at32f423_usart.o
 .text.usart_flag_clear
                0x00000000       0x66 ./firmware/at32f423_usart.o
 .text.usart_rs485_delay_time_config
                0x00000000       0x3e ./firmware/at32f423_usart.o
 .text.usart_transmit_receive_pin_swap
                0x00000000       0x28 ./firmware/at32f423_usart.o
 .text.usart_id_bit_num_set
                0x00000000       0x28 ./firmware/at32f423_usart.o
 .text.usart_de_polarity_set
                0x00000000       0x28 ./firmware/at32f423_usart.o
 .text.usart_rs485_mode_enable
                0x00000000       0x28 ./firmware/at32f423_usart.o
 .text.usart_low_power_wakeup_set
                0x00000000       0x28 ./firmware/at32f423_usart.o
 .text.usart_deep_sleep_mode_enable
                0x00000000       0x28 ./firmware/at32f423_usart.o
 .text.usart_msb_transmit_first_enable
                0x00000000       0x28 ./firmware/at32f423_usart.o
 .text.usart_dt_polarity_reverse
                0x00000000       0x28 ./firmware/at32f423_usart.o
 .text.usart_transmit_pin_polarity_reverse
                0x00000000       0x28 ./firmware/at32f423_usart.o
 .text.usart_receive_pin_polarity_reverse
                0x00000000       0x28 ./firmware/at32f423_usart.o
 .text.usart_receiver_timeout_detection_enable
                0x00000000       0x28 ./firmware/at32f423_usart.o
 .text.usart_receiver_timeout_value_set
                0x00000000       0x1a ./firmware/at32f423_usart.o
 .text          0x00000000        0x0 ./firmware/at32f423_wdt.o
 .data          0x00000000        0x0 ./firmware/at32f423_wdt.o
 .bss           0x00000000        0x0 ./firmware/at32f423_wdt.o
 .text.wdt_enable
                0x00000000       0x18 ./firmware/at32f423_wdt.o
 .text.wdt_flag_get
                0x00000000       0x34 ./firmware/at32f423_wdt.o
 .text.wdt_window_counter_set
                0x00000000       0x2c ./firmware/at32f423_wdt.o
 .text          0x00000000        0x0 ./cmsis/system_at32f423.o
 .bss           0x00000000        0x0 ./cmsis/system_at32f423.o
 .text.wait_for_power_stable
                0x00000000       0x2c ./cmsis/system_at32f423.o
 .text          0x00000000       0x14 ./startup_at32f423.o
 .data          0x00000000        0x0 ./startup_at32f423.o
 .bss           0x00000000        0x0 ./startup_at32f423.o
 .data          0x00000000        0x0 d:/at32ide/platform/tools/gcc-arm-none-eabi-10.3-2021.10/bin/../lib/gcc/arm-none-eabi/10.3.1/thumb/v7e-m/nofp\libgcc.a(_aeabi_uldivmod.o)
 .bss           0x00000000        0x0 d:/at32ide/platform/tools/gcc-arm-none-eabi-10.3-2021.10/bin/../lib/gcc/arm-none-eabi/10.3.1/thumb/v7e-m/nofp\libgcc.a(_aeabi_uldivmod.o)
 .data          0x00000000        0x0 d:/at32ide/platform/tools/gcc-arm-none-eabi-10.3-2021.10/bin/../lib/gcc/arm-none-eabi/10.3.1/thumb/v7e-m/nofp\libgcc.a(_udivmoddi4.o)
 .bss           0x00000000        0x0 d:/at32ide/platform/tools/gcc-arm-none-eabi-10.3-2021.10/bin/../lib/gcc/arm-none-eabi/10.3.1/thumb/v7e-m/nofp\libgcc.a(_udivmoddi4.o)
 .ARM.extab     0x00000000        0x0 d:/at32ide/platform/tools/gcc-arm-none-eabi-10.3-2021.10/bin/../lib/gcc/arm-none-eabi/10.3.1/thumb/v7e-m/nofp\libgcc.a(_udivmoddi4.o)
 .data          0x00000000        0x0 d:/at32ide/platform/tools/gcc-arm-none-eabi-10.3-2021.10/bin/../lib/gcc/arm-none-eabi/10.3.1/thumb/v7e-m/nofp\libgcc.a(_dvmd_tls.o)
 .bss           0x00000000        0x0 d:/at32ide/platform/tools/gcc-arm-none-eabi-10.3-2021.10/bin/../lib/gcc/arm-none-eabi/10.3.1/thumb/v7e-m/nofp\libgcc.a(_dvmd_tls.o)
 .text          0x00000000        0x0 d:/at32ide/platform/tools/gcc-arm-none-eabi-10.3-2021.10/bin/../lib/gcc/arm-none-eabi/10.3.1/../../../../arm-none-eabi/lib/thumb/v7e-m/nofp\libg_nano.a(lib_a-exit.o)
 .data          0x00000000        0x0 d:/at32ide/platform/tools/gcc-arm-none-eabi-10.3-2021.10/bin/../lib/gcc/arm-none-eabi/10.3.1/../../../../arm-none-eabi/lib/thumb/v7e-m/nofp\libg_nano.a(lib_a-exit.o)
 .bss           0x00000000        0x0 d:/at32ide/platform/tools/gcc-arm-none-eabi-10.3-2021.10/bin/../lib/gcc/arm-none-eabi/10.3.1/../../../../arm-none-eabi/lib/thumb/v7e-m/nofp\libg_nano.a(lib_a-exit.o)
 .text.exit     0x00000000       0x28 d:/at32ide/platform/tools/gcc-arm-none-eabi-10.3-2021.10/bin/../lib/gcc/arm-none-eabi/10.3.1/../../../../arm-none-eabi/lib/thumb/v7e-m/nofp\libg_nano.a(lib_a-exit.o)
 .debug_frame   0x00000000       0x28 d:/at32ide/platform/tools/gcc-arm-none-eabi-10.3-2021.10/bin/../lib/gcc/arm-none-eabi/10.3.1/../../../../arm-none-eabi/lib/thumb/v7e-m/nofp\libg_nano.a(lib_a-exit.o)
 .ARM.attributes
                0x00000000       0x2e d:/at32ide/platform/tools/gcc-arm-none-eabi-10.3-2021.10/bin/../lib/gcc/arm-none-eabi/10.3.1/../../../../arm-none-eabi/lib/thumb/v7e-m/nofp\libg_nano.a(lib_a-exit.o)
 .text          0x00000000        0x0 d:/at32ide/platform/tools/gcc-arm-none-eabi-10.3-2021.10/bin/../lib/gcc/arm-none-eabi/10.3.1/../../../../arm-none-eabi/lib/thumb/v7e-m/nofp\libg_nano.a(lib_a-impure.o)
 .data          0x00000000        0x0 d:/at32ide/platform/tools/gcc-arm-none-eabi-10.3-2021.10/bin/../lib/gcc/arm-none-eabi/10.3.1/../../../../arm-none-eabi/lib/thumb/v7e-m/nofp\libg_nano.a(lib_a-impure.o)
 .bss           0x00000000        0x0 d:/at32ide/platform/tools/gcc-arm-none-eabi-10.3-2021.10/bin/../lib/gcc/arm-none-eabi/10.3.1/../../../../arm-none-eabi/lib/thumb/v7e-m/nofp\libg_nano.a(lib_a-impure.o)
 .data._impure_ptr
                0x00000000        0x4 d:/at32ide/platform/tools/gcc-arm-none-eabi-10.3-2021.10/bin/../lib/gcc/arm-none-eabi/10.3.1/../../../../arm-none-eabi/lib/thumb/v7e-m/nofp\libg_nano.a(lib_a-impure.o)
 .data.impure_data
                0x00000000       0x60 d:/at32ide/platform/tools/gcc-arm-none-eabi-10.3-2021.10/bin/../lib/gcc/arm-none-eabi/10.3.1/../../../../arm-none-eabi/lib/thumb/v7e-m/nofp\libg_nano.a(lib_a-impure.o)
 .rodata._global_impure_ptr
                0x00000000        0x4 d:/at32ide/platform/tools/gcc-arm-none-eabi-10.3-2021.10/bin/../lib/gcc/arm-none-eabi/10.3.1/../../../../arm-none-eabi/lib/thumb/v7e-m/nofp\libg_nano.a(lib_a-impure.o)
 .ARM.attributes
                0x00000000       0x2e d:/at32ide/platform/tools/gcc-arm-none-eabi-10.3-2021.10/bin/../lib/gcc/arm-none-eabi/10.3.1/../../../../arm-none-eabi/lib/thumb/v7e-m/nofp\libg_nano.a(lib_a-impure.o)
 .text          0x00000000        0x0 d:/at32ide/platform/tools/gcc-arm-none-eabi-10.3-2021.10/bin/../lib/gcc/arm-none-eabi/10.3.1/../../../../arm-none-eabi/lib/thumb/v7e-m/nofp\libg_nano.a(lib_a-init.o)
 .data          0x00000000        0x0 d:/at32ide/platform/tools/gcc-arm-none-eabi-10.3-2021.10/bin/../lib/gcc/arm-none-eabi/10.3.1/../../../../arm-none-eabi/lib/thumb/v7e-m/nofp\libg_nano.a(lib_a-init.o)
 .bss           0x00000000        0x0 d:/at32ide/platform/tools/gcc-arm-none-eabi-10.3-2021.10/bin/../lib/gcc/arm-none-eabi/10.3.1/../../../../arm-none-eabi/lib/thumb/v7e-m/nofp\libg_nano.a(lib_a-init.o)
 .text          0x00000000        0x0 d:/at32ide/platform/tools/gcc-arm-none-eabi-10.3-2021.10/bin/../lib/gcc/arm-none-eabi/10.3.1/../../../../arm-none-eabi/lib/thumb/v7e-m/nofp\libg_nano.a(lib_a-memset.o)
 .data          0x00000000        0x0 d:/at32ide/platform/tools/gcc-arm-none-eabi-10.3-2021.10/bin/../lib/gcc/arm-none-eabi/10.3.1/../../../../arm-none-eabi/lib/thumb/v7e-m/nofp\libg_nano.a(lib_a-memset.o)
 .bss           0x00000000        0x0 d:/at32ide/platform/tools/gcc-arm-none-eabi-10.3-2021.10/bin/../lib/gcc/arm-none-eabi/10.3.1/../../../../arm-none-eabi/lib/thumb/v7e-m/nofp\libg_nano.a(lib_a-memset.o)
 .text.memset   0x00000000       0x10 d:/at32ide/platform/tools/gcc-arm-none-eabi-10.3-2021.10/bin/../lib/gcc/arm-none-eabi/10.3.1/../../../../arm-none-eabi/lib/thumb/v7e-m/nofp\libg_nano.a(lib_a-memset.o)
 .debug_frame   0x00000000       0x20 d:/at32ide/platform/tools/gcc-arm-none-eabi-10.3-2021.10/bin/../lib/gcc/arm-none-eabi/10.3.1/../../../../arm-none-eabi/lib/thumb/v7e-m/nofp\libg_nano.a(lib_a-memset.o)
 .ARM.attributes
                0x00000000       0x2e d:/at32ide/platform/tools/gcc-arm-none-eabi-10.3-2021.10/bin/../lib/gcc/arm-none-eabi/10.3.1/../../../../arm-none-eabi/lib/thumb/v7e-m/nofp\libg_nano.a(lib_a-memset.o)
 .text          0x00000000        0x0 d:/at32ide/platform/tools/gcc-arm-none-eabi-10.3-2021.10/bin/../lib/gcc/arm-none-eabi/10.3.1/../../../../arm-none-eabi/lib/thumb/v7e-m/nofp\libnosys.a(_exit.o)
 .data          0x00000000        0x0 d:/at32ide/platform/tools/gcc-arm-none-eabi-10.3-2021.10/bin/../lib/gcc/arm-none-eabi/10.3.1/../../../../arm-none-eabi/lib/thumb/v7e-m/nofp\libnosys.a(_exit.o)
 .bss           0x00000000        0x0 d:/at32ide/platform/tools/gcc-arm-none-eabi-10.3-2021.10/bin/../lib/gcc/arm-none-eabi/10.3.1/../../../../arm-none-eabi/lib/thumb/v7e-m/nofp\libnosys.a(_exit.o)
 .text._exit    0x00000000        0x4 d:/at32ide/platform/tools/gcc-arm-none-eabi-10.3-2021.10/bin/../lib/gcc/arm-none-eabi/10.3.1/../../../../arm-none-eabi/lib/thumb/v7e-m/nofp\libnosys.a(_exit.o)
 .debug_frame   0x00000000       0x20 d:/at32ide/platform/tools/gcc-arm-none-eabi-10.3-2021.10/bin/../lib/gcc/arm-none-eabi/10.3.1/../../../../arm-none-eabi/lib/thumb/v7e-m/nofp\libnosys.a(_exit.o)
 .ARM.attributes
                0x00000000       0x2e d:/at32ide/platform/tools/gcc-arm-none-eabi-10.3-2021.10/bin/../lib/gcc/arm-none-eabi/10.3.1/../../../../arm-none-eabi/lib/thumb/v7e-m/nofp\libnosys.a(_exit.o)
 .text          0x00000000        0x0 d:/at32ide/platform/tools/gcc-arm-none-eabi-10.3-2021.10/bin/../lib/gcc/arm-none-eabi/10.3.1/thumb/v7e-m/nofp/crtend.o
 .data          0x00000000        0x0 d:/at32ide/platform/tools/gcc-arm-none-eabi-10.3-2021.10/bin/../lib/gcc/arm-none-eabi/10.3.1/thumb/v7e-m/nofp/crtend.o
 .bss           0x00000000        0x0 d:/at32ide/platform/tools/gcc-arm-none-eabi-10.3-2021.10/bin/../lib/gcc/arm-none-eabi/10.3.1/thumb/v7e-m/nofp/crtend.o
 .rodata        0x00000000       0x24 d:/at32ide/platform/tools/gcc-arm-none-eabi-10.3-2021.10/bin/../lib/gcc/arm-none-eabi/10.3.1/thumb/v7e-m/nofp/crtend.o
 .eh_frame      0x00000000        0x4 d:/at32ide/platform/tools/gcc-arm-none-eabi-10.3-2021.10/bin/../lib/gcc/arm-none-eabi/10.3.1/thumb/v7e-m/nofp/crtend.o
 .ARM.attributes
                0x00000000       0x2e d:/at32ide/platform/tools/gcc-arm-none-eabi-10.3-2021.10/bin/../lib/gcc/arm-none-eabi/10.3.1/thumb/v7e-m/nofp/crtend.o
 .text          0x00000000        0x0 d:/at32ide/platform/tools/gcc-arm-none-eabi-10.3-2021.10/bin/../lib/gcc/arm-none-eabi/10.3.1/thumb/v7e-m/nofp/crtn.o
 .data          0x00000000        0x0 d:/at32ide/platform/tools/gcc-arm-none-eabi-10.3-2021.10/bin/../lib/gcc/arm-none-eabi/10.3.1/thumb/v7e-m/nofp/crtn.o
 .bss           0x00000000        0x0 d:/at32ide/platform/tools/gcc-arm-none-eabi-10.3-2021.10/bin/../lib/gcc/arm-none-eabi/10.3.1/thumb/v7e-m/nofp/crtn.o

Memory Configuration

Name             Origin             Length             Attributes
FLASH            0x08000000         0x00040000         xr
RAM              0x20000000         0x0000c000         xrw
*default*        0x00000000         0xffffffff

Linker script and memory map

LOAD d:/at32ide/platform/tools/gcc-arm-none-eabi-10.3-2021.10/bin/../lib/gcc/arm-none-eabi/10.3.1/thumb/v7e-m/nofp/crti.o
LOAD d:/at32ide/platform/tools/gcc-arm-none-eabi-10.3-2021.10/bin/../lib/gcc/arm-none-eabi/10.3.1/thumb/v7e-m/nofp/crtbegin.o
LOAD d:/at32ide/platform/tools/gcc-arm-none-eabi-10.3-2021.10/bin/../lib/gcc/arm-none-eabi/10.3.1/../../../../arm-none-eabi/lib/thumb/v7e-m/nofp/crt0.o
LOAD ./user/at32f423_int.o
LOAD ./user/at32f423_wk_config.o
LOAD ./user/led_drive.o
LOAD ./user/main.o
LOAD ./user/wk_system.o
LOAD ./firmware/at32f423_adc.o
LOAD ./firmware/at32f423_crm.o
LOAD ./firmware/at32f423_dac.o
LOAD ./firmware/at32f423_debug.o
LOAD ./firmware/at32f423_dma.o
LOAD ./firmware/at32f423_flash.o
LOAD ./firmware/at32f423_gpio.o
LOAD ./firmware/at32f423_misc.o
LOAD ./firmware/at32f423_pwc.o
LOAD ./firmware/at32f423_tmr.o
LOAD ./firmware/at32f423_usart.o
LOAD ./firmware/at32f423_wdt.o
LOAD ./cmsis/system_at32f423.o
LOAD ./startup_at32f423.o
START GROUP
LOAD d:/at32ide/platform/tools/gcc-arm-none-eabi-10.3-2021.10/bin/../lib/gcc/arm-none-eabi/10.3.1/thumb/v7e-m/nofp\libgcc.a
LOAD d:/at32ide/platform/tools/gcc-arm-none-eabi-10.3-2021.10/bin/../lib/gcc/arm-none-eabi/10.3.1/../../../../arm-none-eabi/lib/thumb/v7e-m/nofp\libg_nano.a
LOAD d:/at32ide/platform/tools/gcc-arm-none-eabi-10.3-2021.10/bin/../lib/gcc/arm-none-eabi/10.3.1/../../../../arm-none-eabi/lib/thumb/v7e-m/nofp\libc_nano.a
END GROUP
START GROUP
LOAD d:/at32ide/platform/tools/gcc-arm-none-eabi-10.3-2021.10/bin/../lib/gcc/arm-none-eabi/10.3.1/thumb/v7e-m/nofp\libgcc.a
LOAD d:/at32ide/platform/tools/gcc-arm-none-eabi-10.3-2021.10/bin/../lib/gcc/arm-none-eabi/10.3.1/../../../../arm-none-eabi/lib/thumb/v7e-m/nofp\libc_nano.a
LOAD d:/at32ide/platform/tools/gcc-arm-none-eabi-10.3-2021.10/bin/../lib/gcc/arm-none-eabi/10.3.1/../../../../arm-none-eabi/lib/thumb/v7e-m/nofp\libnosys.a
END GROUP
START GROUP
LOAD d:/at32ide/platform/tools/gcc-arm-none-eabi-10.3-2021.10/bin/../lib/gcc/arm-none-eabi/10.3.1/thumb/v7e-m/nofp\libgcc.a
LOAD d:/at32ide/platform/tools/gcc-arm-none-eabi-10.3-2021.10/bin/../lib/gcc/arm-none-eabi/10.3.1/../../../../arm-none-eabi/lib/thumb/v7e-m/nofp\libc_nano.a
LOAD d:/at32ide/platform/tools/gcc-arm-none-eabi-10.3-2021.10/bin/../lib/gcc/arm-none-eabi/10.3.1/../../../../arm-none-eabi/lib/thumb/v7e-m/nofp\libnosys.a
END GROUP
LOAD d:/at32ide/platform/tools/gcc-arm-none-eabi-10.3-2021.10/bin/../lib/gcc/arm-none-eabi/10.3.1/thumb/v7e-m/nofp/crtend.o
LOAD d:/at32ide/platform/tools/gcc-arm-none-eabi-10.3-2021.10/bin/../lib/gcc/arm-none-eabi/10.3.1/thumb/v7e-m/nofp/crtn.o
                0x2000c000                _estack = 0x2000c000
                0x00000200                _Min_Heap_Size = 0x200
                0x00000400                _Min_Stack_Size = 0x400

.isr_vector     0x08000000      0x1e0
                0x08000000                . = ALIGN (0x4)
 *(.isr_vector)
 .isr_vector    0x08000000      0x1e0 ./startup_at32f423.o
                0x08000000                g_pfnVectors
                0x080001e0                . = ALIGN (0x4)

.text           0x080001e0     0x27a0
                0x080001e0                . = ALIGN (0x4)
 *(.text)
 .text          0x080001e0       0x40 d:/at32ide/platform/tools/gcc-arm-none-eabi-10.3-2021.10/bin/../lib/gcc/arm-none-eabi/10.3.1/thumb/v7e-m/nofp/crtbegin.o
 .text          0x08000220       0x30 d:/at32ide/platform/tools/gcc-arm-none-eabi-10.3-2021.10/bin/../lib/gcc/arm-none-eabi/10.3.1/thumb/v7e-m/nofp\libgcc.a(_aeabi_uldivmod.o)
                0x08000220                __aeabi_uldivmod
 .text          0x08000250      0x2d0 d:/at32ide/platform/tools/gcc-arm-none-eabi-10.3-2021.10/bin/../lib/gcc/arm-none-eabi/10.3.1/thumb/v7e-m/nofp\libgcc.a(_udivmoddi4.o)
                0x08000250                __udivmoddi4
 .text          0x08000520        0x4 d:/at32ide/platform/tools/gcc-arm-none-eabi-10.3-2021.10/bin/../lib/gcc/arm-none-eabi/10.3.1/thumb/v7e-m/nofp\libgcc.a(_dvmd_tls.o)
                0x08000520                __aeabi_idiv0
                0x08000520                __aeabi_ldiv0
 *(.text*)
 .text.NMI_Handler
                0x08000524        0xc ./user/at32f423_int.o
                0x08000524                NMI_Handler
 .text.HardFault_Handler
                0x08000530        0x6 ./user/at32f423_int.o
                0x08000530                HardFault_Handler
 .text.MemManage_Handler
                0x08000536        0x6 ./user/at32f423_int.o
                0x08000536                MemManage_Handler
 .text.BusFault_Handler
                0x0800053c        0x6 ./user/at32f423_int.o
                0x0800053c                BusFault_Handler
 .text.UsageFault_Handler
                0x08000542        0x6 ./user/at32f423_int.o
                0x08000542                UsageFault_Handler
 .text.SVC_Handler
                0x08000548        0xc ./user/at32f423_int.o
                0x08000548                SVC_Handler
 .text.DebugMon_Handler
                0x08000554        0xc ./user/at32f423_int.o
                0x08000554                DebugMon_Handler
 .text.PendSV_Handler
                0x08000560        0xc ./user/at32f423_int.o
                0x08000560                PendSV_Handler
 .text.SysTick_Handler
                0x0800056c        0xc ./user/at32f423_int.o
                0x0800056c                SysTick_Handler
 .text.DMA1_Channel2_IRQHandler
                0x08000578        0xc ./user/at32f423_int.o
                0x08000578                DMA1_Channel2_IRQHandler
 .text.DMA1_Channel3_IRQHandler
                0x08000584        0xc ./user/at32f423_int.o
                0x08000584                DMA1_Channel3_IRQHandler
 .text.TMR6_DAC_GLOBAL_IRQHandler
                0x08000590        0xc ./user/at32f423_int.o
                0x08000590                TMR6_DAC_GLOBAL_IRQHandler
 .text.TMR7_GLOBAL_IRQHandler
                0x0800059c        0xc ./user/at32f423_int.o
                0x0800059c                TMR7_GLOBAL_IRQHandler
 .text.__NVIC_GetPriorityGrouping
                0x080005a8       0x1c ./user/at32f423_wk_config.o
 .text.__NVIC_SetPriority
                0x080005c4       0x54 ./user/at32f423_wk_config.o
 .text.NVIC_EncodePriority
                0x08000618       0x64 ./user/at32f423_wk_config.o
 .text.wk_system_clock_config
                0x0800067c       0xb8 ./user/at32f423_wk_config.o
                0x0800067c                wk_system_clock_config
 .text.wk_periph_clock_config
                0x08000734       0x68 ./user/at32f423_wk_config.o
                0x08000734                wk_periph_clock_config
 .text.wk_nvic_config
                0x0800079c       0x52 ./user/at32f423_wk_config.o
                0x0800079c                wk_nvic_config
 *fill*         0x080007ee        0x2 
 .text.wk_gpio_config
                0x080007f0       0x94 ./user/at32f423_wk_config.o
                0x080007f0                wk_gpio_config
 .text.wk_usart1_init
                0x08000884       0xc0 ./user/at32f423_wk_config.o
                0x08000884                wk_usart1_init
 .text.wk_dac_init
                0x08000944       0x48 ./user/at32f423_wk_config.o
                0x08000944                wk_dac_init
 .text.wk_adc1_init
                0x0800098c      0x10c ./user/at32f423_wk_config.o
                0x0800098c                wk_adc1_init
 .text.wk_tmr6_init
                0x08000a98       0x44 ./user/at32f423_wk_config.o
                0x08000a98                wk_tmr6_init
 .text.wk_tmr7_init
                0x08000adc       0x44 ./user/at32f423_wk_config.o
                0x08000adc                wk_tmr7_init
 .text.wk_wdt_init
                0x08000b20       0x20 ./user/at32f423_wk_config.o
                0x08000b20                wk_wdt_init
 .text.wk_dma1_channel1_init
                0x08000b40       0x60 ./user/at32f423_wk_config.o
                0x08000b40                wk_dma1_channel1_init
 .text.wk_dma1_channel2_init
                0x08000ba0       0x68 ./user/at32f423_wk_config.o
                0x08000ba0                wk_dma1_channel2_init
 .text.wk_dma1_channel3_init
                0x08000c08       0x68 ./user/at32f423_wk_config.o
                0x08000c08                wk_dma1_channel3_init
 .text.wk_dma_channel_config
                0x08000c70       0x2a ./user/at32f423_wk_config.o
                0x08000c70                wk_dma_channel_config
 .text.wk_wait_for_power_stable
                0x08000c9a       0x2c ./user/main.o
 *fill*         0x08000cc6        0x2 
 .text.main     0x08000cc8       0x98 ./user/main.o
                0x08000cc8                main
 .text.wk_timebase_increase
                0x08000d60       0x1c ./user/wk_system.o
                0x08000d60                wk_timebase_increase
 .text.wk_timebase_init
                0x08000d7c       0x50 ./user/wk_system.o
                0x08000d7c                wk_timebase_init
 .text.wk_timebase_handler
                0x08000dcc        0xc ./user/wk_system.o
                0x08000dcc                wk_timebase_handler
 .text.adc_enable
                0x08000dd8       0x28 ./firmware/at32f423_adc.o
                0x08000dd8                adc_enable
 .text.adc_base_default_para_init
                0x08000e00       0x2a ./firmware/at32f423_adc.o
                0x08000e00                adc_base_default_para_init
 .text.adc_base_config
                0x08000e2a       0x70 ./firmware/at32f423_adc.o
                0x08000e2a                adc_base_config
 .text.adc_common_default_para_init
                0x08000e9a       0x1e ./firmware/at32f423_adc.o
                0x08000e9a                adc_common_default_para_init
 .text.adc_common_config
                0x08000eb8       0x40 ./firmware/at32f423_adc.o
                0x08000eb8                adc_common_config
 .text.adc_resolution_set
                0x08000ef8       0x28 ./firmware/at32f423_adc.o
                0x08000ef8                adc_resolution_set
 .text.adc_dma_mode_enable
                0x08000f20       0x28 ./firmware/at32f423_adc.o
                0x08000f20                adc_dma_mode_enable
 .text.adc_dma_request_repeat_enable
                0x08000f48       0x28 ./firmware/at32f423_adc.o
                0x08000f48                adc_dma_request_repeat_enable
 .text.adc_calibration_init
                0x08000f70       0x1c ./firmware/at32f423_adc.o
                0x08000f70                adc_calibration_init
 .text.adc_calibration_init_status_get
                0x08000f8c       0x26 ./firmware/at32f423_adc.o
                0x08000f8c                adc_calibration_init_status_get
 .text.adc_calibration_start
                0x08000fb2       0x1c ./firmware/at32f423_adc.o
                0x08000fb2                adc_calibration_start
 .text.adc_calibration_status_get
                0x08000fce       0x26 ./firmware/at32f423_adc.o
                0x08000fce                adc_calibration_status_get
 .text.adc_ordinary_channel_set
                0x08000ff4      0x29e ./firmware/at32f423_adc.o
                0x08000ff4                adc_ordinary_channel_set
 .text.adc_ordinary_conversion_trigger_set
                0x08001292       0x3e ./firmware/at32f423_adc.o
                0x08001292                adc_ordinary_conversion_trigger_set
 .text.adc_ordinary_software_trigger_enable
                0x080012d0       0x28 ./firmware/at32f423_adc.o
                0x080012d0                adc_ordinary_software_trigger_enable
 .text.adc_flag_get
                0x080012f8       0x32 ./firmware/at32f423_adc.o
                0x080012f8                adc_flag_get
 *fill*         0x0800132a        0x2 
 .text.crm_reset
                0x0800132c       0x98 ./firmware/at32f423_crm.o
                0x0800132c                crm_reset
 .text.crm_flag_get
                0x080013c4       0x4e ./firmware/at32f423_crm.o
                0x080013c4                crm_flag_get
 .text.crm_periph_clock_enable
                0x08001412       0x7a ./firmware/at32f423_crm.o
                0x08001412                crm_periph_clock_enable
 .text.crm_clock_source_enable
                0x0800148c       0xa4 ./firmware/at32f423_crm.o
                0x0800148c                crm_clock_source_enable
 .text.crm_ahb_div_set
                0x08001530       0x34 ./firmware/at32f423_crm.o
                0x08001530                crm_ahb_div_set
 .text.crm_apb1_div_set
                0x08001564       0x2c ./firmware/at32f423_crm.o
                0x08001564                crm_apb1_div_set
 .text.crm_apb2_div_set
                0x08001590       0x2c ./firmware/at32f423_crm.o
                0x08001590                crm_apb2_div_set
 .text.crm_auto_step_mode_enable
                0x080015bc       0x3c ./firmware/at32f423_crm.o
                0x080015bc                crm_auto_step_mode_enable
 .text.crm_usart_clock_select
                0x080015f8       0x70 ./firmware/at32f423_crm.o
                0x080015f8                crm_usart_clock_select
 .text.crm_usart_clock_get
                0x08001668       0x5c ./firmware/at32f423_crm.o
                0x08001668                crm_usart_clock_get
 .text.crm_adc_clock_select
                0x080016c4       0x30 ./firmware/at32f423_crm.o
                0x080016c4                crm_adc_clock_select
 .text.crm_pll_config
                0x080016f4       0x88 ./firmware/at32f423_crm.o
                0x080016f4                crm_pll_config
 .text.crm_sysclk_switch
                0x0800177c       0x34 ./firmware/at32f423_crm.o
                0x0800177c                crm_sysclk_switch
 .text.crm_sysclk_switch_status_get
                0x080017b0       0x1c ./firmware/at32f423_crm.o
                0x080017b0                crm_sysclk_switch_status_get
 .text.crm_clocks_freq_get
                0x080017cc      0x1e8 ./firmware/at32f423_crm.o
                0x080017cc                crm_clocks_freq_get
 .text.dac_enable
                0x080019b4       0x54 ./firmware/at32f423_dac.o
                0x080019b4                dac_enable
 .text.dac_output_buffer_enable
                0x08001a08       0x60 ./firmware/at32f423_dac.o
                0x08001a08                dac_output_buffer_enable
 .text.dac_trigger_enable
                0x08001a68       0x54 ./firmware/at32f423_dac.o
                0x08001a68                dac_trigger_enable
 .text.dma_reset
                0x08001abc       0xac ./firmware/at32f423_dma.o
                0x08001abc                dma_reset
 .text.dma_interrupt_enable
                0x08001b68       0x3a ./firmware/at32f423_dma.o
                0x08001b68                dma_interrupt_enable
 .text.dma_channel_enable
                0x08001ba2       0x28 ./firmware/at32f423_dma.o
                0x08001ba2                dma_channel_enable
 .text.dma_default_para_init
                0x08001bca       0x4e ./firmware/at32f423_dma.o
                0x08001bca                dma_default_para_init
 .text.dma_init
                0x08001c18       0xc6 ./firmware/at32f423_dma.o
                0x08001c18                dma_init
 .text.dmamux_enable
                0x08001cde       0x2c ./firmware/at32f423_dma.o
                0x08001cde                dmamux_enable
 .text.dmamux_init
                0x08001d0a       0x28 ./firmware/at32f423_dma.o
                0x08001d0a                dmamux_init
 .text.gpio_init
                0x08001d32       0xf2 ./firmware/at32f423_gpio.o
                0x08001d32                gpio_init
 .text.gpio_default_para_init
                0x08001e24       0x32 ./firmware/at32f423_gpio.o
                0x08001e24                gpio_default_para_init
 .text.gpio_bits_set
                0x08001e56       0x1c ./firmware/at32f423_gpio.o
                0x08001e56                gpio_bits_set
 .text.gpio_bits_reset
                0x08001e72       0x1c ./firmware/at32f423_gpio.o
                0x08001e72                gpio_bits_reset
 .text.gpio_pin_mux_config
                0x08001e8e       0x92 ./firmware/at32f423_gpio.o
                0x08001e8e                gpio_pin_mux_config
 .text.__NVIC_SetPriorityGrouping
                0x08001f20       0x48 ./firmware/at32f423_misc.o
 .text.__NVIC_GetPriorityGrouping
                0x08001f68       0x1c ./firmware/at32f423_misc.o
 .text.__NVIC_EnableIRQ
                0x08001f84       0x38 ./firmware/at32f423_misc.o
 .text.__NVIC_SetPriority
                0x08001fbc       0x54 ./firmware/at32f423_misc.o
 .text.NVIC_EncodePriority
                0x08002010       0x64 ./firmware/at32f423_misc.o
 .text.nvic_irq_enable
                0x08002074       0x42 ./firmware/at32f423_misc.o
                0x08002074                nvic_irq_enable
 .text.nvic_priority_group_config
                0x080020b6       0x1a ./firmware/at32f423_misc.o
                0x080020b6                nvic_priority_group_config
 .text.systick_clock_source_config
                0x080020d0       0x38 ./firmware/at32f423_misc.o
                0x080020d0                systick_clock_source_config
 .text.tmr_counter_enable
                0x08002108       0x28 ./firmware/at32f423_tmr.o
                0x08002108                tmr_counter_enable
 .text.tmr_base_init
                0x08002130       0x2c ./firmware/at32f423_tmr.o
                0x08002130                tmr_base_init
 .text.tmr_cnt_dir_set
                0x0800215c       0x28 ./firmware/at32f423_tmr.o
                0x0800215c                tmr_cnt_dir_set
 .text.tmr_period_buffer_enable
                0x08002184       0x28 ./firmware/at32f423_tmr.o
                0x08002184                tmr_period_buffer_enable
 .text.tmr_primary_mode_select
                0x080021ac       0x28 ./firmware/at32f423_tmr.o
                0x080021ac                tmr_primary_mode_select
 .text.tmr_interrupt_enable
                0x080021d4       0x40 ./firmware/at32f423_tmr.o
                0x080021d4                tmr_interrupt_enable
 .text.usart_init
                0x08002214      0x230 ./firmware/at32f423_usart.o
                0x08002214                usart_init
 .text.usart_parity_selection_config
                0x08002444       0x68 ./firmware/at32f423_usart.o
                0x08002444                usart_parity_selection_config
 .text.usart_enable
                0x080024ac       0x28 ./firmware/at32f423_usart.o
                0x080024ac                usart_enable
 .text.usart_transmitter_enable
                0x080024d4       0x28 ./firmware/at32f423_usart.o
                0x080024d4                usart_transmitter_enable
 .text.usart_receiver_enable
                0x080024fc       0x28 ./firmware/at32f423_usart.o
                0x080024fc                usart_receiver_enable
 .text.usart_dma_transmitter_enable
                0x08002524       0x28 ./firmware/at32f423_usart.o
                0x08002524                usart_dma_transmitter_enable
 .text.usart_dma_receiver_enable
                0x0800254c       0x28 ./firmware/at32f423_usart.o
                0x0800254c                usart_dma_receiver_enable
 .text.usart_hardware_flow_control_set
                0x08002574       0x84 ./firmware/at32f423_usart.o
                0x08002574                usart_hardware_flow_control_set
 .text.wdt_counter_reload
                0x080025f8       0x18 ./firmware/at32f423_wdt.o
                0x080025f8                wdt_counter_reload
 .text.wdt_reload_value_set
                0x08002610       0x20 ./firmware/at32f423_wdt.o
                0x08002610                wdt_reload_value_set
 .text.wdt_divider_set
                0x08002630       0x2c ./firmware/at32f423_wdt.o
                0x08002630                wdt_divider_set
 .text.wdt_register_write_enable
                0x0800265c       0x30 ./firmware/at32f423_wdt.o
                0x0800265c                wdt_register_write_enable
 .text.SystemInit
                0x0800268c       0xa4 ./cmsis/system_at32f423.o
                0x0800268c                SystemInit
 .text.system_core_clock_update
                0x08002730      0x1a4 ./cmsis/system_at32f423.o
                0x08002730                system_core_clock_update
 .text.Reset_Handler
                0x080028d4       0x48 ./startup_at32f423.o
                0x080028d4                Reset_Handler
 .text.Default_Handler
                0x0800291c        0x2 ./startup_at32f423.o
                0x0800291c                EXINT2_IRQHandler
                0x0800291c                I2C2_EVT_IRQHandler
                0x0800291c                TMR1_OVF_TMR10_IRQHandler
                0x0800291c                I2C1_ERR_IRQHandler
                0x0800291c                EXINT9_5_IRQHandler
                0x0800291c                TAMP_STAMP_IRQHandler
                0x0800291c                CAN2_RX1_IRQHandler
                0x0800291c                USART8_IRQHandler
                0x0800291c                CAN1_RX0_IRQHandler
                0x0800291c                FPU_IRQHandler
                0x0800291c                SPI1_IRQHandler
                0x0800291c                USART5_IRQHandler
                0x0800291c                CAN2_RX0_IRQHandler
                0x0800291c                OTGFS1_IRQHandler
                0x0800291c                USART7_IRQHandler
                0x0800291c                DMA2_Channel2_IRQHandler
                0x0800291c                DMA1_Channel4_IRQHandler
                0x0800291c                ADC1_IRQHandler
                0x0800291c                USART6_IRQHandler
                0x0800291c                EXINT0_IRQHandler
                0x0800291c                USART3_IRQHandler
                0x0800291c                DMA1_Channel7_IRQHandler
                0x0800291c                CAN1_RX1_IRQHandler
                0x0800291c                ACC_IRQHandler
                0x0800291c                DMAMUX_IRQHandler
                0x0800291c                DMA2_Channel1_IRQHandler
                0x0800291c                TMR12_GLOBAL_IRQHandler
                0x0800291c                USART4_IRQHandler
                0x0800291c                EXINT3_IRQHandler
                0x0800291c                DMA1_Channel6_IRQHandler
                0x0800291c                DMA2_Channel4_IRQHandler
                0x0800291c                ERTCAlarm_IRQHandler
                0x0800291c                DMA1_Channel1_IRQHandler
                0x0800291c                Default_Handler
                0x0800291c                DMA2_Channel7_IRQHandler
                0x0800291c                TMR3_GLOBAL_IRQHandler
                0x0800291c                CAN1_SE_IRQHandler
                0x0800291c                CAN2_TX_IRQHandler
                0x0800291c                I2C3_ERR_IRQHandler
                0x0800291c                TMR1_BRK_TMR9_IRQHandler
                0x0800291c                SPI2_IRQHandler
                0x0800291c                TMR1_TRG_HALL_TMR11_IRQHandler
                0x0800291c                CAN1_TX_IRQHandler
                0x0800291c                DMA2_Channel5_IRQHandler
                0x0800291c                TMR14_GLOBAL_IRQHandler
                0x0800291c                DMA1_Channel5_IRQHandler
                0x0800291c                TMR4_GLOBAL_IRQHandler
                0x0800291c                EXINT4_IRQHandler
                0x0800291c                CAN2_SE_IRQHandler
                0x0800291c                PVM_IRQHandler
                0x0800291c                I2C3_EVT_IRQHandler
                0x0800291c                I2C1_EVT_IRQHandler
                0x0800291c                TMR13_GLOBAL_IRQHandler
                0x0800291c                DMA2_Channel6_IRQHandler
                0x0800291c                EXINT1_IRQHandler
                0x0800291c                USART2_IRQHandler
                0x0800291c                TMR2_GLOBAL_IRQHandler
                0x0800291c                ERTC_WKUP_IRQHandler
                0x0800291c                FLASH_IRQHandler
                0x0800291c                I2C2_ERR_IRQHandler
                0x0800291c                USART1_IRQHandler
                0x0800291c                TMR1_CH_IRQHandler
                0x0800291c                CRM_IRQHandler
                0x0800291c                SPI3_IRQHandler
                0x0800291c                OTGFS1_WKUP_IRQHandler
                0x0800291c                EXINT15_10_IRQHandler
                0x0800291c                WWDT_IRQHandler
                0x0800291c                DMA2_Channel3_IRQHandler
 *fill*         0x0800291e        0x2 
 .text.__libc_init_array
                0x08002920       0x48 d:/at32ide/platform/tools/gcc-arm-none-eabi-10.3-2021.10/bin/../lib/gcc/arm-none-eabi/10.3.1/../../../../arm-none-eabi/lib/thumb/v7e-m/nofp\libg_nano.a(lib_a-init.o)
                0x08002920                __libc_init_array
 *(.glue_7)
 .glue_7        0x08002968        0x0 linker stubs
 *(.glue_7t)
 .glue_7t       0x08002968        0x0 linker stubs
 *(.eh_frame)
 .eh_frame      0x08002968        0x0 d:/at32ide/platform/tools/gcc-arm-none-eabi-10.3-2021.10/bin/../lib/gcc/arm-none-eabi/10.3.1/thumb/v7e-m/nofp/crtbegin.o
 *(.init)
 .init          0x08002968        0x4 d:/at32ide/platform/tools/gcc-arm-none-eabi-10.3-2021.10/bin/../lib/gcc/arm-none-eabi/10.3.1/thumb/v7e-m/nofp/crti.o
                0x08002968                _init
 .init          0x0800296c        0x8 d:/at32ide/platform/tools/gcc-arm-none-eabi-10.3-2021.10/bin/../lib/gcc/arm-none-eabi/10.3.1/thumb/v7e-m/nofp/crtn.o
 *(.fini)
 .fini          0x08002974        0x4 d:/at32ide/platform/tools/gcc-arm-none-eabi-10.3-2021.10/bin/../lib/gcc/arm-none-eabi/10.3.1/thumb/v7e-m/nofp/crti.o
                0x08002974                _fini
 .fini          0x08002978        0x8 d:/at32ide/platform/tools/gcc-arm-none-eabi-10.3-2021.10/bin/../lib/gcc/arm-none-eabi/10.3.1/thumb/v7e-m/nofp/crtn.o
                0x08002980                . = ALIGN (0x4)
                0x08002980                _etext = .

.vfp11_veneer   0x08002980        0x0
 .vfp11_veneer  0x08002980        0x0 linker stubs

.v4_bx          0x08002980        0x0
 .v4_bx         0x08002980        0x0 linker stubs

.iplt           0x08002980        0x0
 .iplt          0x08002980        0x0 d:/at32ide/platform/tools/gcc-arm-none-eabi-10.3-2021.10/bin/../lib/gcc/arm-none-eabi/10.3.1/thumb/v7e-m/nofp/crtbegin.o

.rodata         0x08002980       0x40
                0x08002980                . = ALIGN (0x4)
 *(.rodata)
 .rodata        0x08002980       0x28 ./firmware/at32f423_crm.o
 .rodata        0x080029a8       0x18 ./cmsis/system_at32f423.o
 *(.rodata*)
                0x080029c0                . = ALIGN (0x4)

.ARM.extab
 *(.ARM.extab* .gnu.linkonce.armextab.*)

.ARM            0x080029c0        0x8
                0x080029c0                __exidx_start = .
 *(.ARM.exidx*)
 .ARM.exidx     0x080029c0        0x8 d:/at32ide/platform/tools/gcc-arm-none-eabi-10.3-2021.10/bin/../lib/gcc/arm-none-eabi/10.3.1/thumb/v7e-m/nofp\libgcc.a(_udivmoddi4.o)
                0x080029c8                __exidx_end = .

.rel.dyn        0x080029c8        0x0
 .rel.iplt      0x080029c8        0x0 d:/at32ide/platform/tools/gcc-arm-none-eabi-10.3-2021.10/bin/../lib/gcc/arm-none-eabi/10.3.1/thumb/v7e-m/nofp/crtbegin.o

.preinit_array  0x080029c8        0x0
                0x080029c8                PROVIDE (__preinit_array_start = .)
 *(.preinit_array*)
                0x080029c8                PROVIDE (__preinit_array_end = .)

.init_array     0x080029c8        0x4
                0x080029c8                PROVIDE (__init_array_start = .)
 *(SORT_BY_NAME(.init_array.*))
 *(.init_array*)
 .init_array    0x080029c8        0x4 d:/at32ide/platform/tools/gcc-arm-none-eabi-10.3-2021.10/bin/../lib/gcc/arm-none-eabi/10.3.1/thumb/v7e-m/nofp/crtbegin.o
                0x080029cc                PROVIDE (__init_array_end = .)

.fini_array     0x080029cc        0x4
                [!provide]                PROVIDE (__fini_array_start = .)
 *(SORT_BY_NAME(.fini_array.*))
 *(.fini_array*)
 .fini_array    0x080029cc        0x4 d:/at32ide/platform/tools/gcc-arm-none-eabi-10.3-2021.10/bin/../lib/gcc/arm-none-eabi/10.3.1/thumb/v7e-m/nofp/crtbegin.o
                [!provide]                PROVIDE (__fini_array_end = .)
                0x080029d0                _sidata = LOADADDR (.data)

.data           0x20000000        0x4 load address 0x080029d0
                0x20000000                . = ALIGN (0x4)
                0x20000000                _sdata = .
 *(.data)
 .data          0x20000000        0x4 ./cmsis/system_at32f423.o
                0x20000000                system_core_clock
 *(.data*)
                0x20000004                . = ALIGN (0x4)
                0x20000004                _edata = .

.igot.plt       0x20000004        0x0 load address 0x080029d4
 .igot.plt      0x20000004        0x0 d:/at32ide/platform/tools/gcc-arm-none-eabi-10.3-2021.10/bin/../lib/gcc/arm-none-eabi/10.3.1/thumb/v7e-m/nofp/crtbegin.o
                0x20000004                . = ALIGN (0x4)

.bss            0x20000004       0x28 load address 0x080029d4
                0x20000004                _sbss = .
                0x20000004                __bss_start__ = _sbss
 *(.bss)
 .bss           0x20000004       0x1c d:/at32ide/platform/tools/gcc-arm-none-eabi-10.3-2021.10/bin/../lib/gcc/arm-none-eabi/10.3.1/thumb/v7e-m/nofp/crtbegin.o
 .bss           0x20000020        0x8 ./user/at32f423_wk_config.o
                0x20000020                adc_value
 .bss           0x20000028        0x4 ./user/wk_system.o
                0x20000028                timebase_ticks
 *(.bss*)
 *(COMMON)
                0x2000002c                . = ALIGN (0x4)
                0x2000002c                _ebss = .
                0x2000002c                __bss_end__ = _ebss

._user_heap_stack
                0x2000002c      0x604 load address 0x080029d4
                0x20000030                . = ALIGN (0x8)
 *fill*         0x2000002c        0x4 
                [!provide]                PROVIDE (end = .)
                [!provide]                PROVIDE (_end = .)
                0x20000230                . = (. + _Min_Heap_Size)
 *fill*         0x20000030      0x200 
                0x20000630                . = (. + _Min_Stack_Size)
 *fill*         0x20000230      0x400 
                0x20000630                . = ALIGN (0x8)

/DISCARD/
 libc.a(*)
 libm.a(*)
 libgcc.a(*)

.ARM.attributes
                0x00000000       0x2a
 *(.ARM.attributes)
 .ARM.attributes
                0x00000000       0x1e d:/at32ide/platform/tools/gcc-arm-none-eabi-10.3-2021.10/bin/../lib/gcc/arm-none-eabi/10.3.1/thumb/v7e-m/nofp/crti.o
 .ARM.attributes
                0x0000001e       0x2e d:/at32ide/platform/tools/gcc-arm-none-eabi-10.3-2021.10/bin/../lib/gcc/arm-none-eabi/10.3.1/thumb/v7e-m/nofp/crtbegin.o
 .ARM.attributes
                0x0000004c       0x2e ./user/at32f423_int.o
 .ARM.attributes
                0x0000007a       0x2e ./user/at32f423_wk_config.o
 .ARM.attributes
                0x000000a8       0x2e ./user/main.o
 .ARM.attributes
                0x000000d6       0x2e ./user/wk_system.o
 .ARM.attributes
                0x00000104       0x2e ./firmware/at32f423_adc.o
 .ARM.attributes
                0x00000132       0x2e ./firmware/at32f423_crm.o
 .ARM.attributes
                0x00000160       0x2e ./firmware/at32f423_dac.o
 .ARM.attributes
                0x0000018e       0x2e ./firmware/at32f423_dma.o
 .ARM.attributes
                0x000001bc       0x2e ./firmware/at32f423_gpio.o
 .ARM.attributes
                0x000001ea       0x2e ./firmware/at32f423_misc.o
 .ARM.attributes
                0x00000218       0x2e ./firmware/at32f423_tmr.o
 .ARM.attributes
                0x00000246       0x2e ./firmware/at32f423_usart.o
 .ARM.attributes
                0x00000274       0x2e ./firmware/at32f423_wdt.o
 .ARM.attributes
                0x000002a2       0x2e ./cmsis/system_at32f423.o
 .ARM.attributes
                0x000002d0       0x21 ./startup_at32f423.o
 .ARM.attributes
                0x000002f1       0x1e d:/at32ide/platform/tools/gcc-arm-none-eabi-10.3-2021.10/bin/../lib/gcc/arm-none-eabi/10.3.1/thumb/v7e-m/nofp\libgcc.a(_aeabi_uldivmod.o)
 .ARM.attributes
                0x0000030f       0x2e d:/at32ide/platform/tools/gcc-arm-none-eabi-10.3-2021.10/bin/../lib/gcc/arm-none-eabi/10.3.1/thumb/v7e-m/nofp\libgcc.a(_udivmoddi4.o)
 .ARM.attributes
                0x0000033d       0x1e d:/at32ide/platform/tools/gcc-arm-none-eabi-10.3-2021.10/bin/../lib/gcc/arm-none-eabi/10.3.1/thumb/v7e-m/nofp\libgcc.a(_dvmd_tls.o)
 .ARM.attributes
                0x0000035b       0x2e d:/at32ide/platform/tools/gcc-arm-none-eabi-10.3-2021.10/bin/../lib/gcc/arm-none-eabi/10.3.1/../../../../arm-none-eabi/lib/thumb/v7e-m/nofp\libg_nano.a(lib_a-init.o)
 .ARM.attributes
                0x00000389       0x1e d:/at32ide/platform/tools/gcc-arm-none-eabi-10.3-2021.10/bin/../lib/gcc/arm-none-eabi/10.3.1/thumb/v7e-m/nofp/crtn.o
OUTPUT(GBA_PowerControl.elf elf32-littlearm)
LOAD linker stubs
LOAD d:/at32ide/platform/tools/gcc-arm-none-eabi-10.3-2021.10/bin/../lib/gcc/arm-none-eabi/10.3.1/../../../../arm-none-eabi/lib/thumb/v7e-m/nofp\libc.a
LOAD d:/at32ide/platform/tools/gcc-arm-none-eabi-10.3-2021.10/bin/../lib/gcc/arm-none-eabi/10.3.1/../../../../arm-none-eabi/lib/thumb/v7e-m/nofp\libm.a
LOAD d:/at32ide/platform/tools/gcc-arm-none-eabi-10.3-2021.10/bin/../lib/gcc/arm-none-eabi/10.3.1/thumb/v7e-m/nofp\libgcc.a

.debug_info     0x00000000    0x196ef
 .debug_info    0x00000000      0x158 ./user/at32f423_int.o
 .debug_info    0x00000158     0x639e ./user/at32f423_wk_config.o
 .debug_info    0x000064f6     0x1b64 ./user/main.o
 .debug_info    0x0000805a      0x27d ./user/wk_system.o
 .debug_info    0x000082d7     0x22fd ./firmware/at32f423_adc.o
 .debug_info    0x0000a5d4     0x2eb1 ./firmware/at32f423_crm.o
 .debug_info    0x0000d485      0xe19 ./firmware/at32f423_dac.o
 .debug_info    0x0000e29e     0x1720 ./firmware/at32f423_dma.o
 .debug_info    0x0000f9be     0x1951 ./firmware/at32f423_gpio.o
 .debug_info    0x0001130f      0x9c6 ./firmware/at32f423_misc.o
 .debug_info    0x00011cd5     0x280c ./firmware/at32f423_tmr.o
 .debug_info    0x000144e1     0x3048 ./firmware/at32f423_usart.o
 .debug_info    0x00017529      0x417 ./firmware/at32f423_wdt.o
 .debug_info    0x00017940     0x1d8d ./cmsis/system_at32f423.o
 .debug_info    0x000196cd       0x22 ./startup_at32f423.o

.debug_abbrev   0x00000000     0x1b4c
 .debug_abbrev  0x00000000       0x78 ./user/at32f423_int.o
 .debug_abbrev  0x00000078      0x368 ./user/at32f423_wk_config.o
 .debug_abbrev  0x000003e0      0x1c3 ./user/main.o
 .debug_abbrev  0x000005a3      0x144 ./user/wk_system.o
 .debug_abbrev  0x000006e7      0x1e3 ./firmware/at32f423_adc.o
 .debug_abbrev  0x000008ca      0x261 ./firmware/at32f423_crm.o
 .debug_abbrev  0x00000b2b      0x1ed ./firmware/at32f423_dac.o
 .debug_abbrev  0x00000d18      0x22a ./firmware/at32f423_dma.o
 .debug_abbrev  0x00000f42      0x238 ./firmware/at32f423_gpio.o
 .debug_abbrev  0x0000117a      0x245 ./firmware/at32f423_misc.o
 .debug_abbrev  0x000013bf      0x1e5 ./firmware/at32f423_tmr.o
 .debug_abbrev  0x000015a4      0x269 ./firmware/at32f423_usart.o
 .debug_abbrev  0x0000180d      0x179 ./firmware/at32f423_wdt.o
 .debug_abbrev  0x00001986      0x1b4 ./cmsis/system_at32f423.o
 .debug_abbrev  0x00001b3a       0x12 ./startup_at32f423.o

.debug_aranges  0x00000000      0xb08
 .debug_aranges
                0x00000000       0x80 ./user/at32f423_int.o
 .debug_aranges
                0x00000080       0xa0 ./user/at32f423_wk_config.o
 .debug_aranges
                0x00000120       0x28 ./user/main.o
 .debug_aranges
                0x00000148       0x40 ./user/wk_system.o
 .debug_aranges
                0x00000188      0x180 ./firmware/at32f423_adc.o
 .debug_aranges
                0x00000308      0x158 ./firmware/at32f423_crm.o
 .debug_aranges
                0x00000460       0xa8 ./firmware/at32f423_dac.o
 .debug_aranges
                0x00000508       0xe0 ./firmware/at32f423_dma.o
 .debug_aranges
                0x000005e8       0x90 ./firmware/at32f423_gpio.o
 .debug_aranges
                0x00000678       0x88 ./firmware/at32f423_misc.o
 .debug_aranges
                0x00000700      0x1f0 ./firmware/at32f423_tmr.o
 .debug_aranges
                0x000008f0      0x170 ./firmware/at32f423_usart.o
 .debug_aranges
                0x00000a60       0x50 ./firmware/at32f423_wdt.o
 .debug_aranges
                0x00000ab0       0x30 ./cmsis/system_at32f423.o
 .debug_aranges
                0x00000ae0       0x28 ./startup_at32f423.o

.debug_ranges   0x00000000      0xa20
 .debug_ranges  0x00000000       0x70 ./user/at32f423_int.o
 .debug_ranges  0x00000070       0x90 ./user/at32f423_wk_config.o
 .debug_ranges  0x00000100       0x18 ./user/main.o
 .debug_ranges  0x00000118       0x30 ./user/wk_system.o
 .debug_ranges  0x00000148      0x170 ./firmware/at32f423_adc.o
 .debug_ranges  0x000002b8      0x148 ./firmware/at32f423_crm.o
 .debug_ranges  0x00000400       0x98 ./firmware/at32f423_dac.o
 .debug_ranges  0x00000498       0xd0 ./firmware/at32f423_dma.o
 .debug_ranges  0x00000568       0x80 ./firmware/at32f423_gpio.o
 .debug_ranges  0x000005e8       0x78 ./firmware/at32f423_misc.o
 .debug_ranges  0x00000660      0x1e0 ./firmware/at32f423_tmr.o
 .debug_ranges  0x00000840      0x160 ./firmware/at32f423_usart.o
 .debug_ranges  0x000009a0       0x40 ./firmware/at32f423_wdt.o
 .debug_ranges  0x000009e0       0x20 ./cmsis/system_at32f423.o
 .debug_ranges  0x00000a00       0x20 ./startup_at32f423.o

.debug_line     0x00000000     0x509e
 .debug_line    0x00000000      0x174 ./user/at32f423_int.o
 .debug_line    0x00000174      0x662 ./user/at32f423_wk_config.o
 .debug_line    0x000007d6      0x235 ./user/main.o
 .debug_line    0x00000a0b      0x266 ./user/wk_system.o
 .debug_line    0x00000c71      0x92a ./firmware/at32f423_adc.o
 .debug_line    0x0000159b      0xbe9 ./firmware/at32f423_crm.o
 .debug_line    0x00002184      0x570 ./firmware/at32f423_dac.o
 .debug_line    0x000026f4      0x62a ./firmware/at32f423_dma.o
 .debug_line    0x00002d1e      0x483 ./firmware/at32f423_gpio.o
 .debug_line    0x000031a1      0x457 ./firmware/at32f423_misc.o
 .debug_line    0x000035f8      0xc36 ./firmware/at32f423_tmr.o
 .debug_line    0x0000422e      0x82f ./firmware/at32f423_usart.o
 .debug_line    0x00004a5d      0x270 ./firmware/at32f423_wdt.o
 .debug_line    0x00004ccd      0x360 ./cmsis/system_at32f423.o
 .debug_line    0x0000502d       0x71 ./startup_at32f423.o

.debug_str      0x00000000     0xa0d6
 .debug_str     0x00000000      0x237 ./user/at32f423_int.o
                                0x26b (size before relaxing)
 .debug_str     0x00000237     0x3c2d ./user/at32f423_wk_config.o
                               0x3ea0 (size before relaxing)
 .debug_str     0x00003e64       0x58 ./user/main.o
                                0x871 (size before relaxing)
 .debug_str     0x00003ebc      0x14b ./user/wk_system.o
                                0x437 (size before relaxing)
 .debug_str     0x00004007     0x108f ./firmware/at32f423_adc.o
                               0x1c42 (size before relaxing)
 .debug_str     0x00005096     0x1c38 ./firmware/at32f423_crm.o
                               0x299e (size before relaxing)
 .debug_str     0x00006cce      0x771 ./firmware/at32f423_dac.o
                                0xd85 (size before relaxing)
 .debug_str     0x0000743f      0x9c3 ./firmware/at32f423_dma.o
                               0x1957 (size before relaxing)
 .debug_str     0x00007e02      0x1dd ./firmware/at32f423_gpio.o
                                0xfde (size before relaxing)
 .debug_str     0x00007fdf      0x218 ./firmware/at32f423_misc.o
                                0xaac (size before relaxing)
 .debug_str     0x000081f7     0x145d ./firmware/at32f423_tmr.o
                               0x20ba (size before relaxing)
 .debug_str     0x00009654      0x858 ./firmware/at32f423_usart.o
                               0x1b20 (size before relaxing)
 .debug_str     0x00009eac      0x168 ./firmware/at32f423_wdt.o
                                0x38a (size before relaxing)
 .debug_str     0x0000a014       0x9e ./cmsis/system_at32f423.o
                                0xde0 (size before relaxing)
 .debug_str     0x0000a0b2       0x24 ./startup_at32f423.o
                                 0x5c (size before relaxing)

.comment        0x00000000       0x49
 .comment       0x00000000       0x49 ./user/at32f423_int.o
                                 0x4a (size before relaxing)
 .comment       0x00000049       0x4a ./user/at32f423_wk_config.o
 .comment       0x00000049       0x4a ./user/main.o
 .comment       0x00000049       0x4a ./user/wk_system.o
 .comment       0x00000049       0x4a ./firmware/at32f423_adc.o
 .comment       0x00000049       0x4a ./firmware/at32f423_crm.o
 .comment       0x00000049       0x4a ./firmware/at32f423_dac.o
 .comment       0x00000049       0x4a ./firmware/at32f423_dma.o
 .comment       0x00000049       0x4a ./firmware/at32f423_gpio.o
 .comment       0x00000049       0x4a ./firmware/at32f423_misc.o
 .comment       0x00000049       0x4a ./firmware/at32f423_tmr.o
 .comment       0x00000049       0x4a ./firmware/at32f423_usart.o
 .comment       0x00000049       0x4a ./firmware/at32f423_wdt.o
 .comment       0x00000049       0x4a ./cmsis/system_at32f423.o

.debug_frame    0x00000000     0x2f78
 .debug_frame   0x00000000      0x18c ./user/at32f423_int.o
 .debug_frame   0x0000018c      0x24c ./user/at32f423_wk_config.o
 .debug_frame   0x000003d8       0x54 ./user/main.o
 .debug_frame   0x0000042c       0xb4 ./user/wk_system.o
 .debug_frame   0x000004e0      0x70c ./firmware/at32f423_adc.o
 .debug_frame   0x00000bec      0x62c ./firmware/at32f423_crm.o
 .debug_frame   0x00001218      0x2cc ./firmware/at32f423_dac.o
 .debug_frame   0x000014e4      0x3f8 ./firmware/at32f423_dma.o
 .debug_frame   0x000018dc      0x264 ./firmware/at32f423_gpio.o
 .debug_frame   0x00001b40      0x210 ./firmware/at32f423_misc.o
 .debug_frame   0x00001d50      0x93c ./firmware/at32f423_tmr.o
 .debug_frame   0x0000268c      0x6c4 ./firmware/at32f423_usart.o
 .debug_frame   0x00002d50      0x118 ./firmware/at32f423_wdt.o
 .debug_frame   0x00002e68       0x84 ./cmsis/system_at32f423.o
 .debug_frame   0x00002eec       0x2c d:/at32ide/platform/tools/gcc-arm-none-eabi-10.3-2021.10/bin/../lib/gcc/arm-none-eabi/10.3.1/thumb/v7e-m/nofp\libgcc.a(_aeabi_uldivmod.o)
 .debug_frame   0x00002f18       0x34 d:/at32ide/platform/tools/gcc-arm-none-eabi-10.3-2021.10/bin/../lib/gcc/arm-none-eabi/10.3.1/thumb/v7e-m/nofp\libgcc.a(_udivmoddi4.o)
 .debug_frame   0x00002f4c       0x2c d:/at32ide/platform/tools/gcc-arm-none-eabi-10.3-2021.10/bin/../lib/gcc/arm-none-eabi/10.3.1/../../../../arm-none-eabi/lib/thumb/v7e-m/nofp\libg_nano.a(lib_a-init.o)
